[GC 511K->165K(1984K), 0.0192243 secs]
[GC 659K->382K(1984K), 0.0234910 secs]
[GC 891K->689K(1984K), 0.0109564 secs]
[GC 1200K->1013K(1984K), 0.0070911 secs]
[GC 1525K->1319K(1984K), 0.0050135 secs]
[GC 1820K->1615K(2240K), 0.0057753 secs]
[Full GC 1615K->1615K(2240K), 0.0696408 secs]
[GC 2124K->1939K(3272K), 0.0046984 secs]
[GC 2451K->2264K(3272K), 0.0056773 secs]
[GC 2776K->2582K(3272K), 0.0058340 secs]
[GC 3094K->2899K(3528K), 0.0061977 secs]
[Full GC 2899K->2694K(3528K), 0.0902689 secs]
[GC 3206K->3031K(5068K), 0.0040757 secs]
[GC 3540K->3346K(5068K), 0.0038846 secs]
[GC 3855K->3661K(5068K), 0.0037941 secs]
[GC 4172K->3999K(5068K), 0.0042709 secs]
[GC 4510K->4314K(5068K), 0.0046464 secs]
[GC 4820K->4629K(5196K), 0.0039349 secs]
[Full GC 4629K->4629K(5196K), 0.0783193 secs]
[GC 5176K->4985K(8308K), 0.0343871 secs]
[GC 5557K->5343K(8308K), 0.0049305 secs]
[GC 5918K->5721K(8308K), 0.0055851 secs]
[GC 6291K->6082K(8308K), 0.0053060 secs]
[GC 6650K->6438K(8308K), 0.0050068 secs]
[GC 7013K->6816K(8308K), 0.0061340 secs]
[GC 7387K->7173K(8308K), 0.0059505 secs]
[GC 7748K->7530K(8308K), 0.0050705 secs]
[GC 8089K->7891K(8564K), 0.0058910 secs]
[Full GC 7891K->7699K(8564K), 0.1661535 secs]
[GC 8659K->8308K(13860K), 0.0085117 secs]
[GC 9253K->8896K(13860K), 0.0129042 secs]
[GC 9359K->9088K(13860K), 0.0056689 secs]
[Full GC 9088K->9087K(13860K), 0.0878459 secs]
[GC 11311K->10403K(16300K), 0.0104913 secs]
[GC 11427K->10440K(16300K), 0.0068892 secs]
[GC 11464K->10460K(16300K), 0.0063972 secs]
[GC 11484K->10478K(16300K), 0.0048425 secs]
[GC 11502K->10502K(16300K), 0.0048685 secs]
[GC 11526K->10526K(16300K), 0.0053814 secs]
[GC 11550K->10545K(16300K), 0.0055088 secs]
[GC 11569K->10563K(16300K), 0.0053823 secs]
[GC 11587K->10584K(16300K), 0.0053471 secs]
[GC 11608K->10608K(16300K), 0.0055876 secs]
[GC 11632K->10618K(16300K), 0.0048249 secs]
[GC 11642K->10637K(16300K), 0.0044821 secs]
[GC 11661K->10654K(16300K), 0.0044897 secs]
[GC 11678K->10677K(16300K), 0.0048953 secs]
[GC 11701K->10701K(16300K), 0.0047109 secs]
[GC 11725K->10720K(16300K), 0.0051308 secs]
[GC 11743K->10733K(16300K), 0.0044587 secs]
[GC 11757K->10748K(16300K), 0.0041913 secs]
[GC 11772K->10765K(16300K), 0.0043665 secs]
[GC 11789K->10778K(16300K), 0.0043053 secs]
[GC 11802K->10794K(16300K), 0.0044327 secs]
[GC 11818K->10813K(16300K), 0.0045366 secs]
[GC 11837K->10832K(16300K), 0.0044503 secs]
[GC 11856K->10847K(16300K), 0.0042827 secs]
[GC 11871K->10865K(16300K), 0.0043925 secs]
[GC 11889K->10880K(16300K), 0.0045232 secs]
[GC 11904K->10898K(16300K), 0.0044603 secs]
[GC 11922K->10916K(16300K), 0.0045140 secs]
[GC 11940K->10934K(16300K), 0.0047596 secs]
[GC 11958K->10951K(16300K), 0.0044285 secs]
[GC 11975K->10970K(16300K), 0.0045928 secs]
[GC 11994K->10992K(16300K), 0.0046573 secs]
[GC 12016K->11015K(16300K), 0.0046271 secs]
[GC 12039K->11035K(16300K), 0.0045752 secs]
[GC 12059K->11054K(16300K), 0.0044603 secs]
[GC 12078K->11074K(16300K), 0.0046439 secs]
[GC 12098K->11094K(16300K), 0.0044654 secs]
[GC 12118K->11113K(16300K), 0.0043497 secs]
[GC 12137K->11133K(16300K), 0.0045240 secs]
[GC 12157K->11152K(16300K), 0.0044444 secs]
[GC 12176K->11171K(16300K), 0.0045433 secs]
[GC 12195K->11190K(16300K), 0.0045743 secs]
[GC 12214K->11209K(16300K), 0.0045023 secs]
[GC 12233K->11227K(16300K), 0.0044863 secs]
[GC 12251K->11246K(16300K), 0.0043472 secs]
[GC 12270K->11264K(16300K), 0.0044570 secs]
[GC 12288K->11282K(16300K), 0.0044930 secs]
[GC 12306K->11300K(16300K), 0.0044830 secs]
[GC 12324K->11318K(16300K), 0.0045299 secs]
[GC 12342K->11336K(16300K), 0.0044562 secs]
[GC 12360K->11355K(16300K), 0.0044763 secs]
[GC 12379K->11373K(16300K), 0.0045768 secs]
[GC 12397K->11392K(16300K), 0.0044955 secs]
[GC 12416K->11410K(16300K), 0.0044503 secs]
[GC 12434K->11429K(16300K), 0.0045509 secs]
[GC 12453K->11447K(16300K), 0.0045282 secs]
[GC 12471K->11465K(16300K), 0.0044955 secs]
[GC 12489K->11483K(16300K), 0.0043045 secs]
[GC 12507K->11500K(16300K), 0.0045785 secs]
[GC 12524K->11518K(16300K), 0.0044779 secs]
[GC 12542K->11536K(16300K), 0.0043279 secs]
[GC 12560K->11554K(16300K), 0.0045307 secs]
[GC 12578K->11570K(16300K), 0.0042726 secs]
[GC 12594K->11591K(16300K), 0.0045676 secs]
[GC 12615K->11616K(16300K), 0.0047671 secs]
[GC 12640K->11635K(16300K), 0.0045408 secs]
[GC 12659K->11654K(16300K), 0.0043212 secs]
[GC 12678K->11673K(16300K), 0.0044612 secs]
[GC 12697K->11702K(16300K), 0.0046791 secs]
[GC 12726K->11721K(16300K), 0.0044914 secs]
[GC 12745K->11742K(16300K), 0.0045165 secs]
[GC 12766K->11761K(16300K), 0.0044629 secs]
[GC 12785K->11781K(16300K), 0.0044847 secs]
[GC 12805K->11801K(16300K), 0.0044930 secs]
[GC 12825K->11820K(16300K), 0.0045626 secs]
[GC 12844K->11840K(16300K), 0.0045802 secs]
[GC 12864K->11860K(16300K), 0.0045693 secs]
[GC 12884K->11879K(16300K), 0.0045157 secs]
[GC 12903K->11898K(16300K), 0.0045383 secs]
[GC 12922K->11917K(16300K), 0.0045601 secs]
[GC 12941K->11936K(16300K), 0.0046037 secs]
[GC 12960K->11956K(16300K), 0.0086198 secs]
[GC 12980K->11975K(16300K), 0.0045500 secs]
[GC 12999K->11993K(16300K), 0.0045190 secs]
[GC 13017K->12012K(16300K), 0.0044989 secs]
[GC 13036K->12031K(16300K), 0.0045098 secs]
[GC 13055K->12051K(16300K), 0.0046120 secs]
[GC 13075K->12070K(16300K), 0.0045383 secs]
[GC 13094K->12088K(16300K), 0.0045618 secs]
[GC 13112K->12107K(16300K), 0.0044687 secs]
[GC 13131K->12125K(16300K), 0.0044017 secs]
[GC 13149K->12144K(16300K), 0.0044738 secs]
[GC 13168K->12163K(16300K), 0.0044981 secs]
[GC 13187K->12175K(16300K), 0.0043355 secs]
[GC 13199K->12194K(16300K), 0.0046674 secs]
[GC 13218K->12212K(16300K), 0.0046020 secs]
[GC 13236K->12230K(16300K), 0.0044293 secs]
[GC 13254K->12247K(16300K), 0.0044411 secs]
[GC 13271K->12266K(16300K), 0.0043715 secs]
[GC 13290K->12281K(16300K), 0.0043388 secs]
[GC 13305K->12301K(16300K), 0.0043447 secs]
[GC 13325K->12318K(16300K), 0.0044629 secs]
[GC 13342K->12337K(16300K), 0.0045467 secs]
[GC 13361K->12355K(16300K), 0.0045123 secs]
[GC 13379K->12373K(16300K), 0.0043732 secs]
[GC 13397K->12390K(16300K), 0.0046900 secs]
[GC 13414K->12408K(16300K), 0.0043380 secs]
[GC 13432K->12422K(16300K), 0.0041746 secs]
[GC 13446K->12437K(16300K), 0.0046028 secs]
[GC 13461K->12454K(16300K), 0.0044117 secs]
[GC 13478K->12473K(16300K), 0.0043824 secs]
[GC 13497K->12491K(16300K), 0.0044444 secs]
[GC 13515K->12508K(16300K), 0.0047042 secs]
[GC 13532K->12523K(16300K), 0.0043916 secs]
[GC 13547K->12538K(16300K), 0.0044335 secs]
[GC 13562K->12556K(16300K), 0.0044184 secs]
[GC 13580K->12575K(16300K), 0.0044930 secs]
[GC 13599K->12588K(16300K), 0.0042215 secs]
[GC 13612K->12605K(16300K), 0.0045659 secs]
[GC 13629K->12623K(16300K), 0.0044394 secs]
[GC 13647K->12636K(16300K), 0.0044838 secs]
[GC 13660K->12652K(16300K), 0.0045115 secs]
[GC 13676K->12670K(16300K), 0.0045224 secs]
[GC 13694K->12688K(16300K), 0.0044805 secs]
[GC 13712K->12702K(16300K), 0.0044000 secs]
[GC 13726K->12719K(16300K), 0.0045358 secs]
[GC 13743K->12738K(16300K), 0.0043497 secs]
[GC 13762K->12757K(16300K), 0.0045609 secs]
[GC 13781K->12770K(16300K), 0.0044109 secs]
[GC 13794K->12788K(16300K), 0.0044034 secs]
[GC 13812K->12806K(16300K), 0.0045006 secs]
[GC 13830K->12825K(16300K), 0.0046112 secs]
[GC 13849K->12838K(16300K), 0.0044109 secs]
[GC 13862K->12856K(16300K), 0.0044754 secs]
[GC 13880K->12875K(16300K), 0.0045341 secs]
[GC 13899K->12888K(16300K), 0.0044687 secs]
[GC 13912K->12906K(16300K), 0.0044779 secs]
[GC 13930K->12925K(16300K), 0.0045375 secs]
[GC 13949K->12940K(16300K), 0.0044402 secs]
[GC 13964K->12955K(16300K), 0.0043070 secs]
[GC 13979K->12972K(16300K), 0.0045039 secs]
[GC 13996K->12989K(16300K), 0.0043723 secs]
[GC 14013K->13003K(16300K), 0.0042701 secs]
[GC 14027K->13018K(16300K), 0.0043941 secs]
[GC 14042K->13036K(16300K), 0.0045358 secs]
[GC 14060K->13050K(16300K), 0.0043673 secs]
[GC 14074K->13065K(16300K), 0.0044436 secs]
[GC 14089K->13083K(16300K), 0.0045014 secs]
[GC 14107K->13101K(16300K), 0.0045643 secs]
[GC 14125K->13120K(16300K), 0.0043564 secs]
[GC 14144K->13139K(16300K), 0.0045215 secs]
[GC 14163K->13154K(16300K), 0.0044344 secs]
[GC 14178K->13171K(16300K), 0.0044930 secs]
[GC 14195K->13188K(16300K), 0.0045450 secs]
[GC 14212K->13206K(16300K), 0.0045676 secs]
[GC 14230K->13225K(16300K), 0.0044914 secs]
[GC 14249K->13244K(16300K), 0.0047193 secs]
[GC 14268K->13257K(16300K), 0.0043640 secs]
[GC 14281K->13275K(16300K), 0.0044830 secs]
[GC 14299K->13294K(16300K), 0.0046087 secs]
[GC 14318K->13313K(16300K), 0.0045676 secs]
[GC 14337K->13326K(16300K), 0.0044059 secs]
[GC 14350K->13344K(16300K), 0.0044914 secs]
[GC 14368K->13357K(16300K), 0.0043967 secs]
[GC 14381K->13372K(16300K), 0.0044260 secs]
[GC 14396K->13391K(16300K), 0.0044897 secs]
[GC 14415K->13404K(16300K), 0.0043682 secs]
[GC 14428K->13421K(16300K), 0.0045375 secs]
[GC 14445K->13434K(16300K), 0.0044327 secs]
[GC 14458K->13451K(16300K), 0.0045106 secs]
[GC 14475K->13465K(16300K), 0.0042810 secs]
[GC 14489K->13481K(16300K), 0.0043858 secs]
[GC 14505K->13495K(16300K), 0.0043682 secs]
[GC 14519K->13510K(16300K), 0.0044671 secs]
[GC 14534K->13524K(16300K), 0.0044712 secs]
[GC 14548K->13538K(16300K), 0.0044075 secs]
[GC 14562K->13557K(16300K), 0.0045903 secs]
[GC 14581K->13570K(16300K), 0.0044369 secs]
[GC 14594K->13587K(16300K), 0.0043388 secs]
[GC 14611K->13600K(16300K), 0.0044285 secs]
[GC 14624K->13618K(16300K), 0.0045768 secs]
[GC 14642K->13631K(16300K), 0.0043506 secs]
[GC 14655K->13647K(16300K), 0.0045483 secs]
[GC 14671K->13660K(16300K), 0.0044084 secs]
[GC 14684K->13675K(16300K), 0.0044377 secs]
[GC 14699K->13694K(16300K), 0.0052951 secs]
[GC 14718K->13707K(16300K), 0.0043539 secs]
[GC 14731K->13724K(16300K), 0.0048643 secs]
[GC 14748K->13736K(16300K), 0.0041896 secs]
[GC 14760K->13748K(16300K), 0.0043506 secs]
[GC 14772K->13764K(16300K), 0.0044981 secs]
[GC 14788K->13777K(16300K), 0.0044201 secs]
[GC 14801K->13793K(16300K), 0.0045131 secs]
[GC 14817K->13807K(16300K), 0.0044293 secs]
[GC 14831K->13822K(16300K), 0.0044327 secs]
[GC 14846K->13834K(16300K), 0.0043321 secs]
[GC 14858K->13851K(16300K), 0.0045106 secs]
[GC 14875K->13864K(16300K), 0.0045777 secs]
[GC 14888K->13882K(16300K), 0.0045299 secs]
[GC 14906K->13895K(16300K), 0.0043522 secs]
[GC 14919K->13908K(16300K), 0.0044159 secs]
[GC 14932K->13922K(16300K), 0.0044310 secs]
[GC 14946K->13937K(16300K), 0.0044000 secs]
[GC 14961K->13952K(16300K), 0.0045316 secs]
[GC 14976K->13965K(16300K), 0.0043950 secs]
[GC 14989K->13981K(16300K), 0.0045391 secs]
[GC 15005K->13995K(16300K), 0.0045383 secs]
[GC 15019K->14011K(16300K), 0.0044536 secs]
[GC 15035K->14023K(16300K), 0.0043489 secs]
[GC 15047K->14035K(16300K), 0.0044092 secs]
[GC 15059K->14052K(16300K), 0.0085855 secs]
[GC 15076K->14065K(16300K), 0.0043916 secs]
[GC 15089K->14083K(16300K), 0.0045316 secs]
[GC 15107K->14095K(16300K), 0.0043263 secs]
[GC 15119K->14114K(16300K), 0.0045576 secs]
[GC 15138K->14126K(16300K), 0.0043690 secs]
[GC 15150K->14144K(16300K), 0.0044302 secs]
[GC 15168K->14157K(16300K), 0.0043346 secs]
[GC 15181K->14175K(16300K), 0.0042969 secs]
[GC 15199K->14193K(16300K), 0.0086098 secs]
[GC 15217K->14205K(16300K), 0.0042575 secs]
[GC 15229K->14222K(16300K), 0.0044788 secs]
[GC 15246K->14240K(16300K), 0.0044536 secs]
[GC 15264K->14254K(16300K), 0.0044084 secs]
[GC 15278K->14269K(16300K), 0.0044813 secs]
[GC 15293K->14287K(16300K), 0.0045492 secs]
[GC 15311K->14301K(16300K), 0.0043933 secs]
[GC 15325K->14317K(16300K), 0.0044671 secs]
[GC 15341K->14336K(16300K), 0.0045458 secs]
[GC 15360K->14349K(16300K), 0.0044092 secs]
[GC 15373K->14366K(16300K), 0.0045869 secs]
[GC 15390K->14386K(16300K), 0.0045442 secs]
[GC 15410K->14407K(16300K), 0.0046799 secs]
[GC 15431K->14426K(16300K), 0.0045961 secs]
[GC 15450K->14446K(16300K), 0.0046447 secs]
[GC 15470K->14465K(16300K), 0.0045718 secs]
[GC 15489K->14488K(16300K), 0.0046707 secs]
[GC 15512K->14511K(16300K), 0.0047101 secs]
[GC 15535K->14531K(16300K), 0.0045852 secs]
[GC 15555K->14551K(16300K), 0.0044503 secs]
[GC 15575K->14573K(16300K), 0.0046841 secs]
[GC 15597K->14596K(16300K), 0.0047646 secs]
[GC 15620K->14616K(16300K), 0.0045668 secs]
[GC 15640K->14635K(16300K), 0.0045039 secs]
[GC 15659K->14658K(16300K), 0.0046774 secs]
[GC 15682K->14682K(16300K), 0.0047587 secs]
[GC 15706K->14702K(16300K), 0.0045735 secs]
[GC 15726K->14721K(16300K), 0.0045953 secs]
[GC 15745K->14739K(16300K), 0.0045760 secs]
[GC 15763K->14763K(16300K), 0.0045911 secs]
[GC 15787K->14786K(16300K), 0.0046615 secs]
[GC 15810K->14805K(16300K), 0.0044545 secs]
[GC 15829K->14824K(16300K), 0.0045207 secs]
[GC 15848K->14844K(16300K), 0.0045291 secs]
[GC 15868K->14863K(16300K), 0.0045911 secs]
[GC 15887K->14881K(16300K), 0.0046715 secs]
[GC 15905K->14904K(16300K), 0.0045995 secs]
[GC 15928K->14928K(16300K), 0.0048777 secs]
[GC 15952K->14947K(16300K), 0.0046011 secs]
[GC 15971K->14970K(16300K), 0.0046246 secs]
[GC 15994K->14994K(16300K), 0.0047344 secs]
[GC 16018K->15014K(16300K), 0.0045944 secs]
[GC 16038K->15034K(16300K), 0.0045844 secs]
[GC 16058K->15054K(16300K), 0.0045701 secs]
[GC 16078K->15072K(16300K), 0.0046120 secs]
[GC 16096K->15094K(16300K), 0.0046213 secs]
[GC 16118K->15118K(16300K), 0.0046305 secs]
[GC 16142K->15137K(16300K), 0.0045777 secs]
[GC 16161K->15157K(16300K), 0.0045517 secs]
[GC 16181K->15174K(16300K), 0.0048115 secs]
[GC 16198K->15192K(16300K), 0.0045240 secs]
[GC 16216K->15215K(16300K), 0.0046162 secs]
[GC 16239K->15238K(16300K), 0.0045584 secs]
[GC 16262K->15258K(16300K), 0.0046498 secs]
[GC 16282K->15277K(16428K), 0.0047646 secs]
[Full GC 15277K->10804K(16428K), 0.1255653 secs]
[GC 12084K->10988K(19416K), 0.0068640 secs]
[GC 12268K->11044K(19416K), 0.0054460 secs]
[GC 12324K->11097K(19416K), 0.0050629 secs]
[GC 12377K->11152K(19416K), 0.0051903 secs]
[GC 12432K->11206K(19416K), 0.0050604 secs]
[GC 12486K->11260K(19416K), 0.0050688 secs]
[GC 12540K->11318K(19416K), 0.0052180 secs]
[GC 12598K->11378K(19416K), 0.0053362 secs]
[GC 12658K->11434K(19416K), 0.0051836 secs]
[GC 12714K->11490K(19416K), 0.0052431 secs]
[GC 12770K->11545K(19416K), 0.0051928 secs]
[GC 12825K->11601K(19416K), 0.0052356 secs]
[GC 12881K->11656K(19416K), 0.0051820 secs]
[GC 12936K->11711K(19416K), 0.0051384 secs]
[GC 12991K->11765K(19416K), 0.0051224 secs]
[GC 13045K->11819K(19416K), 0.0050847 secs]
[GC 13099K->11872K(19416K), 0.0050780 secs]
[GC 13152K->11926K(19416K), 0.0049372 secs]
[GC 13206K->11984K(19416K), 0.0054409 secs]
[GC 13264K->12043K(19416K), 0.0052574 secs]
[GC 13323K->12099K(19416K), 0.0051644 secs]
[GC 13379K->12155K(19416K), 0.0051317 secs]
[GC 13435K->12211K(19416K), 0.0051426 secs]
[GC 13491K->12267K(19416K), 0.0051719 secs]
[GC 13547K->12323K(19416K), 0.0050403 secs]
[GC 13603K->12378K(19416K), 0.0051342 secs]
[GC 13658K->12433K(19416K), 0.0053102 secs]
[GC 13713K->12488K(19416K), 0.0052239 secs]
[GC 13768K->12543K(19416K), 0.0050638 secs]
[GC 13823K->12597K(19416K), 0.0050889 secs]
[GC 13877K->12651K(19416K), 0.0051141 secs]
[GC 13931K->12705K(19416K), 0.0051333 secs]
[GC 13985K->12759K(19416K), 0.0051786 secs]
[GC 14039K->12813K(19416K), 0.0051677 secs]
[GC 14093K->12866K(19416K), 0.0051258 secs]
[GC 14146K->12920K(19416K), 0.0051325 secs]
[GC 14200K->12973K(19416K), 0.0049884 secs]
[GC 14253K->13030K(19416K), 0.0051979 secs]
[GC 14310K->13090K(19416K), 0.0053772 secs]
[GC 14370K->13147K(19416K), 0.0052984 secs]
[GC 14427K->13202K(19416K), 0.0052733 secs]
[GC 14482K->13258K(19416K), 0.0051954 secs]
[GC 14538K->13314K(19416K), 0.0052314 secs]
[GC 14594K->13370K(19416K), 0.0051769 secs]
[GC 14650K->13425K(19416K), 0.0051744 secs]
[GC 14705K->13480K(19416K), 0.0051711 secs]
[GC 14760K->13535K(19416K), 0.0052624 secs]
[GC 14815K->13590K(19416K), 0.0051400 secs]
[GC 14870K->13645K(19416K), 0.0051459 secs]
[GC 14924K->13699K(19416K), 0.0051141 secs]
[GC 14979K->13757K(19416K), 0.0052565 secs]
[GC 15037K->13816K(19416K), 0.0052926 secs]
[GC 15096K->13872K(19416K), 0.0053060 secs]
[GC 15152K->13929K(19416K), 0.0051711 secs]
[GC 15208K->13984K(19416K), 0.0052130 secs]
[GC 15264K->14040K(19416K), 0.0054074 secs]
[GC 15320K->14095K(19416K), 0.0051845 secs]
[GC 15375K->14150K(19416K), 0.0052088 secs]
[GC 15430K->14204K(19416K), 0.0053806 secs]
[GC 15484K->14258K(19416K), 0.0051233 secs]
[GC 15538K->14312K(19416K), 0.0051359 secs]
[GC 15592K->14370K(19416K), 0.0052691 secs]
[GC 15650K->14430K(19416K), 0.0095216 secs]
[GC 15710K->14486K(19416K), 0.0053186 secs]
[GC 15766K->14542K(19416K), 0.0053228 secs]
[GC 15822K->14598K(19416K), 0.0051828 secs]
[GC 15878K->14653K(19416K), 0.0051979 secs]
[GC 15933K->14709K(19416K), 0.0052431 secs]
[GC 15989K->14764K(19416K), 0.0052842 secs]
[GC 16044K->14820K(19416K), 0.0052272 secs]
[GC 16100K->14876K(19416K), 0.0053621 secs]
[GC 16156K->14931K(19416K), 0.0050655 secs]
[GC 16211K->14985K(19416K), 0.0051409 secs]
[GC 16265K->15040K(19416K), 0.0051618 secs]
[GC 16320K->15095K(19416K), 0.0052507 secs]
[GC 16375K->15154K(19416K), 0.0053789 secs]
[GC 16434K->15213K(19416K), 0.0053697 secs]
[GC 16493K->15270K(19416K), 0.0054384 secs]
[GC 16550K->15325K(19416K), 0.0054870 secs]
[GC 16605K->15380K(19416K), 0.0054602 secs]
[GC 16660K->15434K(19416K), 0.0054267 secs]
[GC 16714K->15493K(19416K), 0.0055180 secs]
[GC 16773K->15553K(19416K), 0.0056563 secs]
[GC 16833K->15609K(19416K), 0.0055071 secs]
[GC 16889K->15664K(19416K), 0.0054669 secs]
[GC 16944K->15719K(19416K), 0.0053060 secs]
[GC 16999K->15774K(19416K), 0.0053621 secs]
[GC 17054K->15829K(19416K), 0.0055524 secs]
[GC 17109K->15884K(19416K), 0.0054795 secs]
[GC 17164K->15938K(19416K), 0.0053923 secs]
[GC 17218K->15992K(19416K), 0.0055407 secs]
[GC 17272K->16050K(19416K), 0.0055809 secs]
[GC 17330K->16109K(19416K), 0.0057116 secs]
[GC 17389K->16166K(19416K), 0.0056362 secs]
[GC 17446K->16222K(19416K), 0.0054979 secs]
[GC 17502K->16278K(19416K), 0.0055926 secs]
[GC 17558K->16333K(19416K), 0.0055474 secs]
[GC 17613K->16390K(19416K), 0.0055490 secs]
[GC 17670K->16445K(19416K), 0.0055490 secs]
[GC 17725K->16501K(19416K), 0.0055516 secs]
[GC 17781K->16556K(19416K), 0.0055968 secs]
[GC 17836K->16612K(19416K), 0.0055423 secs]
[GC 17892K->16667K(19416K), 0.0055130 secs]
[GC 17947K->16721K(19416K), 0.0055809 secs]
[GC 18001K->16775K(19416K), 0.0056211 secs]
[GC 18055K->16830K(19416K), 0.0056102 secs]
[GC 18110K->16884K(19416K), 0.0055951 secs]
[GC 18164K->16938K(19416K), 0.0055675 secs]
[GC 18218K->16993K(19416K), 0.0054962 secs]
[GC 18273K->17047K(19416K), 0.0055122 secs]
[GC 18327K->17100K(19416K), 0.0055314 secs]
[GC 18380K->17154K(19416K), 0.0053848 secs]
[GC 18434K->17208K(19416K), 0.0054166 secs]
[GC 18488K->17265K(19416K), 0.0056605 secs]
[GC 18545K->17326K(19416K), 0.0057493 secs]
[GC 18606K->17382K(19416K), 0.0055725 secs]
[GC 18662K->17438K(19416K), 0.0054543 secs]
[GC 18718K->17493K(19416K), 0.0054401 secs]
[GC 18773K->17547K(19416K), 0.0055155 secs]
[GC 18827K->17603K(19416K), 0.0055775 secs]
[GC 18883K->17658K(19416K), 0.0056613 secs]
[GC 18938K->17713K(19416K), 0.0054937 secs]
[GC 18993K->17768K(19416K), 0.0058139 secs]
[GC 19048K->17822K(19416K), 0.0054619 secs]
[GC 19102K->17876K(19416K), 0.0055516 secs]
[GC 19156K->17930K(19416K), 0.0055105 secs]
[GC 19210K->17988K(19416K), 0.0057175 secs]
[GC 19268K->18048K(19416K), 0.0056915 secs]
[GC 19328K->18104K(19416K), 0.0056044 secs]
[GC 19384K->18160K(19544K), 0.0056479 secs]
[Full GC 18160K->10916K(19544K), 0.1319558 secs]
[GC 12196K->11099K(19544K), 0.0059077 secs]
[GC 12379K->11156K(19544K), 0.0052498 secs]
[GC 12436K->11211K(19544K), 0.0051660 secs]
[GC 12491K->11266K(19544K), 0.0051057 secs]
[GC 12546K->11320K(19544K), 0.0051476 secs]
[GC 12600K->11375K(19544K), 0.0050168 secs]
[GC 12655K->11429K(19544K), 0.0051174 secs]
[GC 12709K->11483K(19544K), 0.0051836 secs]
[GC 12763K->11540K(19544K), 0.0052616 secs]
[GC 12820K->11600K(19544K), 0.0053026 secs]
[GC 12880K->11656K(19544K), 0.0051803 secs]
[GC 12936K->11712K(19544K), 0.0051644 secs]
[GC 12992K->11768K(19544K), 0.0050261 secs]
[GC 13048K->11823K(19544K), 0.0050981 secs]
[GC 13103K->11879K(19544K), 0.0052465 secs]
[GC 13159K->11934K(19544K), 0.0050018 secs]
[GC 13214K->11988K(19544K), 0.0052197 secs]
[GC 13268K->12043K(19544K), 0.0053982 secs]
[GC 13323K->12096K(19544K), 0.0049892 secs]
[GC 13376K->12149K(19544K), 0.0049532 secs]
[GC 13429K->12203K(19544K), 0.0051183 secs]
[GC 13483K->12260K(19544K), 0.0050470 secs]
[GC 13540K->12320K(19544K), 0.0053010 secs]
[GC 13600K->12376K(19544K), 0.0052054 secs]
[GC 13656K->12432K(19544K), 0.0052959 secs]
[GC 13712K->12488K(19544K), 0.0052180 secs]
[GC 13768K->12544K(19544K), 0.0050604 secs]
[GC 13824K->12599K(19544K), 0.0050722 secs]
[GC 13879K->12655K(19544K), 0.0051828 secs]
[GC 13935K->12711K(19544K), 0.0092819 secs]
[GC 13991K->12766K(19544K), 0.0050831 secs]
[GC 14046K->12821K(19544K), 0.0052817 secs]
[GC 14101K->12876K(19544K), 0.0052565 secs]
[GC 14156K->12931K(19544K), 0.0051719 secs]
[GC 14211K->12986K(19544K), 0.0051149 secs]
[GC 14266K->13040K(19544K), 0.0051912 secs]
[GC 14320K->13094K(19544K), 0.0051853 secs]
[GC 14374K->13151K(19544K), 0.0052951 secs]
[GC 14431K->13209K(19544K), 0.0052607 secs]
[GC 14489K->13266K(19544K), 0.0052348 secs]
[GC 14546K->13322K(19544K), 0.0051417 secs]
[GC 14602K->13378K(19544K), 0.0051778 secs]
[GC 14658K->13434K(19544K), 0.0052029 secs]
[GC 14714K->13489K(19544K), 0.0052524 secs]
[GC 14769K->13544K(19544K), 0.0052632 secs]
[GC 14824K->13598K(19544K), 0.0053688 secs]
[GC 14878K->13653K(19544K), 0.0053077 secs]
[GC 14933K->13708K(19544K), 0.0051283 secs]
[GC 14988K->13762K(19544K), 0.0053831 secs]
[GC 15042K->13816K(19544K), 0.0050998 secs]
[GC 15096K->13874K(19544K), 0.0052046 secs]
[GC 15154K->13934K(19544K), 0.0054610 secs]
[GC 15214K->13990K(19544K), 0.0052431 secs]
[GC 15270K->14046K(19544K), 0.0051501 secs]
[GC 15326K->14102K(19544K), 0.0052348 secs]
[GC 15382K->14157K(19544K), 0.0052180 secs]
[GC 15437K->14213K(19544K), 0.0052373 secs]
[GC 15493K->14267K(19544K), 0.0052172 secs]
[GC 15547K->14322K(19544K), 0.0051535 secs]
[GC 15602K->14375K(19544K), 0.0051937 secs]
[GC 15655K->14429K(19544K), 0.0052532 secs]
[GC 15709K->14484K(19544K), 0.0051954 secs]
[GC 15764K->14541K(19544K), 0.0052205 secs]
[GC 15821K->14599K(19544K), 0.0053236 secs]
[GC 15879K->14654K(19544K), 0.0051602 secs]
[GC 15934K->14711K(19544K), 0.0053487 secs]
[GC 15991K->14767K(19544K), 0.0052373 secs]
[GC 16047K->14823K(19544K), 0.0052155 secs]
[GC 16103K->14878K(19544K), 0.0052188 secs]
[GC 16158K->14934K(19544K), 0.0053630 secs]
[GC 16214K->14990K(19544K), 0.0051669 secs]
[GC 16270K->15044K(19544K), 0.0050906 secs]
[GC 16324K->15099K(19544K), 0.0052498 secs]
[GC 16379K->15153K(19544K), 0.0051141 secs]
[GC 16433K->15211K(19544K), 0.0053211 secs]
[GC 16491K->15271K(19544K), 0.0054292 secs]
[GC 16551K->15327K(19544K), 0.0052750 secs]
[GC 16607K->15382K(19544K), 0.0052867 secs]
[GC 16662K->15438K(19544K), 0.0052348 secs]
[GC 16718K->15494K(19544K), 0.0052071 secs]
[GC 16774K->15550K(19544K), 0.0053244 secs]
[GC 16830K->15605K(19544K), 0.0052264 secs]
[GC 16885K->15660K(19544K), 0.0050831 secs]
[GC 16940K->15715K(19544K), 0.0051979 secs]
[GC 16995K->15770K(19544K), 0.0052607 secs]
[GC 17050K->15824K(19544K), 0.0052691 secs]
[GC 17104K->15878K(19544K), 0.0052180 secs]
[GC 17158K->15932K(19544K), 0.0051962 secs]
[GC 17212K->15985K(19544K), 0.0052339 secs]
[GC 17265K->16043K(19544K), 0.0052775 secs]
[GC 17323K->16103K(19544K), 0.0054066 secs]
[GC 17383K->16159K(19544K), 0.0052616 secs]
[GC 17439K->16215K(19544K), 0.0052389 secs]
[GC 17495K->16271K(19544K), 0.0051208 secs]
[GC 17551K->16326K(19544K), 0.0055256 secs]
[GC 17606K->16381K(19544K), 0.0052180 secs]
[GC 17661K->16436K(19544K), 0.0051928 secs]
[GC 17716K->16491K(19544K), 0.0050738 secs]
[GC 17771K->16545K(19544K), 0.0051861 secs]
[GC 17825K->16599K(19544K), 0.0051987 secs]
[GC 17879K->16653K(19544K), 0.0051820 secs]
[GC 17933K->16708K(19544K), 0.0052297 secs]
[GC 17988K->16761K(19544K), 0.0051828 secs]
[GC 18041K->16818K(19544K), 0.0052716 secs]
[GC 18098K->16876K(19544K), 0.0055666 secs]
[GC 18156K->16932K(19544K), 0.0053286 secs]
[GC 18212K->16989K(19544K), 0.0054258 secs]
[GC 18269K->17045K(19544K), 0.0053387 secs]
[GC 18325K->17100K(19544K), 0.0052565 secs]
[GC 18380K->17155K(19544K), 0.0052314 secs]
[GC 18435K->17210K(19544K), 0.0052767 secs]
[GC 18490K->17266K(19544K), 0.0052649 secs]
[GC 18546K->17320K(19544K), 0.0051409 secs]
[GC 18600K->17374K(19544K), 0.0052507 secs]
[GC 18654K->17429K(19544K), 0.0052431 secs]
[GC 18709K->17483K(19544K), 0.0051518 secs]
[GC 18763K->17541K(19544K), 0.0054527 secs]
[GC 18821K->17600K(19544K), 0.0054501 secs]
[GC 18880K->17655K(19544K), 0.0061676 secs]
[GC 18935K->17711K(19544K), 0.0053102 secs]
[GC 18991K->17768K(19544K), 0.0052540 secs]
[GC 19047K->17824K(19544K), 0.0051744 secs]
[GC 19104K->17879K(19544K), 0.0053437 secs]
[GC 19159K->17935K(19544K), 0.0052498 secs]
[GC 19215K->17991K(19544K), 0.0053471 secs]
[GC 19271K->18046K(19544K), 0.0051979 secs]
[GC 19326K->18102K(19544K), 0.0053982 secs]
[GC 19382K->18158K(19544K), 0.0051627 secs]
[GC 19438K->18213K(19544K), 0.0057167 secs]
[GC 19493K->18267K(19672K), 0.0056287 secs]
[Full GC 18267K->10034K(19672K), 0.2041989 secs]
[GC 11314K->10218K(19544K), 0.0059597 secs]
[GC 11498K->10275K(19544K), 0.0052306 secs]
[GC 11555K->10329K(19544K), 0.0051250 secs]
[GC 11609K->10383K(19544K), 0.0050889 secs]
[GC 11663K->10436K(19544K), 0.0051979 secs]
[GC 11716K->10494K(19544K), 0.0052507 secs]
[GC 11774K->10549K(19544K), 0.0051526 secs]
[GC 11829K->10608K(19544K), 0.0052348 secs]
[GC 11888K->10667K(19544K), 0.0052314 secs]
[GC 11947K->10724K(19544K), 0.0051711 secs]
[GC 12004K->10779K(19544K), 0.0051576 secs]
[GC 12059K->10835K(19544K), 0.0051828 secs]
[GC 12115K->10890K(19544K), 0.0051794 secs]
[GC 12170K->10945K(19544K), 0.0052172 secs]
[GC 12225K->11000K(19544K), 0.0051350 secs]
[GC 12280K->11054K(19544K), 0.0050294 secs]
[GC 12334K->11107K(19544K), 0.0051241 secs]
[GC 12387K->11160K(19544K), 0.0050001 secs]
[GC 12440K->11218K(19544K), 0.0052490 secs]
[GC 12498K->11277K(19544K), 0.0053932 secs]
[GC 12557K->11334K(19544K), 0.0052088 secs]
[GC 12614K->11390K(19544K), 0.0052473 secs]
[GC 12670K->11446K(19544K), 0.0051375 secs]
[GC 12726K->11502K(19544K), 0.0053269 secs]
[GC 12782K->11556K(19544K), 0.0052331 secs]
[GC 12836K->11611K(19544K), 0.0051928 secs]
[GC 12891K->11666K(19544K), 0.0051468 secs]
[GC 12946K->11720K(19544K), 0.0051199 secs]
[GC 13000K->11775K(19544K), 0.0051585 secs]
[GC 13055K->11828K(19544K), 0.0051878 secs]
[GC 13108K->11886K(19544K), 0.0054066 secs]
[GC 13166K->11944K(19544K), 0.0095157 secs]
[GC 13224K->12001K(19544K), 0.0051199 secs]
[GC 13281K->12056K(19544K), 0.0052037 secs]
[GC 13336K->12112K(19544K), 0.0051979 secs]
[GC 13392K->12167K(19544K), 0.0051727 secs]
[GC 13447K->12222K(19544K), 0.0051535 secs]
[GC 13502K->12277K(19544K), 0.0052021 secs]
[GC 13557K->12331K(19544K), 0.0051384 secs]
[GC 13611K->12385K(19544K), 0.0051459 secs]
[GC 13665K->12439K(19544K), 0.0051493 secs]
[GC 13719K->12493K(19544K), 0.0051191 secs]
[GC 13773K->12551K(19544K), 0.0053395 secs]
[GC 13831K->12610K(19544K), 0.0053445 secs]
[GC 13890K->12667K(19544K), 0.0052431 secs]
[GC 13947K->12723K(19544K), 0.0052121 secs]
[GC 14003K->12779K(19544K), 0.0052239 secs]
[GC 14059K->12835K(19544K), 0.0052348 secs]
[GC 14115K->12890K(19544K), 0.0051166 secs]
[GC 14170K->12944K(19544K), 0.0053328 secs]
[GC 14224K->12999K(19544K), 0.0052163 secs]
[GC 14279K->13054K(19544K), 0.0051275 secs]
[GC 14334K->13107K(19544K), 0.0051861 secs]
[GC 14387K->13162K(19544K), 0.0053144 secs]
[GC 14442K->13215K(19544K), 0.0051535 secs]
[GC 14495K->13269K(19544K), 0.0052389 secs]
[GC 14549K->13323K(19544K), 0.0051970 secs]
[GC 14603K->13376K(19544K), 0.0051468 secs]
[GC 14656K->13434K(19544K), 0.0053110 secs]
[GC 14714K->13494K(19544K), 0.0052959 secs]
[GC 14774K->13550K(19544K), 0.0052817 secs]
[GC 14830K->13606K(19544K), 0.0052264 secs]
[GC 14886K->13662K(19544K), 0.0052658 secs]
[GC 14942K->13718K(19544K), 0.0051811 secs]
[GC 14998K->13773K(19544K), 0.0051752 secs]
[GC 15053K->13828K(19544K), 0.0050747 secs]
[GC 15108K->13882K(19544K), 0.0052582 secs]
[GC 15162K->13938K(19544K), 0.0053705 secs]
[GC 15218K->13992K(19544K), 0.0052616 secs]
[GC 15272K->14047K(19544K), 0.0055901 secs]
[GC 15327K->14101K(19544K), 0.0051970 secs]
[GC 15381K->14156K(19544K), 0.0051853 secs]
[GC 15436K->14210K(19544K), 0.0052197 secs]
[GC 15490K->14264K(19544K), 0.0052037 secs]
[GC 15544K->14318K(19544K), 0.0057527 secs]
[GC 15598K->14372K(19544K), 0.0054133 secs]
[GC 15652K->14426K(19544K), 0.0052716 secs]
[GC 15706K->14480K(19544K), 0.0051912 secs]
[GC 15760K->14534K(19544K), 0.0051585 secs]
[GC 15814K->14587K(19544K), 0.0052557 secs]
[GC 15867K->14640K(19544K), 0.0052255 secs]
[GC 15920K->14695K(19544K), 0.0051635 secs]
[GC 15975K->14749K(19544K), 0.0052306 secs]
[GC 16029K->14804K(19544K), 0.0051040 secs]
[GC 16084K->14856K(19544K), 0.0054342 secs]
[GC 16136K->14910K(19544K), 0.0052817 secs]
[GC 16190K->14964K(19544K), 0.0051987 secs]
[GC 16244K->15022K(19544K), 0.0052884 secs]
[GC 16302K->15082K(19544K), 0.0053596 secs]
[GC 16362K->15138K(19544K), 0.0052834 secs]
[GC 16418K->15194K(19544K), 0.0053479 secs]
[GC 16474K->15249K(19544K), 0.0052700 secs]
[GC 16529K->15305K(19544K), 0.0054175 secs]
[GC 16585K->15361K(19544K), 0.0053110 secs]
[GC 16641K->15417K(19544K), 0.0052264 secs]
[GC 16697K->15473K(19544K), 0.0052448 secs]
[GC 16753K->15529K(19544K), 0.0053119 secs]
[GC 16809K->15584K(19544K), 0.0052322 secs]
[GC 16864K->15640K(19544K), 0.0053043 secs]
[GC 16920K->15695K(19544K), 0.0052440 secs]
[GC 16975K->15750K(19544K), 0.0052071 secs]
[GC 17030K->15805K(19544K), 0.0050940 secs]
[GC 17085K->15859K(19544K), 0.0052213 secs]
[GC 17139K->15914K(19544K), 0.0052524 secs]
[GC 17194K->15968K(19544K), 0.0052498 secs]
[GC 17248K->16022K(19544K), 0.0053563 secs]
[GC 17302K->16077K(19544K), 0.0052959 secs]
[GC 17357K->16131K(19544K), 0.0052306 secs]
[GC 17411K->16188K(19544K), 0.0053655 secs]
[GC 17468K->16248K(19544K), 0.0053529 secs]
[GC 17528K->16304K(19544K), 0.0058675 secs]
[GC 17584K->16356K(19544K), 0.0051761 secs]
[GC 17636K->16413K(19544K), 0.0053454 secs]
[GC 17693K->16473K(19544K), 0.0054610 secs]
[GC 17753K->16529K(19544K), 0.0053906 secs]
[GC 17809K->16585K(19544K), 0.0052884 secs]
[GC 17865K->16641K(19544K), 0.0053747 secs]
[GC 17921K->16697K(19544K), 0.0053647 secs]
[GC 17977K->16751K(19544K), 0.0052624 secs]
[GC 18031K->16806K(19544K), 0.0052364 secs]
[GC 18086K->16861K(19544K), 0.0052465 secs]
[GC 18141K->16915K(19544K), 0.0053052 secs]
[GC 18195K->16968K(19544K), 0.0053605 secs]
[GC 18248K->17023K(19544K), 0.0053353 secs]
[GC 18303K->17077K(19544K), 0.0051199 secs]
[GC 18357K->17130K(19544K), 0.0052649 secs]
[GC 18410K->17184K(19544K), 0.0053119 secs]
[GC 18464K->17235K(19544K), 0.0051769 secs]
[GC 18515K->17286K(19544K), 0.0052130 secs]
[GC 18566K->17339K(19544K), 0.0052607 secs]
[GC 18619K->17393K(19544K), 0.0052624 secs]
[GC 18673K->17451K(19544K), 0.0054753 secs]
[GC 18731K->17511K(19544K), 0.0054761 secs]
[GC 18791K->17568K(19544K), 0.0053747 secs]
[GC 18848K->17623K(19544K), 0.0054661 secs]
[GC 18903K->17678K(19544K), 0.0052247 secs]
[GC 18958K->17732K(19544K), 0.0051400 secs]
[GC 19012K->17785K(19544K), 0.0051920 secs]
[GC 19065K->17840K(19544K), 0.0057485 secs]
[GC 19120K->17894K(19544K), 0.0051820 secs]
[GC 19174K->17948K(19544K), 0.0054895 secs]
[GC 19228K->18001K(19544K), 0.0052700 secs]
[GC 19281K->18059K(19544K), 0.0053957 secs]
[GC 19339K->18119K(19544K), 0.0053144 secs]
[GC 19399K->18175K(19544K), 0.0053093 secs]
[GC 19455K->18231K(19544K), 0.0053010 secs]
[GC 19511K->18286K(19672K), 0.0054434 secs]
[Full GC 18286K->10944K(19672K), 0.1358932 secs]
[GC 12288K->11137K(19736K), 0.0066428 secs]
[GC 12481K->11203K(19736K), 0.0054116 secs]
[GC 12547K->11266K(19736K), 0.0054426 secs]
[GC 12610K->11330K(19736K), 0.0053923 secs]
[GC 12674K->11393K(19736K), 0.0053202 secs]
[GC 12737K->11456K(19736K), 0.0053420 secs]
[GC 12800K->11520K(19736K), 0.0053328 secs]
[GC 12864K->11582K(19736K), 0.0053797 secs]
[GC 12926K->11645K(19736K), 0.0053253 secs]
[GC 12989K->11709K(19736K), 0.0054812 secs]
[GC 13053K->11772K(19736K), 0.0055264 secs]
[GC 13116K->11834K(19736K), 0.0053546 secs]
[GC 13178K->11896K(19736K), 0.0054527 secs]
[GC 13240K->11963K(19736K), 0.0054493 secs]
[GC 13307K->12032K(19736K), 0.0054887 secs]
[GC 13376K->12097K(19736K), 0.0053370 secs]
[GC 13441K->12162K(19736K), 0.0054460 secs]
[GC 13506K->12227K(19736K), 0.0054652 secs]
[GC 13571K->12292K(19736K), 0.0054954 secs]
[GC 13636K->12357K(19736K), 0.0053789 secs]
[GC 13701K->12422K(19736K), 0.0054837 secs]
[GC 13766K->12486K(19736K), 0.0054979 secs]
[GC 13830K->12551K(19736K), 0.0055583 secs]
[GC 13895K->12615K(19736K), 0.0053621 secs]
[GC 13959K->12679K(19736K), 0.0054594 secs]
[GC 14023K->12743K(19736K), 0.0053831 secs]
[GC 14087K->12807K(19736K), 0.0054627 secs]
[GC 14151K->12871K(19736K), 0.0053848 secs]
[GC 14215K->12935K(19736K), 0.0054116 secs]
[GC 14279K->12999K(19736K), 0.0054619 secs]
[GC 14343K->13063K(19736K), 0.0054543 secs]
[GC 14407K->13126K(19736K), 0.0053621 secs]
[GC 14470K->13189K(19736K), 0.0053948 secs]
[GC 14533K->13252K(19736K), 0.0053957 secs]
[GC 14596K->13315K(19736K), 0.0052867 secs]
[GC 14659K->13377K(19736K), 0.0055164 secs]
[GC 14721K->13440K(19736K), 0.0095878 secs]
[GC 14784K->13502K(19736K), 0.0054057 secs]
[GC 14846K->13565K(19736K), 0.0053588 secs]
[GC 14909K->13628K(19736K), 0.0053529 secs]
[GC 14972K->13690K(19736K), 0.0054778 secs]
[GC 15034K->13757K(19736K), 0.0055105 secs]
[GC 15101K->13826K(19736K), 0.0054753 secs]
[GC 15170K->13890K(19736K), 0.0055038 secs]
[GC 15234K->13956K(19736K), 0.0054342 secs]
[GC 15300K->14016K(19736K), 0.0053898 secs]
[GC 15360K->14078K(19736K), 0.0095384 secs]
[GC 15422K->14145K(19736K), 0.0055340 secs]
[GC 15489K->14214K(19736K), 0.0055423 secs]
[GC 15558K->14279K(19736K), 0.0054845 secs]
[GC 15623K->14345K(19736K), 0.0054409 secs]
[GC 15689K->14410K(19736K), 0.0055633 secs]
[GC 15754K->14474K(19736K), 0.0054619 secs]
[GC 15818K->14539K(19736K), 0.0053630 secs]
[GC 15883K->14602K(19736K), 0.0054066 secs]
[GC 15946K->14667K(19736K), 0.0053336 secs]
[GC 16011K->14730K(19736K), 0.0053253 secs]
[GC 16074K->14793K(19736K), 0.0054568 secs]
[GC 16137K->14857K(19736K), 0.0055004 secs]
[GC 16201K->14921K(19736K), 0.0055197 secs]
[GC 16265K->14985K(19736K), 0.0053747 secs]
[GC 16328K->15048K(19736K), 0.0054912 secs]
[GC 16392K->15111K(19736K), 0.0054870 secs]
[GC 16455K->15175K(19736K), 0.0054870 secs]
[GC 16519K->15237K(19736K), 0.0055717 secs]
[GC 16581K->15300K(19736K), 0.0054074 secs]
[GC 16644K->15363K(19736K), 0.0053789 secs]
[GC 16707K->15425K(19736K), 0.0053605 secs]
[GC 16769K->15488K(19736K), 0.0054443 secs]
[GC 16832K->15550K(19736K), 0.0053387 secs]
[GC 16894K->15612K(19736K), 0.0055096 secs]
[GC 16956K->15675K(19736K), 0.0054049 secs]
[GC 17019K->15737K(19736K), 0.0054049 secs]
[GC 17081K->15799K(19736K), 0.0053999 secs]
[GC 17143K->15862K(19736K), 0.0055415 secs]
[GC 17206K->15923K(19736K), 0.0054351 secs]
[GC 17267K->15986K(19736K), 0.0054007 secs]
[GC 17330K->16050K(19736K), 0.0055331 secs]
[GC 17394K->16114K(19736K), 0.0055063 secs]
[GC 17458K->16176K(19736K), 0.0054568 secs]
[GC 17520K->16240K(19736K), 0.0055423 secs]
[GC 17584K->16302K(19736K), 0.0053420 secs]
[GC 17646K->16365K(19736K), 0.0056563 secs]
[GC 17709K->16427K(19736K), 0.0052389 secs]
[GC 17771K->16489K(19736K), 0.0053948 secs]
[GC 17833K->16556K(19736K), 0.0054853 secs]
[GC 17900K->16625K(19736K), 0.0057066 secs]
[GC 17969K->16690K(19736K), 0.0055733 secs]
[GC 18034K->16755K(19736K), 0.0055398 secs]
[GC 18099K->16821K(19736K), 0.0054568 secs]
[GC 18165K->16885K(19736K), 0.0053772 secs]
[GC 18229K->16950K(19736K), 0.0055608 secs]
[GC 18294K->17015K(19736K), 0.0055281 secs]
[GC 18359K->17080K(19736K), 0.0055809 secs]
[GC 18424K->17145K(19736K), 0.0057200 secs]
[GC 18489K->17211K(19736K), 0.0054527 secs]
[GC 18555K->17275K(19736K), 0.0056546 secs]
[GC 18619K->17340K(19736K), 0.0054946 secs]
[GC 18684K->17405K(19736K), 0.0055759 secs]
[GC 18749K->17470K(19736K), 0.0053471 secs]
[GC 18814K->17535K(19736K), 0.0055750 secs]
[GC 18879K->17600K(19736K), 0.0054552 secs]
[GC 18944K->17665K(19736K), 0.0055851 secs]
[GC 19009K->17730K(19736K), 0.0054518 secs]
[GC 19074K->17794K(19736K), 0.0055130 secs]
[GC 19138K->17858K(19736K), 0.0055365 secs]
[GC 19202K->17922K(19736K), 0.0056052 secs]
[GC 19266K->17986K(19736K), 0.0053261 secs]
[GC 19330K->18049K(19736K), 0.0054795 secs]
[GC 19393K->18113K(19736K), 0.0054853 secs]
[GC 19457K->18177K(19736K), 0.0056312 secs]
[GC 19521K->18240K(19736K), 0.0055448 secs]
[GC 19584K->18303K(19736K), 0.0056119 secs]
[GC 19647K->18365K(19736K), 0.0057611 secs]
[GC 19709K->18432K(19864K), 0.0060335 secs]
[Full GC 18432K->10083K(19864K), 0.1366089 secs]
[GC 11427K->10276K(19736K), 0.0060879 secs]
[GC 11620K->10342K(19736K), 0.0053194 secs]
[GC 11686K->10406K(19736K), 0.0053471 secs]
[GC 11750K->10472K(19736K), 0.0053823 secs]
[GC 11816K->10536K(19736K), 0.0054049 secs]
[GC 11880K->10601K(19736K), 0.0052197 secs]
[GC 11945K->10665K(19736K), 0.0053781 secs]
[GC 12009K->10730K(19736K), 0.0053512 secs]
[GC 12074K->10795K(19736K), 0.0055080 secs]
[GC 12139K->10858K(19736K), 0.0052943 secs]
[GC 12202K->10921K(19736K), 0.0052817 secs]
[GC 12265K->10985K(19736K), 0.0053303 secs]
[GC 12329K->11050K(19736K), 0.0054032 secs]
[GC 12394K->11114K(19736K), 0.0054325 secs]
[GC 12458K->11178K(19736K), 0.0055340 secs]
[GC 12522K->11242K(19736K), 0.0052440 secs]
[GC 12586K->11306K(19736K), 0.0054191 secs]
[GC 12650K->11369K(19736K), 0.0053965 secs]
[GC 12713K->11433K(19736K), 0.0053814 secs]
[GC 12777K->11497K(19736K), 0.0053697 secs]
[GC 12841K->11560K(19736K), 0.0053487 secs]
[GC 12904K->11623K(19736K), 0.0094085 secs]
[GC 12967K->11687K(19736K), 0.0053127 secs]
[GC 13030K->11749K(19736K), 0.0053571 secs]
[GC 13093K->11812K(19736K), 0.0053144 secs]
[GC 13156K->11874K(19736K), 0.0053395 secs]
[GC 13218K->11937K(19736K), 0.0053613 secs]
[GC 13281K->11999K(19736K), 0.0054242 secs]
[GC 13343K->12066K(19736K), 0.0054476 secs]
[GC 13410K->12135K(19736K), 0.0054946 secs]
[GC 13479K->12200K(19736K), 0.0054518 secs]
[GC 13544K->12265K(19736K), 0.0054476 secs]
[GC 13609K->12330K(19736K), 0.0055130 secs]
[GC 13674K->12395K(19736K), 0.0053663 secs]
[GC 13739K->12460K(19736K), 0.0053169 secs]
[GC 13804K->12524K(19736K), 0.0054493 secs]
[GC 13868K->12590K(19736K), 0.0055029 secs]
[GC 13934K->12654K(19736K), 0.0053068 secs]
[GC 13998K->12718K(19736K), 0.0054275 secs]
[GC 14062K->12783K(19736K), 0.0054770 secs]
[GC 14127K->12847K(19736K), 0.0053831 secs]
[GC 14191K->12911K(19736K), 0.0054594 secs]
[GC 14255K->12976K(19736K), 0.0053973 secs]
[GC 14320K->13040K(19736K), 0.0055876 secs]
[GC 14384K->13103K(19736K), 0.0093079 secs]
[GC 14447K->13167K(19736K), 0.0052943 secs]
[GC 14511K->13231K(19736K), 0.0053303 secs]
[GC 14575K->13294K(19736K), 0.0054786 secs]
[GC 14638K->13358K(19736K), 0.0055063 secs]
[GC 14702K->13422K(19736K), 0.0054795 secs]
[GC 14766K->13486K(19736K), 0.0054216 secs]
[GC 14830K->13551K(19736K), 0.0053437 secs]
[GC 14895K->13615K(19736K), 0.0054250 secs]
[GC 14959K->13679K(19736K), 0.0053764 secs]
[GC 15023K->13744K(19736K), 0.0054166 secs]
[GC 15088K->13808K(19736K), 0.0055340 secs]
[GC 15152K->13872K(19736K), 0.0054594 secs]
[GC 15216K->13937K(19736K), 0.0054686 secs]
[GC 15281K->14002K(19736K), 0.0054175 secs]
[GC 15346K->14066K(19736K), 0.0054317 secs]
[GC 15410K->14131K(19736K), 0.0053077 secs]
[GC 15474K->14194K(19736K), 0.0054552 secs]
[GC 15538K->14259K(19736K), 0.0054124 secs]
[GC 15603K->14323K(19736K), 0.0054460 secs]
[GC 15667K->14387K(19736K), 0.0054912 secs]
[GC 15731K->14451K(19736K), 0.0054216 secs]
[GC 15795K->14515K(19736K), 0.0052750 secs]
[GC 15859K->14579K(19736K), 0.0055574 secs]
[GC 15923K->14642K(19736K), 0.0053714 secs]
[GC 15986K->14707K(19736K), 0.0054527 secs]
[GC 16051K->14771K(19736K), 0.0054786 secs]
[GC 16115K->14835K(19736K), 0.0054694 secs]
[GC 16179K->14898K(19736K), 0.0054309 secs]
[GC 16242K->14962K(19736K), 0.0054761 secs]
[GC 16306K->15025K(19736K), 0.0053018 secs]
[GC 16369K->15089K(19736K), 0.0054812 secs]
[GC 16433K->15153K(19736K), 0.0054602 secs]
[GC 16497K->15217K(19736K), 0.0055088 secs]
[GC 16561K->15281K(19736K), 0.0055733 secs]
[GC 16625K->15344K(19736K), 0.0054191 secs]
[GC 16688K->15409K(19736K), 0.0056211 secs]
[GC 16753K->15473K(19736K), 0.0054962 secs]
[GC 16817K->15535K(19736K), 0.0052800 secs]
[GC 16879K->15598K(19736K), 0.0054191 secs]
[GC 16942K->15662K(19736K), 0.0054367 secs]
[GC 17006K->15724K(19736K), 0.0053504 secs]
[GC 17068K->15787K(19736K), 0.0053546 secs]
[GC 17131K->15850K(19736K), 0.0054141 secs]
[GC 17194K->15913K(19736K), 0.0054476 secs]
[GC 17257K->15975K(19736K), 0.0053898 secs]
[GC 17319K->16041K(19736K), 0.0055608 secs]
[GC 17385K->16113K(19736K), 0.0098820 secs]
[GC 17457K->16178K(19736K), 0.0054703 secs]
[GC 17522K->16242K(19736K), 0.0055071 secs]
[GC 17586K->16307K(19736K), 0.0055516 secs]
[GC 17651K->16371K(19736K), 0.0054242 secs]
[GC 17715K->16435K(19736K), 0.0055155 secs]
[GC 17779K->16501K(19736K), 0.0054451 secs]
[GC 17845K->16565K(19736K), 0.0055155 secs]
[GC 17909K->16630K(19736K), 0.0055306 secs]
[GC 17974K->16695K(19736K), 0.0054837 secs]
[GC 18039K->16760K(19736K), 0.0054812 secs]
[GC 18104K->16824K(19736K), 0.0054761 secs]
[GC 18168K->16889K(19736K), 0.0055390 secs]
[GC 18233K->16953K(19736K), 0.0053831 secs]
[GC 18297K->17018K(19736K), 0.0056412 secs]
[GC 18362K->17082K(19736K), 0.0055356 secs]
[GC 18426K->17146K(19736K), 0.0055055 secs]
[GC 18490K->17211K(19736K), 0.0054610 secs]
[GC 18555K->17275K(19736K), 0.0055775 secs]
[GC 18619K->17338K(19736K), 0.0055641 secs]
[GC 18682K->17402K(19736K), 0.0055021 secs]
[GC 18746K->17466K(19736K), 0.0056555 secs]
[GC 18810K->17529K(19736K), 0.0054895 secs]
[GC 18873K->17592K(19736K), 0.0053739 secs]
[GC 18936K->17655K(19736K), 0.0054208 secs]
[GC 18999K->17719K(19736K), 0.0054954 secs]
[GC 19063K->17781K(19736K), 0.0055650 secs]
[GC 19125K->17844K(19736K), 0.0053747 secs]
[GC 19188K->17906K(19736K), 0.0055105 secs]
[GC 19250K->17968K(19736K), 0.0054577 secs]
[GC 19312K->18031K(19736K), 0.0054568 secs]
[GC 19375K->18093K(19736K), 0.0054853 secs]
[GC 19437K->18160K(19736K), 0.0055641 secs]
[GC 19504K->18229K(19736K), 0.0058231 secs]
[GC 19573K->18294K(19736K), 0.0055658 secs]
[GC 19638K->18359K(19736K), 0.0055029 secs]
[GC 19703K->18424K(19864K), 0.0056831 secs]
[Full GC 18424K->10906K(19864K), 0.1361412 secs]
[GC 12250K->11099K(19736K), 0.0061097 secs]
[GC 12443K->11164K(19736K), 0.0054870 secs]
[GC 12508K->11228K(19736K), 0.0053906 secs]
[GC 12572K->11293K(19736K), 0.0054476 secs]
[GC 12637K->11358K(19736K), 0.0053052 secs]
[GC 12702K->11423K(19736K), 0.0054426 secs]
[GC 12767K->11487K(19736K), 0.0053554 secs]
[GC 12831K->11551K(19736K), 0.0053722 secs]
[GC 12895K->11615K(19736K), 0.0053722 secs]
[GC 12959K->11679K(19736K), 0.0054183 secs]
[GC 13023K->11743K(19736K), 0.0055038 secs]
[GC 13087K->11808K(19736K), 0.0054568 secs]
[GC 13152K->11872K(19736K), 0.0053772 secs]
[GC 13216K->11935K(19736K), 0.0054082 secs]
[GC 13279K->11998K(19736K), 0.0054049 secs]
[GC 13342K->12062K(19736K), 0.0053462 secs]
[GC 13406K->12125K(19736K), 0.0053336 secs]
[GC 13469K->12189K(19736K), 0.0053228 secs]
[GC 13533K->12253K(19736K), 0.0052884 secs]
[GC 13597K->12315K(19736K), 0.0053973 secs]
[GC 13659K->12379K(19736K), 0.0054619 secs]
[GC 13723K->12446K(19736K), 0.0055197 secs]
[GC 13790K->12515K(19736K), 0.0054627 secs]
[GC 13859K->12575K(19736K), 0.0053940 secs]
[GC 13919K->12641K(19736K), 0.0053797 secs]
[GC 13985K->12708K(19736K), 0.0055809 secs]
[GC 14052K->12773K(19736K), 0.0054250 secs]
[GC 14117K->12838K(19736K), 0.0054267 secs]
[GC 14182K->12903K(19736K), 0.0054677 secs]
[GC 14247K->12968K(19736K), 0.0054158 secs]
[GC 14312K->13033K(19736K), 0.0054309 secs]
[GC 14377K->13098K(19736K), 0.0095401 secs]
[GC 14442K->13162K(19736K), 0.0054292 secs]
[GC 14506K->13227K(19736K), 0.0053890 secs]
[GC 14571K->13292K(19736K), 0.0054510 secs]
[GC 14636K->13356K(19736K), 0.0054133 secs]
[GC 14700K->13420K(19736K), 0.0054292 secs]
[GC 14764K->13484K(19736K), 0.0055842 secs]
[GC 14828K->13548K(19736K), 0.0053278 secs]
[GC 14892K->13612K(19736K), 0.0054325 secs]
[GC 14956K->13676K(19736K), 0.0053898 secs]
[GC 15020K->13741K(19736K), 0.0054183 secs]
[GC 15085K->13805K(19736K), 0.0054309 secs]
[GC 15149K->13868K(19736K), 0.0053538 secs]
[GC 15212K->13931K(19736K), 0.0053965 secs]
[GC 15275K->13994K(19736K), 0.0053772 secs]
[GC 15338K->14056K(19736K), 0.0053303 secs]
[GC 15400K->14122K(19736K), 0.0056773 secs]
[GC 15466K->14192K(19736K), 0.0056178 secs]
[GC 15536K->14256K(19736K), 0.0055633 secs]
[GC 15600K->14322K(19736K), 0.0054200 secs]
[GC 15666K->14386K(19736K), 0.0054753 secs]
[GC 15730K->14450K(19736K), 0.0054812 secs]
[GC 15794K->14514K(19736K), 0.0052741 secs]
[GC 15858K->14577K(19736K), 0.0053890 secs]
[GC 15921K->14642K(19736K), 0.0054594 secs]
[GC 15986K->14706K(19736K), 0.0054216 secs]
[GC 16050K->14770K(19736K), 0.0054309 secs]
[GC 16114K->14833K(19736K), 0.0054317 secs]
[GC 16177K->14897K(19736K), 0.0056924 secs]
[GC 16241K->14960K(19736K), 0.0054736 secs]
[GC 16304K->15023K(19736K), 0.0054887 secs]
[GC 16367K->15087K(19736K), 0.0053580 secs]
[GC 16431K->15150K(19736K), 0.0054770 secs]
[GC 16494K->15212K(19736K), 0.0053940 secs]
[GC 16556K->15276K(19736K), 0.0054384 secs]
[GC 16620K->15339K(19736K), 0.0055205 secs]
[GC 16683K->15403K(19736K), 0.0055172 secs]
[GC 16747K->15466K(19736K), 0.0054015 secs]
[GC 16810K->15529K(19736K), 0.0054325 secs]
[GC 16873K->15593K(19736K), 0.0054200 secs]
[GC 16937K->15655K(19736K), 0.0054988 secs]
[GC 16999K->15718K(19736K), 0.0054753 secs]
[GC 17062K->15781K(19736K), 0.0054183 secs]
[GC 17125K->15843K(19736K), 0.0053915 secs]
[GC 17187K->15910K(19736K), 0.0055189 secs]
[GC 17254K->15979K(19736K), 0.0056513 secs]
[GC 17323K->16045K(19736K), 0.0055055 secs]
[GC 17389K->16109K(19736K), 0.0055800 secs]
[GC 17453K->16175K(19736K), 0.0055943 secs]
[GC 17519K->16240K(19736K), 0.0054527 secs]
[GC 17584K->16305K(19736K), 0.0054937 secs]
[GC 17649K->16370K(19736K), 0.0054376 secs]
[GC 17714K->16436K(19736K), 0.0054820 secs]
[GC 17780K->16500K(19736K), 0.0055717 secs]
[GC 17844K->16566K(19736K), 0.0055164 secs]
[GC 17910K->16631K(19736K), 0.0054392 secs]
[GC 17975K->16696K(19736K), 0.0054602 secs]
[GC 18040K->16761K(19736K), 0.0054275 secs]
[GC 18105K->16827K(19736K), 0.0055348 secs]
[GC 18171K->16892K(19736K), 0.0095887 secs]
[GC 18236K->16957K(19736K), 0.0055272 secs]
[GC 18301K->17021K(19736K), 0.0054351 secs]
[GC 18365K->17086K(19736K), 0.0055197 secs]
[GC 18430K->17151K(19736K), 0.0055800 secs]
[GC 18495K->17216K(19736K), 0.0054912 secs]
[GC 18560K->17280K(19736K), 0.0054711 secs]
[GC 18624K->17344K(19736K), 0.0054267 secs]
[GC 18688K->17409K(19736K), 0.0054879 secs]
[GC 18753K->17473K(19736K), 0.0055499 secs]
[GC 18817K->17537K(19736K), 0.0055096 secs]
[GC 18881K->17601K(19736K), 0.0055122 secs]
[GC 18945K->17666K(19736K), 0.0056111 secs]
[GC 19010K->17730K(19736K), 0.0055029 secs]
[GC 19074K->17793K(19736K), 0.0055214 secs]
[GC 19137K->17857K(19736K), 0.0055130 secs]
[GC 19201K->17920K(19736K), 0.0054669 secs]
[GC 19264K->17984K(19736K), 0.0055071 secs]
[GC 19328K->18047K(19736K), 0.0055197 secs]
[GC 19391K->18109K(19736K), 0.0053521 secs]
[GC 19453K->18171K(19736K), 0.0052649 secs]
[GC 19515K->18234K(19736K), 0.0056613 secs]
[GC 19578K->18301K(19736K), 0.0056052 secs]
[GC 19645K->18370K(19736K), 0.0057041 secs]
[GC 19714K->18435K(19864K), 0.0059178 secs]
[Full GC 18435K->10039K(19864K), 0.1321904 secs]
[GC 11383K->10233K(19736K), 0.0061365 secs]
[GC 11577K->10298K(19736K), 0.0095090 secs]
[GC 11642K->10361K(19736K), 0.0053261 secs]
[GC 11705K->10425K(19736K), 0.0053194 secs]
[GC 11769K->10488K(19736K), 0.0051937 secs]
[GC 11832K->10551K(19736K), 0.0053948 secs]
[GC 11895K->10615K(19736K), 0.0053404 secs]
[GC 11959K->10678K(19736K), 0.0053093 secs]
[GC 12022K->10742K(19736K), 0.0053806 secs]
[GC 12086K->10805K(19736K), 0.0054225 secs]
[GC 12149K->10868K(19736K), 0.0052339 secs]
[GC 12212K->10930K(19736K), 0.0052834 secs]
[GC 12274K->10993K(19736K), 0.0053898 secs]
[GC 12337K->11060K(19736K), 0.0053797 secs]
[GC 12404K->11128K(19736K), 0.0055968 secs]
[GC 12472K->11193K(19736K), 0.0052951 secs]
[GC 12537K->11257K(19736K), 0.0053839 secs]
[GC 12601K->11322K(19736K), 0.0052968 secs]
[GC 12666K->11387K(19736K), 0.0052356 secs]
[GC 12730K->11451K(19736K), 0.0054158 secs]
[GC 12795K->11515K(19736K), 0.0054216 secs]
[GC 12859K->11579K(19736K), 0.0053915 secs]
[GC 12923K->11644K(19736K), 0.0053906 secs]
[GC 12988K->11709K(19736K), 0.0053563 secs]
[GC 13053K->11773K(19736K), 0.0094286 secs]
[GC 13117K->11837K(19736K), 0.0052524 secs]
[GC 13181K->11901K(19736K), 0.0053747 secs]
[GC 13245K->11966K(19736K), 0.0054208 secs]
[GC 13310K->12031K(19736K), 0.0054267 secs]
[GC 13375K->12095K(19736K), 0.0053202 secs]
[GC 13439K->12160K(19736K), 0.0053621 secs]
[GC 13504K->12223K(19736K), 0.0055700 secs]
[GC 13567K->12287K(19736K), 0.0054242 secs]
[GC 13631K->12350K(19736K), 0.0055800 secs]
[GC 13694K->12415K(19736K), 0.0054175 secs]
[GC 13759K->12478K(19736K), 0.0054996 secs]
[GC 13822K->12542K(19736K), 0.0054636 secs]
[GC 13886K->12606K(19736K), 0.0052867 secs]
[GC 13950K->12669K(19736K), 0.0054485 secs]
[GC 14013K->12733K(19736K), 0.0054652 secs]
[GC 14077K->12796K(19736K), 0.0054108 secs]
[GC 14139K->12859K(19736K), 0.0052767 secs]
[GC 14203K->12921K(19736K), 0.0054527 secs]
[GC 14265K->12983K(19736K), 0.0052130 secs]
[GC 14327K->13046K(19736K), 0.0053990 secs]
[GC 14390K->13109K(19736K), 0.0054208 secs]
[GC 14453K->13172K(19736K), 0.0053487 secs]
[GC 14516K->13235K(19736K), 0.0053730 secs]
[GC 14579K->13297K(19736K), 0.0052398 secs]
[GC 14641K->13360K(19736K), 0.0053496 secs]
[GC 14704K->13423K(19736K), 0.0054225 secs]
[GC 14767K->13486K(19736K), 0.0053521 secs]
[GC 14830K->13549K(19736K), 0.0054225 secs]
[GC 14893K->13612K(19736K), 0.0055432 secs]
[GC 14956K->13675K(19736K), 0.0054510 secs]
[GC 15019K->13737K(19736K), 0.0052272 secs]
[GC 15081K->13804K(19736K), 0.0055155 secs]
[GC 15148K->13872K(19736K), 0.0062614 secs]
[GC 15216K->13937K(19736K), 0.0054434 secs]
[GC 15281K->14003K(19736K), 0.0054208 secs]
[GC 15347K->14068K(19736K), 0.0055348 secs]
[GC 15412K->14132K(19736K), 0.0054602 secs]
[GC 15476K->14197K(19736K), 0.0055038 secs]
[GC 15541K->14261K(19736K), 0.0053052 secs]
[GC 15605K->14325K(19736K), 0.0052968 secs]
[GC 15669K->14389K(19736K), 0.0054585 secs]
[GC 15733K->14454K(19736K), 0.0055138 secs]
[GC 15798K->14518K(19736K), 0.0054560 secs]
[GC 15862K->14583K(19736K), 0.0054392 secs]
[GC 15927K->14647K(19736K), 0.0054292 secs]
[GC 15991K->14711K(19736K), 0.0054744 secs]
[GC 16055K->14775K(19736K), 0.0054636 secs]
[GC 16119K->14838K(19736K), 0.0054912 secs]
[GC 16182K->14906K(19736K), 0.0054359 secs]
[GC 16250K->14974K(19736K), 0.0056748 secs]
[GC 16318K->15040K(19736K), 0.0054879 secs]
[GC 16384K->15104K(19736K), 0.0054451 secs]
[GC 16448K->15168K(19736K), 0.0054376 secs]
[GC 16512K->15232K(19736K), 0.0056572 secs]
[GC 16576K->15296K(19736K), 0.0054116 secs]
[GC 16640K->15360K(19736K), 0.0054879 secs]
[GC 16704K->15424K(19736K), 0.0054493 secs]
[GC 16768K->15488K(19736K), 0.0055222 secs]
[GC 16832K->15552K(19736K), 0.0054032 secs]
[GC 16896K->15616K(19736K), 0.0054845 secs]
[GC 16960K->15680K(19736K), 0.0055189 secs]
[GC 17024K->15743K(19736K), 0.0055264 secs]
[GC 17087K->15807K(19736K), 0.0054786 secs]
[GC 17151K->15870K(19736K), 0.0053496 secs]
[GC 17214K->15933K(19736K), 0.0054216 secs]
[GC 17277K->15996K(19736K), 0.0054225 secs]
[GC 17340K->16063K(19736K), 0.0056144 secs]
[GC 17407K->16132K(19736K), 0.0055859 secs]
[GC 17476K->16197K(19736K), 0.0054887 secs]
[GC 17541K->16262K(19736K), 0.0055532 secs]
[GC 17606K->16327K(19736K), 0.0053605 secs]
[GC 17671K->16391K(19736K), 0.0055281 secs]
[GC 17735K->16455K(19736K), 0.0054954 secs]
[GC 17799K->16520K(19736K), 0.0055029 secs]
[GC 17864K->16584K(19736K), 0.0054711 secs]
[GC 17928K->16648K(19736K), 0.0055448 secs]
[GC 17992K->16712K(19736K), 0.0055482 secs]
[GC 18056K->16776K(19736K), 0.0054853 secs]
[GC 18120K->16839K(19736K), 0.0054124 secs]
[GC 18183K->16901K(19736K), 0.0053823 secs]
[GC 18245K->16968K(19736K), 0.0055331 secs]
[GC 18312K->17037K(19736K), 0.0057602 secs]
[GC 18381K->17102K(19736K), 0.0055247 secs]
[GC 18446K->17167K(19736K), 0.0056044 secs]
[GC 18511K->17233K(19736K), 0.0055205 secs]
[GC 18577K->17298K(19736K), 0.0054585 secs]
[GC 18642K->17362K(19736K), 0.0054493 secs]
[GC 18706K->17427K(19736K), 0.0055289 secs]
[GC 18771K->17491K(19736K), 0.0054711 secs]
[GC 18835K->17556K(19736K), 0.0055792 secs]
[GC 18900K->17621K(19736K), 0.0053932 secs]
[GC 18965K->17685K(19736K), 0.0055122 secs]
[GC 19029K->17749K(19736K), 0.0057938 secs]
[GC 19093K->17813K(19736K), 0.0053504 secs]
[GC 19157K->17877K(19736K), 0.0055138 secs]
[GC 19221K->17942K(19736K), 0.0055507 secs]
[GC 19286K->18006K(19736K), 0.0055507 secs]
[GC 19350K->18070K(19736K), 0.0054895 secs]
[GC 19414K->18134K(19736K), 0.0055448 secs]
[GC 19478K->18198K(19736K), 0.0055105 secs]
[GC 19542K->18262K(19736K), 0.0054175 secs]
[GC 19606K->18326K(19736K), 0.0054778 secs]
[GC 19670K->18391K(19736K), 0.0054853 secs]
[Full GC 18391K->10914K(19736K), 0.1364388 secs]
[GC 12258K->11107K(19736K), 0.0062924 secs]
[GC 12451K->11171K(19736K), 0.0053932 secs]
[GC 12515K->11236K(19736K), 0.0052440 secs]
[GC 12580K->11299K(19736K), 0.0053906 secs]
[GC 12643K->11362K(19736K), 0.0053655 secs]
[GC 12706K->11426K(19736K), 0.0095090 secs]
[GC 12770K->11489K(19736K), 0.0053018 secs]
[GC 12833K->11553K(19736K), 0.0054091 secs]
[GC 12897K->11616K(19736K), 0.0053471 secs]
[GC 12960K->11680K(19736K), 0.0053806 secs]
[GC 13024K->11744K(19736K), 0.0054812 secs]
[GC 13088K->11806K(19736K), 0.0053714 secs]
[GC 13150K->11869K(19736K), 0.0053605 secs]
[GC 13213K->11931K(19736K), 0.0054258 secs]
[GC 13275K->11994K(19736K), 0.0053253 secs]
[GC 13338K->12062K(19736K), 0.0054292 secs]
[GC 13406K->12130K(19736K), 0.0055189 secs]
[GC 13474K->12195K(19736K), 0.0054585 secs]
[GC 13539K->12260K(19736K), 0.0053915 secs]
[GC 13604K->12324K(19736K), 0.0052641 secs]
[GC 13668K->12388K(19736K), 0.0054334 secs]
[GC 13732K->12453K(19736K), 0.0054216 secs]
[GC 13797K->12517K(19736K), 0.0054636 secs]
[GC 13861K->12581K(19736K), 0.0053999 secs]
[GC 13925K->12645K(19736K), 0.0054476 secs]
[GC 13989K->12709K(19736K), 0.0053814 secs]
[GC 14053K->12773K(19736K), 0.0054384 secs]
[GC 14117K->12836K(19736K), 0.0053823 secs]
[GC 14180K->12900K(19736K), 0.0095535 secs]
[GC 14244K->12963K(19736K), 0.0054091 secs]
[GC 14307K->13026K(19736K), 0.0053856 secs]
[GC 14370K->13089K(19736K), 0.0053705 secs]
[GC 14433K->13152K(19736K), 0.0053395 secs]
[GC 14496K->13214K(19736K), 0.0054568 secs]
[GC 14558K->13277K(19736K), 0.0054108 secs]
[GC 14621K->13340K(19736K), 0.0054024 secs]
[GC 14684K->13403K(19736K), 0.0054309 secs]
[GC 14747K->13465K(19736K), 0.0055599 secs]
[GC 14809K->13532K(19736K), 0.0054820 secs]
[GC 14876K->13601K(19736K), 0.0056178 secs]
[GC 14945K->13666K(19736K), 0.0054686 secs]
[GC 15010K->13731K(19736K), 0.0054082 secs]
[GC 15075K->13796K(19736K), 0.0054912 secs]
[GC 15140K->13860K(19736K), 0.0055272 secs]
[GC 15204K->13925K(19736K), 0.0054728 secs]
[GC 15269K->13989K(19736K), 0.0053797 secs]
[GC 15333K->14053K(19736K), 0.0056680 secs]
[GC 15397K->14118K(19736K), 0.0053295 secs]
[GC 15462K->14181K(19736K), 0.0054744 secs]
[GC 15525K->14245K(19736K), 0.0053093 secs]
[GC 15589K->14309K(19736K), 0.0054166 secs]
[GC 15653K->14373K(19736K), 0.0055608 secs]
[GC 15717K->14436K(19736K), 0.0054560 secs]
[GC 15780K->14499K(19736K), 0.0053320 secs]
[GC 15843K->14562K(19736K), 0.0053680 secs]
[GC 15906K->14624K(19736K), 0.0054786 secs]
[GC 15968K->14687K(19736K), 0.0054325 secs]
[GC 16031K->14749K(19736K), 0.0053328 secs]
[GC 16093K->14811K(19736K), 0.0054049 secs]
[GC 16155K->14873K(19736K), 0.0054602 secs]
[GC 16217K->14936K(19736K), 0.0055189 secs]
[GC 16280K->14998K(19736K), 0.0054250 secs]
[GC 16342K->15060K(19736K), 0.0054317 secs]
[GC 16404K->15123K(19736K), 0.0054032 secs]
[GC 16467K->15185K(19736K), 0.0053588 secs]
[GC 16529K->15248K(19736K), 0.0053915 secs]
[GC 16592K->15315K(19736K), 0.0054518 secs]
[GC 16659K->15384K(19736K), 0.0057250 secs]
[GC 16728K->15449K(19736K), 0.0054962 secs]
[GC 16793K->15513K(19736K), 0.0053336 secs]
[GC 16857K->15578K(19736K), 0.0054116 secs]
[GC 16922K->15644K(19736K), 0.0056211 secs]
[GC 16988K->15708K(19736K), 0.0054476 secs]
[GC 17052K->15773K(19736K), 0.0054367 secs]
[GC 17117K->15837K(19736K), 0.0054912 secs]
[GC 17181K->15902K(19736K), 0.0053915 secs]
[GC 17246K->15965K(19736K), 0.0054568 secs]
[GC 17309K->16030K(19736K), 0.0054879 secs]
[GC 17374K->16094K(19736K), 0.0055876 secs]
[GC 17438K->16158K(19736K), 0.0056706 secs]
[GC 17502K->16221K(19736K), 0.0055373 secs]
[GC 17565K->16285K(19736K), 0.0055976 secs]
[GC 17629K->16349K(19736K), 0.0055415 secs]
[GC 17693K->16412K(19736K), 0.0054594 secs]
[GC 17756K->16475K(19736K), 0.0055524 secs]
[GC 17819K->16539K(19736K), 0.0053965 secs]
[GC 17883K->16602K(19736K), 0.0055272 secs]
[GC 17946K->16666K(19736K), 0.0055055 secs]
[GC 18010K->16729K(19736K), 0.0055055 secs]
[GC 18073K->16793K(19736K), 0.0055172 secs]
[GC 18137K->16856K(19736K), 0.0054937 secs]
[GC 18200K->16919K(19736K), 0.0054954 secs]
[GC 18263K->16983K(19736K), 0.0054669 secs]
[GC 18327K->17046K(19736K), 0.0054627 secs]
[GC 18390K->17109K(19736K), 0.0055013 secs]
[GC 18453K->17171K(19736K), 0.0055096 secs]
[GC 18515K->17234K(19736K), 0.0054460 secs]
[GC 18578K->17297K(19736K), 0.0055851 secs]
[GC 18641K->17359K(19736K), 0.0053571 secs]
[GC 18703K->17421K(19736K), 0.0053839 secs]
[GC 18765K->17484K(19736K), 0.0053982 secs]
[GC 18828K->17546K(19736K), 0.0055993 secs]
[GC 18890K->17614K(19736K), 0.0055876 secs]
[GC 18958K->17683K(19736K), 0.0056848 secs]
[GC 19027K->17748K(19736K), 0.0055164 secs]
[GC 19092K->17812K(19736K), 0.0055088 secs]
[GC 19156K->17876K(19736K), 0.0054988 secs]
[GC 19220K->17940K(19736K), 0.0055138 secs]
[GC 19284K->18004K(19736K), 0.0055365 secs]
[GC 19348K->18067K(19736K), 0.0054627 secs]
[GC 19411K->18134K(19736K), 0.0055767 secs]
[GC 19478K->18203K(19736K), 0.0056396 secs]
[GC 19547K->18269K(19736K), 0.0055205 secs]
[GC 19613K->18334K(19736K), 0.0054962 secs]
[GC 19678K->18397K(19864K), 0.0055784 secs]
[Full GC 18397K->10038K(19864K), 0.1362225 secs]
[GC 11382K->10232K(19736K), 0.0061164 secs]
[GC 11576K->10298K(19736K), 0.0055356 secs]
[GC 11642K->10361K(19736K), 0.0052758 secs]
[GC 11705K->10425K(19736K), 0.0053295 secs]
[GC 11769K->10487K(19736K), 0.0052272 secs]
[GC 11831K->10550K(19736K), 0.0053864 secs]
[GC 11894K->10614K(19736K), 0.0053060 secs]
[GC 11958K->10677K(19736K), 0.0053672 secs]
[GC 12021K->10740K(19736K), 0.0053529 secs]
[GC 12084K->10802K(19736K), 0.0054351 secs]
[GC 12146K->10864K(19736K), 0.0054736 secs]
[GC 12208K->10927K(19736K), 0.0052800 secs]
[GC 12271K->10993K(19736K), 0.0054971 secs]
[GC 12337K->11062K(19736K), 0.0053873 secs]
[GC 12406K->11127K(19736K), 0.0053915 secs]
[GC 12471K->11192K(19736K), 0.0054728 secs]
[GC 12536K->11257K(19736K), 0.0051979 secs]
[GC 12601K->11322K(19736K), 0.0054367 secs]
[GC 12666K->11386K(19736K), 0.0054619 secs]
[GC 12730K->11451K(19736K), 0.0053789 secs]
[GC 12795K->11516K(19736K), 0.0055549 secs]
[GC 12860K->11581K(19736K), 0.0052649 secs]
[GC 12925K->11645K(19736K), 0.0054367 secs]
[GC 12989K->11710K(19736K), 0.0053873 secs]
[GC 13054K->11775K(19736K), 0.0054376 secs]
[GC 13119K->11840K(19736K), 0.0053571 secs]
[GC 13184K->11906K(19736K), 0.0053127 secs]
[GC 13250K->11970K(19736K), 0.0055046 secs]
[GC 13314K->12036K(19736K), 0.0054518 secs]
[GC 13380K->12099K(19736K), 0.0054208 secs]
[GC 13443K->12164K(19736K), 0.0053831 secs]
[GC 13508K->12227K(19736K), 0.0053906 secs]
[GC 13571K->12291K(19736K), 0.0053504 secs]
[GC 13635K->12354K(19736K), 0.0055164 secs]
[GC 13698K->12418K(19736K), 0.0053722 secs]
[GC 13762K->12481K(19736K), 0.0053906 secs]
[GC 13825K->12545K(19736K), 0.0054124 secs]
[GC 13889K->12608K(19736K), 0.0054233 secs]
[GC 13952K->12673K(19736K), 0.0054149 secs]
[GC 14017K->12736K(19736K), 0.0054996 secs]
[GC 14080K->12799K(19736K), 0.0054585 secs]
[GC 14143K->12863K(19736K), 0.0053705 secs]
[GC 14207K->12926K(19736K), 0.0053965 secs]
[GC 14270K->12990K(19736K), 0.0054242 secs]
[GC 14334K->13054K(19736K), 0.0054108 secs]
[GC 14398K->13118K(19736K), 0.0054300 secs]
[GC 14462K->13182K(19736K), 0.0053999 secs]
[GC 14526K->13245K(19736K), 0.0053554 secs]
[GC 14589K->13308K(19736K), 0.0053881 secs]
[GC 14652K->13372K(19736K), 0.0054292 secs]
[GC 14716K->13435K(19736K), 0.0054409 secs]
[GC 14779K->13497K(19736K), 0.0054166 secs]
[GC 14841K->13560K(19736K), 0.0053680 secs]
[GC 14904K->13623K(19736K), 0.0055482 secs]
[GC 14967K->13686K(19736K), 0.0054786 secs]
[GC 15030K->13749K(19736K), 0.0054292 secs]
[GC 15093K->13813K(19736K), 0.0053135 secs]
[GC 15157K->13879K(19736K), 0.0056220 secs]
[GC 15223K->13948K(19736K), 0.0056044 secs]
[GC 15292K->14013K(19736K), 0.0055055 secs]
[GC 15357K->14078K(19736K), 0.0055742 secs]
[GC 15422K->14143K(19736K), 0.0053940 secs]
[GC 15487K->14208K(19736K), 0.0055138 secs]
[GC 15552K->14273K(19736K), 0.0054669 secs]
[GC 15617K->14337K(19736K), 0.0055524 secs]
[GC 15681K->14402K(19736K), 0.0053269 secs]
[GC 15746K->14466K(19736K), 0.0053630 secs]
[GC 15810K->14530K(19736K), 0.0054216 secs]
[GC 15874K->14594K(19736K), 0.0054099 secs]
[GC 15938K->14656K(19736K), 0.0053320 secs]
[GC 16000K->14718K(19736K), 0.0052850 secs]
[GC 16062K->14784K(19736K), 0.0055524 secs]
[GC 16128K->14853K(19736K), 0.0054879 secs]
[GC 16197K->14918K(19736K), 0.0054845 secs]
[GC 16262K->14984K(19736K), 0.0055490 secs]
[GC 16328K->15048K(19736K), 0.0055666 secs]
[GC 16392K->15113K(19736K), 0.0054392 secs]
[GC 16457K->15178K(19736K), 0.0054979 secs]
[GC 16522K->15243K(19736K), 0.0054040 secs]
[GC 16587K->15308K(19736K), 0.0054200 secs]
[GC 16652K->15372K(19736K), 0.0054418 secs]
[GC 16716K->15436K(19736K), 0.0054149 secs]
[GC 16780K->15501K(19736K), 0.0055633 secs]
[GC 16845K->15566K(19736K), 0.0053655 secs]
[GC 16910K->15630K(19736K), 0.0054979 secs]
[GC 16974K->15694K(19736K), 0.0054594 secs]
[GC 17038K->15759K(19736K), 0.0055574 secs]
[GC 17103K->15823K(19736K), 0.0055348 secs]
[GC 17167K->15888K(19736K), 0.0054292 secs]
[GC 17232K->15953K(19736K), 0.0055666 secs]
[GC 17297K->16018K(19736K), 0.0054309 secs]
[GC 17362K->16082K(19736K), 0.0054325 secs]
[GC 17426K->16146K(19736K), 0.0055683 secs]
[GC 17490K->16210K(19736K), 0.0053496 secs]
[GC 17554K->16275K(19736K), 0.0054493 secs]
[GC 17619K->16339K(19736K), 0.0054778 secs]
[GC 17683K->16404K(19736K), 0.0054175 secs]
[GC 17748K->16469K(19736K), 0.0054728 secs]
[GC 17813K->16533K(19736K), 0.0054451 secs]
[GC 17877K->16597K(19736K), 0.0055985 secs]
[GC 17941K->16661K(19736K), 0.0054619 secs]
[GC 18005K->16725K(19736K), 0.0053554 secs]
[GC 18069K->16789K(19736K), 0.0054778 secs]
[GC 18133K->16854K(19736K), 0.0054091 secs]
[GC 18198K->16918K(19736K), 0.0054820 secs]
[GC 18262K->16981K(19736K), 0.0054527 secs]
[GC 18325K->17045K(19736K), 0.0055348 secs]
[GC 18389K->17109K(19736K), 0.0054862 secs]
[GC 18453K->17173K(19736K), 0.0059119 secs]
[GC 18517K->17237K(19736K), 0.0055180 secs]
[GC 18581K->17302K(19736K), 0.0055457 secs]
[GC 18646K->17366K(19736K), 0.0054753 secs]
[GC 18710K->17429K(19736K), 0.0055532 secs]
[GC 18773K->17493K(19736K), 0.0054493 secs]
[GC 18837K->17558K(19736K), 0.0055951 secs]
[GC 18902K->17622K(19736K), 0.0054778 secs]
[GC 18966K->17687K(19736K), 0.0055055 secs]
[GC 19031K->17751K(19736K), 0.0055289 secs]
[GC 19095K->17816K(19736K), 0.0053965 secs]
[GC 19160K->17880K(19736K), 0.0056044 secs]
[GC 19224K->17944K(19736K), 0.0054929 secs]
[GC 19288K->18009K(19736K), 0.0056421 secs]
[GC 19353K->18073K(19736K), 0.0054979 secs]
[GC 19417K->18138K(19736K), 0.0054602 secs]
[GC 19482K->18202K(19736K), 0.0054527 secs]
[GC 19546K->18266K(19736K), 0.0055046 secs]
[GC 19610K->18330K(19736K), 0.0054191 secs]
[GC 19674K->18394K(19864K), 0.0055884 secs]
[Full GC 18394K->10910K(19864K), 0.1403393 secs]
[GC 12254K->11103K(19736K), 0.0061458 secs]
[GC 12447K->11168K(19736K), 0.0054552 secs]
[GC 12512K->11232K(19736K), 0.0052943 secs]
[GC 12576K->11296K(19736K), 0.0052599 secs]
[GC 12640K->11359K(19736K), 0.0052029 secs]
[GC 12703K->11422K(19736K), 0.0053957 secs]
[GC 12766K->11485K(19736K), 0.0054560 secs]
[GC 12829K->11548K(19736K), 0.0053160 secs]
[GC 12892K->11610K(19736K), 0.0052398 secs]
[GC 12954K->11677K(19736K), 0.0054543 secs]
[GC 13021K->11745K(19736K), 0.0054007 secs]
[GC 13089K->11810K(19736K), 0.0054694 secs]
[GC 13154K->11876K(19736K), 0.0054434 secs]
[GC 13220K->11941K(19736K), 0.0054359 secs]
[GC 13285K->12006K(19736K), 0.0053580 secs]
[GC 13350K->12070K(19736K), 0.0053789 secs]
[GC 13414K->12133K(19736K), 0.0053797 secs]
[GC 13477K->12196K(19736K), 0.0053848 secs]
[GC 13540K->12263K(19736K), 0.0054686 secs]
[GC 13607K->12332K(19736K), 0.0055507 secs]
[GC 13676K->12395K(19736K), 0.0052373 secs]
[GC 13739K->12460K(19736K), 0.0054074 secs]
[GC 13804K->12520K(19736K), 0.0051861 secs]
[GC 13864K->12586K(19736K), 0.0053295 secs]
[GC 13930K->12657K(19736K), 0.0055901 secs]
[GC 14001K->12720K(19736K), 0.0053295 secs]
[GC 14064K->12785K(19736K), 0.0055189 secs]
[GC 14129K->12859K(19736K), 0.0058893 secs]
[GC 14203K->12920K(19736K), 0.0053420 secs]
[GC 14264K->12986K(19736K), 0.0053621 secs]
[GC 14330K->13054K(19736K), 0.0055985 secs]
[GC 14398K->13120K(19736K), 0.0054753 secs]
[GC 14464K->13185K(19736K), 0.0055499 secs]
[GC 14529K->13250K(19736K), 0.0054166 secs]
[GC 14594K->13314K(19736K), 0.0054141 secs]
[GC 14658K->13380K(19736K), 0.0055398 secs]
[GC 14724K->13444K(19736K), 0.0053169 secs]
[GC 14788K->13509K(19736K), 0.0054736 secs]
[GC 14853K->13574K(19736K), 0.0053772 secs]
[GC 14918K->13639K(19736K), 0.0054736 secs]
[GC 14983K->13704K(19736K), 0.0054158 secs]
[GC 15048K->13770K(19736K), 0.0055398 secs]
[GC 15114K->13834K(19736K), 0.0054946 secs]
[GC 15178K->13899K(19736K), 0.0054677 secs]
[GC 15243K->13964K(19736K), 0.0053295 secs]
[GC 15308K->14028K(19736K), 0.0054233 secs]
[GC 15372K->14093K(19736K), 0.0055071 secs]
[GC 15437K->14157K(19736K), 0.0054133 secs]
[GC 15501K->14222K(19736K), 0.0055800 secs]
[GC 15566K->14286K(19736K), 0.0054074 secs]
[GC 15630K->14352K(19736K), 0.0054066 secs]
[GC 15696K->14416K(19736K), 0.0054627 secs]
[GC 15760K->14481K(19736K), 0.0054610 secs]
[GC 15825K->14546K(19736K), 0.0053512 secs]
[GC 15890K->14609K(19736K), 0.0054242 secs]
[GC 15953K->14674K(19736K), 0.0056504 secs]
[GC 16018K->14739K(19736K), 0.0054175 secs]
[GC 16083K->14804K(19736K), 0.0055138 secs]
[GC 16148K->14868K(19736K), 0.0054476 secs]
[GC 16212K->14933K(19736K), 0.0056328 secs]
[GC 16277K->14997K(19736K), 0.0053839 secs]
[GC 16341K->15062K(19736K), 0.0054845 secs]
[GC 16406K->15125K(19736K), 0.0054057 secs]
[GC 16469K->15189K(19736K), 0.0055465 secs]
[GC 16533K->15253K(19736K), 0.0054577 secs]
[GC 16597K->15317K(19736K), 0.0054501 secs]
[GC 16661K->15381K(19736K), 0.0055633 secs]
[GC 16725K->15444K(19736K), 0.0055331 secs]
[GC 16788K->15507K(19736K), 0.0053001 secs]
[GC 16851K->15570K(19736K), 0.0056010 secs]
[GC 16914K->15633K(19736K), 0.0055281 secs]
[GC 16977K->15696K(19736K), 0.0054954 secs]
[GC 17040K->15759K(19736K), 0.0054493 secs]
[GC 17103K->15822K(19736K), 0.0053697 secs]
[GC 17166K->15884K(19736K), 0.0053839 secs]
[GC 17228K->15951K(19736K), 0.0053387 secs]
[GC 17295K->16015K(19736K), 0.0054594 secs]
[GC 17359K->16077K(19736K), 0.0054074 secs]
[GC 17421K->16144K(19736K), 0.0054392 secs]
[GC 17488K->16213K(19736K), 0.0056245 secs]
[GC 17557K->16278K(19736K), 0.0055566 secs]
[GC 17622K->16343K(19736K), 0.0056178 secs]
[GC 17687K->16408K(19736K), 0.0054309 secs]
[GC 17752K->16472K(19736K), 0.0053563 secs]
[GC 17816K->16537K(19736K), 0.0053982 secs]
[GC 17881K->16601K(19736K), 0.0054795 secs]
[GC 17945K->16667K(19736K), 0.0054568 secs]
[GC 18011K->16731K(19736K), 0.0055465 secs]
[GC 18075K->16796K(19736K), 0.0055029 secs]
[GC 18140K->16860K(19736K), 0.0056044 secs]
[GC 18204K->16925K(19736K), 0.0055004 secs]
[GC 18269K->16989K(19736K), 0.0054988 secs]
[GC 18333K->17053K(19736K), 0.0054317 secs]
[GC 18397K->17117K(19736K), 0.0055792 secs]
[GC 18461K->17182K(19736K), 0.0055650 secs]
[GC 18526K->17247K(19736K), 0.0055784 secs]
[GC 18591K->17312K(19736K), 0.0055448 secs]
[GC 18656K->17378K(19736K), 0.0055650 secs]
[GC 18722K->17443K(19736K), 0.0055541 secs]
[GC 18787K->17508K(19736K), 0.0054971 secs]
[GC 18852K->17572K(19736K), 0.0057988 secs]
[GC 18916K->17637K(19736K), 0.0054560 secs]
[GC 18981K->17701K(19736K), 0.0057091 secs]
[GC 19045K->17767K(19736K), 0.0056789 secs]
[GC 19111K->17832K(19736K), 0.0055013 secs]
[GC 19176K->17897K(19736K), 0.0056613 secs]
[GC 19241K->17962K(19736K), 0.0055147 secs]
[GC 19306K->18027K(19736K), 0.0055574 secs]
[GC 19371K->18092K(19736K), 0.0056044 secs]
[GC 19436K->18157K(19736K), 0.0055549 secs]
[GC 19501K->18221K(19736K), 0.0057133 secs]
[GC 19565K->18285K(19736K), 0.0055356 secs]
[GC 19629K->18350K(19736K), 0.0055834 secs]
[GC 19694K->18414K(19864K), 0.0057368 secs]
[Full GC 18414K->10040K(19864K), 0.1317303 secs]
[GC 11384K->10233K(19736K), 0.0059840 secs]
[GC 11577K->10298K(19736K), 0.0054501 secs]
[GC 11642K->10361K(19736K), 0.0054099 secs]
[GC 11705K->10424K(19736K), 0.0053228 secs]
[GC 11768K->10487K(19736K), 0.0053831 secs]
[GC 11831K->10550K(19736K), 0.0053512 secs]
[GC 11894K->10612K(19736K), 0.0052213 secs]
[GC 11956K->10679K(19736K), 0.0056555 secs]
[GC 12023K->10747K(19736K), 0.0055130 secs]
[GC 12091K->10813K(19736K), 0.0055960 secs]
[GC 12157K->10878K(19736K), 0.0054485 secs]
[GC 12222K->10943K(19736K), 0.0053253 secs]
[GC 12287K->11007K(19736K), 0.0054091 secs]
[GC 12351K->11072K(19736K), 0.0054242 secs]
[GC 12416K->11137K(19736K), 0.0054359 secs]
[GC 12481K->11201K(19736K), 0.0053605 secs]
[GC 12545K->11265K(19736K), 0.0054309 secs]
[GC 12609K->11330K(19736K), 0.0053420 secs]
[GC 12674K->11394K(19736K), 0.0053638 secs]
[GC 12738K->11458K(19736K), 0.0054392 secs]
[GC 12802K->11522K(19736K), 0.0054728 secs]
[GC 12866K->11587K(19736K), 0.0055055 secs]
[GC 12931K->11650K(19736K), 0.0051845 secs]
[GC 12994K->11714K(19736K), 0.0053663 secs]
[GC 13058K->11778K(19736K), 0.0053814 secs]
[GC 13122K->11842K(19736K), 0.0054032 secs]
[GC 13186K->11906K(19736K), 0.0055247 secs]
[GC 13250K->11970K(19736K), 0.0053512 secs]
[GC 13314K->12033K(19736K), 0.0052959 secs]
[GC 13377K->12097K(19736K), 0.0053739 secs]
[GC 13441K->12160K(19736K), 0.0053948 secs]
[GC 13504K->12223K(19736K), 0.0053747 secs]
[GC 13567K->12286K(19736K), 0.0053823 secs]
[GC 13629K->12348K(19736K), 0.0053814 secs]
[GC 13692K->12411K(19736K), 0.0053169 secs]
[GC 13755K->12474K(19736K), 0.0053915 secs]
[GC 13818K->12537K(19736K), 0.0053194 secs]
[GC 13881K->12600K(19736K), 0.0053722 secs]
[GC 13944K->12667K(19736K), 0.0054661 secs]
[GC 14011K->12735K(19736K), 0.0056010 secs]
[GC 14079K->12800K(19736K), 0.0054585 secs]
[GC 14144K->12866K(19736K), 0.0054527 secs]
[GC 14210K->12931K(19736K), 0.0054015 secs]
[GC 14275K->12996K(19736K), 0.0055432 secs]
[GC 14340K->13061K(19736K), 0.0054828 secs]
[GC 14405K->13126K(19736K), 0.0055490 secs]
[GC 14470K->13191K(19736K), 0.0053973 secs]
[GC 14535K->13256K(19736K), 0.0054166 secs]
[GC 14600K->13320K(19736K), 0.0054275 secs]
[GC 14664K->13384K(19736K), 0.0055381 secs]
[GC 14728K->13447K(19736K), 0.0054845 secs]
[GC 14791K->13515K(19736K), 0.0053797 secs]
[GC 14859K->13584K(19736K), 0.0056253 secs]
[GC 14928K->13648K(19736K), 0.0055851 secs]
[GC 14992K->13714K(19736K), 0.0054141 secs]
[GC 15058K->13778K(19736K), 0.0095937 secs]
[GC 15122K->13842K(19736K), 0.0056873 secs]
[GC 15186K->13907K(19736K), 0.0054887 secs]
[GC 15251K->13971K(19736K), 0.0054929 secs]
[GC 15315K->14036K(19736K), 0.0053881 secs]
[GC 15380K->14100K(19736K), 0.0055272 secs]
[GC 15444K->14165K(19736K), 0.0054694 secs]
[GC 15509K->14230K(19736K), 0.0054300 secs]
[GC 15574K->14294K(19736K), 0.0054568 secs]
[GC 15638K->14358K(19736K), 0.0054367 secs]
[GC 15702K->14423K(19736K), 0.0054636 secs]
[GC 15767K->14488K(19736K), 0.0054711 secs]
[GC 15832K->14552K(19736K), 0.0055239 secs]
[GC 15896K->14616K(19736K), 0.0055046 secs]
[GC 15960K->14681K(19736K), 0.0054979 secs]
[GC 16025K->14745K(19736K), 0.0054719 secs]
[GC 16089K->14810K(19736K), 0.0053219 secs]
[GC 16154K->14874K(19736K), 0.0054275 secs]
[GC 16218K->14938K(19736K), 0.0055055 secs]
[GC 16282K->15002K(19736K), 0.0054879 secs]
[GC 16346K->15067K(19736K), 0.0054686 secs]
[GC 16411K->15131K(19736K), 0.0054317 secs]
[GC 16475K->15195K(19736K), 0.0054736 secs]
[GC 16539K->15258K(19736K), 0.0095099 secs]
[GC 16602K->15322K(19736K), 0.0055113 secs]
[GC 16666K->15385K(19736K), 0.0056580 secs]
[GC 16729K->15448K(19736K), 0.0054049 secs]
[GC 16792K->15512K(19736K), 0.0054552 secs]
[GC 16856K->15575K(19736K), 0.0053211 secs]
[GC 16919K->15638K(19736K), 0.0054661 secs]
[GC 16982K->15702K(19736K), 0.0054074 secs]
[GC 17046K->15766K(19736K), 0.0055516 secs]
[GC 17110K->15829K(19736K), 0.0054208 secs]
[GC 17173K->15892K(19736K), 0.0055641 secs]
[GC 17236K->15955K(19736K), 0.0054258 secs]
[GC 17299K->16019K(19736K), 0.0052993 secs]
[GC 17363K->16081K(19736K), 0.0052767 secs]
[GC 17425K->16144K(19736K), 0.0053890 secs]
[GC 17488K->16207K(19736K), 0.0054585 secs]
[GC 17551K->16271K(19736K), 0.0055717 secs]
[GC 17615K->16334K(19736K), 0.0054761 secs]
[GC 17678K->16397K(19736K), 0.0054460 secs]
[GC 17740K->16459K(19736K), 0.0056236 secs]
[GC 17803K->16521K(19736K), 0.0053496 secs]
[GC 17865K->16584K(19736K), 0.0055289 secs]
[GC 17928K->16647K(19736K), 0.0053906 secs]
[GC 17991K->16709K(19736K), 0.0054342 secs]
[GC 18053K->16772K(19736K), 0.0054828 secs]
[GC 18116K->16834K(19736K), 0.0055407 secs]
[GC 18178K->16896K(19736K), 0.0054066 secs]
[GC 18240K->16959K(19736K), 0.0055055 secs]
[GC 18303K->17021K(19736K), 0.0054770 secs]
[GC 18365K->17084K(19736K), 0.0054828 secs]
[GC 18428K->17146K(19736K), 0.0054233 secs]
[GC 18490K->17209K(19736K), 0.0054116 secs]
[GC 18553K->17271K(19736K), 0.0052632 secs]
[GC 18615K->17334K(19736K), 0.0055164 secs]
[GC 18678K->17396K(19736K), 0.0054267 secs]
[GC 18740K->17459K(19736K), 0.0054267 secs]
[GC 18803K->17522K(19736K), 0.0054434 secs]
[GC 18866K->17584K(19736K), 0.0054954 secs]
[GC 18928K->17651K(19736K), 0.0055448 secs]
[GC 18995K->17720K(19736K), 0.0057309 secs]
[GC 19064K->17785K(19736K), 0.0055524 secs]
[GC 19129K->17851K(19736K), 0.0055700 secs]
[GC 19195K->17916K(19736K), 0.0055557 secs]
[GC 19260K->17981K(19736K), 0.0057083 secs]
[GC 19325K->18046K(19736K), 0.0056102 secs]
[GC 19390K->18110K(19736K), 0.0055029 secs]
[GC 19454K->18173K(19736K), 0.0055231 secs]
[GC 19517K->18236K(19736K), 0.0054644 secs]
[GC 19580K->18303K(19736K), 0.0053823 secs]
[GC 19647K->18372K(19736K), 0.0055708 secs]
[GC 19716K->18436K(19864K), 0.0058960 secs]
[Full GC 18436K->10922K(19864K), 0.1402705 secs]
[GC 12266K->11115K(19736K), 0.0062958 secs]
[GC 12459K->11180K(19736K), 0.0055264 secs]
[GC 12524K->11245K(19736K), 0.0053186 secs]
[GC 12589K->11309K(19736K), 0.0053965 secs]
[GC 12653K->11373K(19736K), 0.0052088 secs]
[GC 12717K->11437K(19736K), 0.0053797 secs]
[GC 12781K->11502K(19736K), 0.0053722 secs]
[GC 12846K->11567K(19736K), 0.0052808 secs]
[GC 12911K->11631K(19736K), 0.0053940 secs]
[GC 12975K->11695K(19736K), 0.0054669 secs]
[GC 13039K->11759K(19736K), 0.0054602 secs]
[GC 13103K->11823K(19736K), 0.0053362 secs]
[GC 13167K->11887K(19736K), 0.0055105 secs]
[GC 13231K->11950K(19736K), 0.0054451 secs]
[GC 13294K->12014K(19736K), 0.0054233 secs]
[GC 13358K->12078K(19736K), 0.0054108 secs]
[GC 13421K->12141K(19736K), 0.0054552 secs]
[GC 13485K->12205K(19736K), 0.0053789 secs]
[GC 13549K->12269K(19736K), 0.0054577 secs]
[GC 13613K->12332K(19736K), 0.0054158 secs]
[GC 13676K->12395K(19736K), 0.0053663 secs]
[GC 13739K->12459K(19736K), 0.0054602 secs]
[GC 13803K->12521K(19736K), 0.0052817 secs]
[GC 13865K->12584K(19736K), 0.0054879 secs]
[GC 13928K->12647K(19736K), 0.0054250 secs]
[GC 13991K->12709K(19736K), 0.0054728 secs]
[GC 14053K->12771K(19736K), 0.0054770 secs]
[GC 14115K->12837K(19736K), 0.0053814 secs]
[GC 14181K->12905K(19736K), 0.0054384 secs]
[GC 14249K->12965K(19736K), 0.0053395 secs]
[GC 14309K->13033K(19736K), 0.0053680 secs]
[GC 14377K->13100K(19736K), 0.0097353 secs]
[GC 14444K->13172K(19736K), 0.0055692 secs]
[GC 14516K->13238K(19736K), 0.0053739 secs]
[GC 14582K->13298K(19736K), 0.0053420 secs]
[GC 14642K->13365K(19736K), 0.0054636 secs]
[GC 14709K->13433K(19736K), 0.0055482 secs]
[GC 14777K->13499K(19736K), 0.0054946 secs]
[GC 14843K->13564K(19736K), 0.0054619 secs]
[GC 14908K->13629K(19736K), 0.0052406 secs]
[GC 14973K->13694K(19736K), 0.0054837 secs]
[GC 15038K->13758K(19736K), 0.0054568 secs]
[GC 15102K->13823K(19736K), 0.0054661 secs]
[GC 15167K->13888K(19736K), 0.0055080 secs]
[GC 15232K->13952K(19736K), 0.0055951 secs]
[GC 15296K->14016K(19736K), 0.0054677 secs]
[GC 15360K->14081K(19736K), 0.0054510 secs]
[GC 15425K->14145K(19736K), 0.0053923 secs]
[GC 15489K->14210K(19736K), 0.0053915 secs]
[GC 15554K->14274K(19736K), 0.0053345 secs]
[GC 15618K->14338K(19736K), 0.0054954 secs]
[GC 15682K->14403K(19736K), 0.0055876 secs]
[GC 15747K->14468K(19736K), 0.0054074 secs]
[GC 15812K->14532K(19736K), 0.0053999 secs]
[GC 15876K->14596K(19736K), 0.0054979 secs]
[GC 15940K->14660K(19736K), 0.0054166 secs]
[GC 16004K->14723K(19736K), 0.0054149 secs]
[GC 16067K->14787K(19736K), 0.0054493 secs]
[GC 16131K->14850K(19736K), 0.0053370 secs]
[GC 16194K->14913K(19736K), 0.0053479 secs]
[GC 16257K->14976K(19736K), 0.0054585 secs]
[GC 16320K->15038K(19736K), 0.0055272 secs]
[GC 16382K->15105K(19736K), 0.0055557 secs]
[GC 16449K->15175K(19736K), 0.0055842 secs]
[GC 16519K->15239K(19736K), 0.0054828 secs]
[GC 16583K->15304K(19736K), 0.0052834 secs]
[GC 16648K->15369K(19736K), 0.0054853 secs]
[GC 16713K->15434K(19736K), 0.0055834 secs]
[GC 16778K->15498K(19736K), 0.0055029 secs]
[GC 16842K->15562K(19736K), 0.0053663 secs]
[GC 16906K->15625K(19736K), 0.0054694 secs]
[GC 16969K->15688K(19736K), 0.0054803 secs]
[GC 17032K->15750K(19736K), 0.0055172 secs]
[GC 17094K->15813K(19736K), 0.0054409 secs]
[GC 17157K->15875K(19736K), 0.0054694 secs]
[GC 17219K->15942K(19736K), 0.0055264 secs]
[GC 17286K->16010K(19736K), 0.0056504 secs]
[GC 17354K->16076K(19736K), 0.0054644 secs]
[GC 17420K->16141K(19736K), 0.0054820 secs]
[GC 17485K->16206K(19736K), 0.0055356 secs]
[GC 17550K->16266K(19736K), 0.0052674 secs]
[GC 17610K->16328K(19736K), 0.0053739 secs]
[GC 17672K->16390K(19736K), 0.0054434 secs]
[GC 17734K->16453K(19736K), 0.0054284 secs]
[GC 17797K->16516K(19736K), 0.0055138 secs]
[GC 17860K->16582K(19736K), 0.0055624 secs]
[GC 17926K->16651K(19736K), 0.0056337 secs]
[GC 17995K->16716K(19736K), 0.0054803 secs]
[GC 18060K->16782K(19736K), 0.0056094 secs]
[GC 18126K->16846K(19736K), 0.0054401 secs]
[GC 18190K->16911K(19736K), 0.0057519 secs]
[GC 18255K->16975K(19736K), 0.0055289 secs]
[GC 18319K->17039K(19736K), 0.0053295 secs]
[GC 18383K->17103K(19736K), 0.0054619 secs]
[GC 18447K->17167K(19736K), 0.0054920 secs]
[GC 18511K->17232K(19736K), 0.0054803 secs]
[GC 18576K->17295K(19736K), 0.0055306 secs]
[GC 18639K->17359K(19736K), 0.0055055 secs]
[GC 18703K->17424K(19736K), 0.0055281 secs]
[GC 18768K->17489K(19736K), 0.0055423 secs]
[GC 18833K->17553K(19736K), 0.0054862 secs]
[GC 18897K->17617K(19736K), 0.0055490 secs]
[GC 18961K->17681K(19736K), 0.0056932 secs]
[GC 19025K->17746K(19736K), 0.0054359 secs]
[GC 19090K->17810K(19736K), 0.0054820 secs]
[GC 19154K->17874K(19736K), 0.0055046 secs]
[GC 19218K->17938K(19736K), 0.0055256 secs]
[GC 19282K->18002K(19736K), 0.0055951 secs]
[GC 19346K->18066K(19736K), 0.0054694 secs]
[GC 19410K->18129K(19736K), 0.0054149 secs]
[GC 19473K->18193K(19736K), 0.0055775 secs]
[GC 19537K->18258K(19736K), 0.0054468 secs]
[GC 19602K->18322K(19736K), 0.0054778 secs]
[GC 19666K->18386K(19736K), 0.0055071 secs]
[Full GC 18386K->10039K(19736K), 0.1317270 secs]
[GC 11383K->10232K(19736K), 0.0061164 secs]
[GC 11576K->10298K(19736K), 0.0053806 secs]
[GC 11642K->10361K(19736K), 0.0053001 secs]
[GC 11705K->10424K(19736K), 0.0053169 secs]
[GC 11768K->10488K(19736K), 0.0057762 secs]
[GC 11832K->10550K(19736K), 0.0051576 secs]
[GC 11894K->10613K(19736K), 0.0053412 secs]
[GC 11957K->10676K(19736K), 0.0053320 secs]
[GC 12020K->10740K(19736K), 0.0053848 secs]
[GC 12084K->10803K(19736K), 0.0053655 secs]
[GC 12147K->10866K(19736K), 0.0053177 secs]
[GC 12210K->10928K(19736K), 0.0053244 secs]
[GC 12272K->10992K(19736K), 0.0053177 secs]
[GC 12336K->11055K(19736K), 0.0053487 secs]
[GC 12399K->11122K(19736K), 0.0054988 secs]
[GC 12466K->11191K(19736K), 0.0055608 secs]
[GC 12535K->11256K(19736K), 0.0054971 secs]
[GC 12600K->11321K(19736K), 0.0054485 secs]
[GC 12665K->11386K(19736K), 0.0052658 secs]
[GC 12730K->11450K(19736K), 0.0052498 secs]
[GC 12794K->11515K(19736K), 0.0053856 secs]
[GC 12859K->11580K(19736K), 0.0053730 secs]
[GC 12924K->11645K(19736K), 0.0054200 secs]
[GC 12989K->11709K(19736K), 0.0053764 secs]
[GC 13053K->11773K(19736K), 0.0054040 secs]
[GC 13117K->11838K(19736K), 0.0053345 secs]
[GC 13182K->11902K(19736K), 0.0054619 secs]
[GC 13246K->11965K(19736K), 0.0055474 secs]
[GC 13309K->12029K(19736K), 0.0055281 secs]
[GC 13373K->12091K(19736K), 0.0052876 secs]
[GC 13435K->12154K(19736K), 0.0053571 secs]
[GC 13498K->12217K(19736K), 0.0053362 secs]
[GC 13561K->12280K(19736K), 0.0054032 secs]
[GC 13624K->12343K(19736K), 0.0053454 secs]
[GC 13687K->12406K(19736K), 0.0053445 secs]
[GC 13750K->12468K(19736K), 0.0055708 secs]
[GC 13812K->12530K(19736K), 0.0054728 secs]
[GC 13874K->12592K(19736K), 0.0053160 secs]
[GC 13936K->12655K(19736K), 0.0053621 secs]
[GC 13999K->12717K(19736K), 0.0053932 secs]
[GC 14061K->12781K(19736K), 0.0054971 secs]
[GC 14125K->12844K(19736K), 0.0054904 secs]
[GC 14188K->12907K(19736K), 0.0053554 secs]
[GC 14251K->12970K(19736K), 0.0053630 secs]
[GC 14313K->13033K(19736K), 0.0053580 secs]
[GC 14377K->13096K(19736K), 0.0053789 secs]
[GC 14440K->13158K(19736K), 0.0054929 secs]
[GC 14502K->13221K(19736K), 0.0054434 secs]
[GC 14565K->13284K(19736K), 0.0053697 secs]
[GC 14628K->13346K(19736K), 0.0053018 secs]
[GC 14690K->13409K(19736K), 0.0055524 secs]
[GC 14753K->13471K(19736K), 0.0052909 secs]
[GC 14815K->13533K(19736K), 0.0054082 secs]
[GC 14877K->13600K(19736K), 0.0055071 secs]
[GC 14944K->13669K(19736K), 0.0056488 secs]
[GC 15013K->13734K(19736K), 0.0054066 secs]
[GC 15078K->13799K(19736K), 0.0055214 secs]
[GC 15143K->13864K(19736K), 0.0054200 secs]
[GC 15208K->13929K(19736K), 0.0054946 secs]
[GC 15273K->13994K(19736K), 0.0053873 secs]
[GC 15338K->14059K(19736K), 0.0055138 secs]
[GC 15403K->14123K(19736K), 0.0054384 secs]
[GC 15467K->14188K(19736K), 0.0054468 secs]
[GC 15532K->14252K(19736K), 0.0054183 secs]
[GC 15596K->14317K(19736K), 0.0053881 secs]
[GC 15661K->14380K(19736K), 0.0053781 secs]
[GC 15724K->14444K(19736K), 0.0053714 secs]
[GC 15788K->14508K(19736K), 0.0053697 secs]
[GC 15852K->14573K(19736K), 0.0054585 secs]
[GC 15917K->14637K(19736K), 0.0054158 secs]
[GC 15981K->14702K(19736K), 0.0055080 secs]
[GC 16046K->14766K(19736K), 0.0053487 secs]
[GC 16110K->14830K(19736K), 0.0055021 secs]
[GC 16174K->14894K(19736K), 0.0054409 secs]
[GC 16238K->14958K(19736K), 0.0055055 secs]
[GC 16302K->15022K(19736K), 0.0054392 secs]
[GC 16366K->15086K(19736K), 0.0053999 secs]
[GC 16430K->15149K(19736K), 0.0054359 secs]
[GC 16493K->15213K(19736K), 0.0055599 secs]
[GC 16557K->15277K(19736K), 0.0054476 secs]
[GC 16621K->15341K(19736K), 0.0055197 secs]
[GC 16685K->15405K(19736K), 0.0055465 secs]
[GC 16749K->15469K(19736K), 0.0054644 secs]
[GC 16813K->15532K(19736K), 0.0054636 secs]
[GC 16876K->15596K(19736K), 0.0055004 secs]
[GC 16940K->15660K(19736K), 0.0055256 secs]
[GC 17004K->15723K(19736K), 0.0054334 secs]
[GC 17067K->15786K(19736K), 0.0053906 secs]
[GC 17130K->15848K(19736K), 0.0055205 secs]
[GC 17192K->15912K(19736K), 0.0054619 secs]
[GC 17256K->15974K(19736K), 0.0054007 secs]
[GC 17318K->16038K(19736K), 0.0054216 secs]
[GC 17382K->16100K(19736K), 0.0054686 secs]
[GC 17444K->16164K(19736K), 0.0054443 secs]
[GC 17508K->16230K(19736K), 0.0055356 secs]
[GC 17574K->16299K(19736K), 0.0055658 secs]
[GC 17643K->16365K(19736K), 0.0055423 secs]
[GC 17709K->16430K(19736K), 0.0055298 secs]
[GC 17773K->16495K(19736K), 0.0055155 secs]
[GC 17839K->16558K(19736K), 0.0054853 secs]
[GC 17902K->16622K(19736K), 0.0054870 secs]
[GC 17966K->16689K(19736K), 0.0055432 secs]
[GC 18033K->16758K(19736K), 0.0056111 secs]
[GC 18102K->16823K(19736K), 0.0054284 secs]
[GC 18167K->16888K(19736K), 0.0054753 secs]
[GC 18232K->16953K(19736K), 0.0061508 secs]
[GC 18297K->17017K(19736K), 0.0055138 secs]
[GC 18361K->17080K(19736K), 0.0053932 secs]
[GC 18424K->17143K(19736K), 0.0054912 secs]
[GC 18487K->17206K(19736K), 0.0055641 secs]
[GC 18550K->17269K(19736K), 0.0055164 secs]
[GC 18613K->17333K(19736K), 0.0054770 secs]
[GC 18677K->17395K(19736K), 0.0053957 secs]
[GC 18739K->17458K(19736K), 0.0054275 secs]
[GC 18802K->17521K(19736K), 0.0055214 secs]
[GC 18865K->17584K(19736K), 0.0055029 secs]
[GC 18928K->17651K(19736K), 0.0056035 secs]
[GC 18995K->17719K(19736K), 0.0055683 secs]
[GC 19063K->17779K(19736K), 0.0055105 secs]
[GC 19123K->17841K(19736K), 0.0054920 secs]
[GC 19185K->17908K(19736K), 0.0055197 secs]
[GC 19252K->17976K(19736K), 0.0056312 secs]
[GC 19320K->18041K(19736K), 0.0055700 secs]
[GC 19385K->18106K(19736K), 0.0054141 secs]
[GC 19450K->18170K(19736K), 0.0055423 secs]
[GC 19514K->18236K(19736K), 0.0055038 secs]
[GC 19580K->18300K(19736K), 0.0055063 secs]
[GC 19644K->18365K(19736K), 0.0056203 secs]
[GC 19709K->18430K(19864K), 0.0058373 secs]
[Full GC 18430K->10913K(19864K), 0.1363533 secs]
[GC 12257K->11107K(19736K), 0.0062145 secs]
[GC 12451K->11172K(19736K), 0.0054786 secs]
[GC 12516K->11236K(19736K), 0.0053957 secs]
[GC 12580K->11301K(19736K), 0.0053194 secs]
[GC 12645K->11366K(19736K), 0.0054619 secs]
[GC 12710K->11430K(19736K), 0.0054820 secs]
[GC 12774K->11494K(19736K), 0.0053529 secs]
[GC 12838K->11559K(19736K), 0.0053688 secs]
[GC 12903K->11622K(19736K), 0.0053739 secs]
[GC 12966K->11686K(19736K), 0.0053680 secs]
[GC 13030K->11750K(19736K), 0.0054040 secs]
[GC 13094K->11814K(19736K), 0.0054728 secs]
[GC 13158K->11878K(19736K), 0.0052842 secs]
[GC 13222K->11942K(19736K), 0.0054568 secs]
[GC 13286K->12006K(19736K), 0.0053722 secs]
[GC 13350K->12069K(19736K), 0.0054284 secs]
[GC 13413K->12132K(19736K), 0.0053563 secs]
[GC 13476K->12196K(19736K), 0.0054351 secs]
[GC 13540K->12258K(19736K), 0.0053764 secs]
[GC 13602K->12322K(19736K), 0.0053119 secs]
[GC 13666K->12385K(19736K), 0.0055381 secs]
[GC 13729K->12448K(19736K), 0.0054082 secs]
[GC 13792K->12511K(19736K), 0.0054837 secs]
[GC 13855K->12574K(19736K), 0.0054292 secs]
[GC 13918K->12638K(19736K), 0.0053496 secs]
[GC 13982K->12701K(19736K), 0.0054619 secs]
[GC 14045K->12763K(19736K), 0.0052716 secs]
[GC 14107K->12826K(19736K), 0.0054275 secs]
[GC 14170K->12888K(19736K), 0.0054032 secs]
[GC 14232K->12951K(19736K), 0.0053454 secs]
[GC 14295K->13014K(19736K), 0.0053873 secs]
[GC 14357K->13080K(19736K), 0.0096683 secs]
[GC 14424K->13149K(19736K), 0.0056463 secs]
[GC 14493K->13214K(19736K), 0.0053806 secs]
[GC 14558K->13279K(19736K), 0.0055088 secs]
[GC 14623K->13344K(19736K), 0.0054267 secs]
[GC 14688K->13409K(19736K), 0.0054392 secs]
[GC 14753K->13474K(19736K), 0.0054099 secs]
[GC 14818K->13538K(19736K), 0.0054183 secs]
[GC 14882K->13603K(19736K), 0.0055976 secs]
[GC 14947K->13668K(19736K), 0.0055918 secs]
[GC 15012K->13732K(19736K), 0.0054401 secs]
[GC 15076K->13796K(19736K), 0.0053797 secs]
[GC 15140K->13860K(19736K), 0.0053211 secs]
[GC 15204K->13924K(19736K), 0.0054476 secs]
[GC 15268K->13988K(19736K), 0.0055189 secs]
[GC 15332K->14052K(19736K), 0.0055113 secs]
[GC 15396K->14116K(19736K), 0.0053722 secs]
[GC 15460K->14179K(19736K), 0.0055180 secs]
[GC 15523K->14242K(19736K), 0.0097873 secs]
[GC 15586K->14309K(19736K), 0.0055482 secs]
[GC 15653K->14378K(19736K), 0.0056077 secs]
[GC 15722K->14443K(19736K), 0.0054862 secs]
[GC 15787K->14509K(19736K), 0.0054803 secs]
[GC 15853K->14574K(19736K), 0.0054242 secs]
[GC 15918K->14638K(19736K), 0.0054007 secs]
[GC 15982K->14702K(19736K), 0.0054460 secs]
[GC 16046K->14766K(19736K), 0.0054518 secs]
[GC 16110K->14831K(19736K), 0.0054409 secs]
[GC 16175K->14895K(19736K), 0.0054870 secs]
[GC 16239K->14960K(19736K), 0.0054803 secs]
[GC 16304K->15024K(19736K), 0.0054661 secs]
[GC 16368K->15088K(19736K), 0.0054619 secs]
[GC 16432K->15153K(19736K), 0.0057393 secs]
[GC 16497K->15216K(19736K), 0.0054744 secs]
[GC 16560K->15280K(19736K), 0.0055214 secs]
[GC 16624K->15344K(19736K), 0.0054175 secs]
[GC 16688K->15408K(19736K), 0.0054686 secs]
[GC 16752K->15472K(19736K), 0.0054443 secs]
[GC 16816K->15535K(19736K), 0.0055566 secs]
[GC 16879K->15599K(19736K), 0.0054225 secs]
[GC 16943K->15662K(19736K), 0.0055105 secs]
[GC 17006K->15726K(19736K), 0.0054401 secs]
[GC 17070K->15790K(19736K), 0.0054577 secs]
[GC 17134K->15854K(19736K), 0.0054803 secs]
[GC 17198K->15918K(19736K), 0.0055323 secs]
[GC 17262K->15982K(19736K), 0.0053890 secs]
[GC 17326K->16045K(19736K), 0.0054971 secs]
[GC 17389K->16109K(19736K), 0.0054870 secs]
[GC 17453K->16173K(19736K), 0.0055130 secs]
[GC 17517K->16237K(19736K), 0.0054342 secs]
[GC 17581K->16299K(19736K), 0.0055340 secs]
[GC 17643K->16362K(19736K), 0.0054434 secs]
[GC 17706K->16429K(19736K), 0.0055633 secs]
[GC 17773K->16498K(19736K), 0.0055725 secs]
[GC 17842K->16563K(19736K), 0.0056052 secs]
[GC 17907K->16628K(19736K), 0.0054828 secs]
[GC 17972K->16693K(19736K), 0.0055222 secs]
[GC 18037K->16758K(19736K), 0.0054594 secs]
[GC 18102K->16823K(19736K), 0.0054736 secs]
[GC 18167K->16888K(19736K), 0.0055574 secs]
[GC 18232K->16952K(19736K), 0.0055306 secs]
[GC 18296K->17016K(19736K), 0.0004995 secs]
[GC 18360K->17081K(19736K), 0.0055272 secs]
[GC 18425K->17145K(19736K), 0.0053915 secs]
[GC 18489K->17209K(19736K), 0.0055231 secs]
[GC 18553K->17273K(19736K), 0.0054669 secs]
[GC 18617K->17338K(19736K), 0.0055281 secs]
[GC 18682K->17402K(19736K), 0.0054644 secs]
[GC 18746K->17466K(19736K), 0.0055943 secs]
[GC 18810K->17530K(19736K), 0.0053211 secs]
[GC 18874K->17593K(19736K), 0.0054627 secs]
[GC 18937K->17656K(19736K), 0.0053018 secs]
[GC 19000K->17718K(19736K), 0.0055214 secs]
[GC 19062K->17781K(19736K), 0.0054451 secs]
[GC 19125K->17848K(19736K), 0.0096356 secs]
[GC 19192K->17917K(19736K), 0.0056261 secs]
[GC 19261K->17982K(19736K), 0.0057535 secs]
[GC 19326K->18048K(19736K), 0.0053973 secs]
[GC 19392K->18113K(19736K), 0.0054669 secs]
[GC 19457K->18177K(19736K), 0.0054971 secs]
[GC 19521K->18242K(19736K), 0.0054778 secs]
[GC 19586K->18305K(19736K), 0.0053722 secs]
[GC 19649K->18368K(19736K), 0.0056622 secs]
[GC 19712K->18432K(19864K), 0.0057259 secs]
[Full GC 18432K->10036K(19864K), 0.1318871 secs]
[GC 11380K->10229K(19736K), 0.0060946 secs]
[GC 11573K->10295K(19736K), 0.0054568 secs]
[GC 11639K->10362K(19736K), 0.0053269 secs]
[GC 11706K->10431K(19736K), 0.0053328 secs]
[GC 11775K->10496K(19736K), 0.0053747 secs]
[GC 11840K->10560K(19736K), 0.0053747 secs]
[GC 11904K->10625K(19736K), 0.0052984 secs]
[GC 11969K->10688K(19736K), 0.0054367 secs]
[GC 12032K->10752K(19736K), 0.0053605 secs]
[GC 12096K->10817K(19736K), 0.0054183 secs]
[GC 12161K->10880K(19736K), 0.0053982 secs]
[GC 12224K->10944K(19736K), 0.0053688 secs]
[GC 12288K->11008K(19736K), 0.0053160 secs]
[GC 12352K->11071K(19736K), 0.0054359 secs]
[GC 12415K->11134K(19736K), 0.0054711 secs]
[GC 12478K->11198K(19736K), 0.0053772 secs]
[GC 12542K->11262K(19736K), 0.0054359 secs]
[GC 12605K->11325K(19736K), 0.0053680 secs]
[GC 12669K->11388K(19736K), 0.0053697 secs]
[GC 12732K->11451K(19736K), 0.0053596 secs]
[GC 12795K->11514K(19736K), 0.0053445 secs]
[GC 12858K->11577K(19736K), 0.0053554 secs]
[GC 12921K->11644K(19736K), 0.0054124 secs]
[GC 12988K->11712K(19736K), 0.0055692 secs]
[GC 13056K->11778K(19736K), 0.0054828 secs]
[GC 13122K->11842K(19736K), 0.0053571 secs]
[GC 13186K->11901K(19736K), 0.0051610 secs]
[GC 13245K->11963K(19736K), 0.0053965 secs]
[GC 13307K->12026K(19736K), 0.0054124 secs]
[GC 13370K->12088K(19736K), 0.0052163 secs]
[GC 13432K->12150K(19736K), 0.0054988 secs]
[GC 13494K->12212K(19736K), 0.0053789 secs]
[GC 13556K->12275K(19736K), 0.0053035 secs]
[GC 13619K->12337K(19736K), 0.0053253 secs]
[GC 13681K->12399K(19736K), 0.0053278 secs]
[GC 13743K->12466K(19736K), 0.0055968 secs]
[GC 13810K->12534K(19736K), 0.0054988 secs]
[GC 13878K->12594K(19736K), 0.0051048 secs]
[GC 13938K->12656K(19736K), 0.0053856 secs]
[GC 14000K->12718K(19736K), 0.0053244 secs]
[GC 14062K->12784K(19736K), 0.0055868 secs]
[GC 14128K->12854K(19736K), 0.0055096 secs]
[GC 14198K->12919K(19736K), 0.0054325 secs]
[GC 14263K->12984K(19736K), 0.0054309 secs]
[GC 14328K->13049K(19736K), 0.0054736 secs]
[GC 14393K->13113K(19736K), 0.0054828 secs]
[GC 14457K->13178K(19736K), 0.0054334 secs]
[GC 14522K->13243K(19736K), 0.0054384 secs]
[GC 14587K->13308K(19736K), 0.0055423 secs]
[GC 14652K->13373K(19736K), 0.0054828 secs]
[GC 14717K->13438K(19736K), 0.0053730 secs]
[GC 14781K->13502K(19736K), 0.0055599 secs]
[GC 14846K->13566K(19736K), 0.0054024 secs]
[GC 14910K->13630K(19736K), 0.0054770 secs]
[GC 14974K->13694K(19736K), 0.0054610 secs]
[GC 15038K->13759K(19736K), 0.0054225 secs]
[GC 15103K->13824K(19736K), 0.0054108 secs]
[GC 15168K->13888K(19736K), 0.0055013 secs]
[GC 15232K->13952K(19736K), 0.0054200 secs]
[GC 15296K->14016K(19736K), 0.0054568 secs]
[GC 15360K->14081K(19736K), 0.0055306 secs]
[GC 15425K->14144K(19736K), 0.0054250 secs]
[GC 15488K->14208K(19736K), 0.0054275 secs]
[GC 15552K->14272K(19736K), 0.0053638 secs]
[GC 15616K->14335K(19736K), 0.0054015 secs]
[GC 15679K->14398K(19736K), 0.0054007 secs]
[GC 15742K->14461K(19736K), 0.0053387 secs]
[GC 15805K->14528K(19736K), 0.0055004 secs]
[GC 15872K->14597K(19736K), 0.0056362 secs]
[GC 15941K->14662K(19736K), 0.0054568 secs]
[GC 16006K->14727K(19736K), 0.0057468 secs]
[GC 16071K->14791K(19736K), 0.0053982 secs]
[GC 16135K->14855K(19736K), 0.0054418 secs]
[GC 16199K->14918K(19736K), 0.0053848 secs]
[GC 16262K->14981K(19736K), 0.0054837 secs]
[GC 16325K->15043K(19736K), 0.0054418 secs]
[GC 16387K->15106K(19736K), 0.0055222 secs]
[GC 16450K->15169K(19736K), 0.0055029 secs]
[GC 16513K->15237K(19736K), 0.0055784 secs]
[GC 16581K->15305K(19736K), 0.0055608 secs]
[GC 16649K->15370K(19736K), 0.0055792 secs]
[GC 16714K->15435K(19736K), 0.0054661 secs]
[GC 16779K->15500K(19736K), 0.0055264 secs]
[GC 16844K->15565K(19736K), 0.0054946 secs]
[GC 16909K->15629K(19736K), 0.0053554 secs]
[GC 16973K->15692K(19736K), 0.0054242 secs]
[GC 17036K->15756K(19736K), 0.0053613 secs]
[GC 17100K->15820K(19736K), 0.0054392 secs]
[GC 17164K->15884K(19736K), 0.0055826 secs]
[GC 17228K->15947K(19736K), 0.0054594 secs]
[GC 17291K->16011K(19736K), 0.0053797 secs]
[GC 17355K->16074K(19736K), 0.0054225 secs]
[GC 17418K->16137K(19736K), 0.0054568 secs]
[GC 17481K->16200K(19736K), 0.0054082 secs]
[GC 17544K->16263K(19736K), 0.0055549 secs]
[GC 17607K->16325K(19736K), 0.0054828 secs]
[GC 17669K->16387K(19736K), 0.0054753 secs]
[GC 17731K->16450K(19736K), 0.0054275 secs]
[GC 17794K->16512K(19736K), 0.0053152 secs]
[GC 17856K->16574K(19736K), 0.0055348 secs]
[GC 17918K->16637K(19736K), 0.0054862 secs]
[GC 17981K->16700K(19736K), 0.0054040 secs]
[GC 18044K->16763K(19736K), 0.0053948 secs]
[GC 18107K->16825K(19736K), 0.0054040 secs]
[GC 18169K->16892K(19736K), 0.0055566 secs]
[GC 18236K->16961K(19736K), 0.0056714 secs]
[GC 18305K->17026K(19736K), 0.0055717 secs]
[GC 18370K->17091K(19736K), 0.0055868 secs]
[GC 18435K->17156K(19736K), 0.0054929 secs]
[GC 18500K->17221K(19736K), 0.0055826 secs]
[GC 18565K->17286K(19736K), 0.0055700 secs]
[GC 18630K->17352K(19736K), 0.0055800 secs]
[GC 18696K->17417K(19736K), 0.0056538 secs]
[GC 18761K->17483K(19736K), 0.0055348 secs]
[GC 18827K->17547K(19736K), 0.0054476 secs]
[GC 18891K->17612K(19736K), 0.0054761 secs]
[GC 18956K->17677K(19736K), 0.0054929 secs]
[GC 19021K->17741K(19736K), 0.0055373 secs]
[GC 19085K->17806K(19736K), 0.0055474 secs]
[GC 19150K->17870K(19736K), 0.0055113 secs]
[GC 19214K->17935K(19736K), 0.0054946 secs]
[GC 19279K->17999K(19736K), 0.0055591 secs]
[GC 19343K->18063K(19736K), 0.0054979 secs]
[GC 19407K->18127K(19736K), 0.0055624 secs]
[GC 19471K->18191K(19736K), 0.0055130 secs]
[GC 19535K->18255K(19736K), 0.0055608 secs]
[GC 19599K->18322K(19736K), 0.0054057 secs]
[GC 19666K->18390K(19736K), 0.0055951 secs]
[Full GC 18390K->10926K(19736K), 0.1406175 secs]
[GC 12270K->11120K(19736K), 0.0064316 secs]
[GC 12464K->11186K(19736K), 0.0054744 secs]
[GC 12530K->11250K(19736K), 0.0053043 secs]
[GC 12594K->11314K(19736K), 0.0053336 secs]
[GC 12658K->11379K(19736K), 0.0052322 secs]
[GC 12723K->11442K(19736K), 0.0055448 secs]
[GC 12786K->11506K(19736K), 0.0054267 secs]
[GC 12850K->11571K(19736K), 0.0054015 secs]
[GC 12915K->11634K(19736K), 0.0053697 secs]
[GC 12978K->11698K(19736K), 0.0053538 secs]
[GC 13042K->11762K(19736K), 0.0055013 secs]
[GC 13106K->11825K(19736K), 0.0053336 secs]
[GC 13169K->11888K(19736K), 0.0055088 secs]
[GC 13232K->11951K(19736K), 0.0054552 secs]
[GC 13295K->12014K(19736K), 0.0053286 secs]
[GC 13358K->12077K(19736K), 0.0053688 secs]
[GC 13421K->12139K(19736K), 0.0056044 secs]
[GC 13483K->12205K(19736K), 0.0053856 secs]
[GC 13549K->12274K(19736K), 0.0056060 secs]
[GC 13618K->12339K(19736K), 0.0055348 secs]
[GC 13683K->12404K(19736K), 0.0054024 secs]
[GC 13748K->12469K(19736K), 0.0055432 secs]
[GC 13813K->12534K(19736K), 0.0053638 secs]
[GC 13878K->12599K(19736K), 0.0054535 secs]
[GC 13943K->12663K(19736K), 0.0055742 secs]
[GC 14007K->12729K(19736K), 0.0054493 secs]
[GC 14073K->12793K(19736K), 0.0054761 secs]
[GC 14137K->12857K(19736K), 0.0054778 secs]
[GC 14201K->12921K(19736K), 0.0054175 secs]
[GC 14265K->12986K(19736K), 0.0054267 secs]
[GC 14330K->13050K(19736K), 0.0052901 secs]
[GC 14394K->13114K(19736K), 0.0054351 secs]
[GC 14458K->13178K(19736K), 0.0053772 secs]
[GC 14522K->13243K(19736K), 0.0053756 secs]
[GC 14587K->13307K(19736K), 0.0055080 secs]
[GC 14651K->13373K(19736K), 0.0054895 secs]
[GC 14717K->13437K(19736K), 0.0054183 secs]
[GC 14781K->13502K(19736K), 0.0054711 secs]
[GC 14846K->13566K(19736K), 0.0054049 secs]
[GC 14910K->13631K(19736K), 0.0054057 secs]
[GC 14975K->13696K(19736K), 0.0053814 secs]
[GC 15040K->13760K(19736K), 0.0054585 secs]
[GC 15104K->13824K(19736K), 0.0054091 secs]
[GC 15168K->13888K(19736K), 0.0054627 secs]
[GC 15232K->13952K(19736K), 0.0054334 secs]
[GC 15296K->14015K(19736K), 0.0053932 secs]
[GC 15359K->14082K(19736K), 0.0054837 secs]
[GC 15426K->14151K(19736K), 0.0056362 secs]
[GC 15495K->14216K(19736K), 0.0055943 secs]
[GC 15560K->14281K(19736K), 0.0053672 secs]
[GC 15625K->14345K(19736K), 0.0054074 secs]
[GC 15689K->14411K(19736K), 0.0054837 secs]
[GC 15755K->14475K(19736K), 0.0053169 secs]
[GC 15819K->14540K(19736K), 0.0054468 secs]
[GC 15884K->14604K(19736K), 0.0056463 secs]
[GC 15948K->14669K(19736K), 0.0053018 secs]
[GC 16013K->14733K(19736K), 0.0055239 secs]
[GC 16077K->14797K(19736K), 0.0054049 secs]
[GC 16141K->14860K(19736K), 0.0054594 secs]
[GC 16204K->14925K(19736K), 0.0055407 secs]
[GC 16269K->14989K(19736K), 0.0056396 secs]
[GC 16333K->15054K(19736K), 0.0054359 secs]
[GC 16398K->15118K(19736K), 0.0053864 secs]
[GC 16462K->15182K(19736K), 0.0054719 secs]
[GC 16526K->15247K(19736K), 0.0054325 secs]
[GC 16591K->15310K(19736K), 0.0053135 secs]
[GC 16654K->15374K(19736K), 0.0055658 secs]
[GC 16718K->15441K(19736K), 0.0054954 secs]
[GC 16785K->15510K(19736K), 0.0057066 secs]
[GC 16854K->15576K(19736K), 0.0053915 secs]
[GC 16920K->15640K(19736K), 0.0055004 secs]
[GC 16984K->15705K(19736K), 0.0055281 secs]
[GC 17049K->15769K(19736K), 0.0054988 secs]
[GC 17113K->15832K(19736K), 0.0053177 secs]
[GC 17176K->15895K(19736K), 0.0055482 secs]
[GC 17239K->15962K(19736K), 0.0053320 secs]
[GC 17306K->16030K(19736K), 0.0055800 secs]
[GC 17374K->16103K(19736K), 0.0055264 secs]
[GC 17447K->16168K(19736K), 0.0058130 secs]
[GC 17512K->16233K(19736K), 0.0054267 secs]
[GC 17577K->16297K(19736K), 0.0055407 secs]
[GC 17641K->16360K(19736K), 0.0055817 secs]
[GC 17704K->16424K(19736K), 0.0055055 secs]
[GC 17768K->16487K(19736K), 0.0055775 secs]
[GC 17831K->16550K(19736K), 0.0055130 secs]
[GC 17894K->16613K(19736K), 0.0053982 secs]
[GC 17957K->16676K(19736K), 0.0055524 secs]
[GC 18020K->16739K(19736K), 0.0055029 secs]
[GC 18083K->16806K(19736K), 0.0055516 secs]
[GC 18150K->16875K(19736K), 0.0056303 secs]
[GC 18219K->16940K(19736K), 0.0055976 secs]
[GC 18284K->17006K(19736K), 0.0054225 secs]
[GC 18350K->17070K(19736K), 0.0055138 secs]
[GC 18414K->17135K(19736K), 0.0053965 secs]
[GC 18479K->17199K(19736K), 0.0054853 secs]
[GC 18543K->17264K(19736K), 0.0054619 secs]
[GC 18608K->17329K(19736K), 0.0054929 secs]
[GC 18673K->17394K(19736K), 0.0055004 secs]
[GC 18738K->17458K(19736K), 0.0054820 secs]
[GC 18802K->17522K(19736K), 0.0054761 secs]
[GC 18866K->17586K(19736K), 0.0056588 secs]
[GC 18930K->17650K(19736K), 0.0054468 secs]
[GC 18994K->17713K(19736K), 0.0055055 secs]
[GC 19057K->17776K(19736K), 0.0055633 secs]
[GC 19120K->17839K(19736K), 0.0053596 secs]
[GC 19183K->17901K(19736K), 0.0054996 secs]
[GC 19245K->17964K(19736K), 0.0055222 secs]
[GC 19308K->18027K(19736K), 0.0056253 secs]
[GC 19371K->18090K(19736K), 0.0054200 secs]
[GC 19434K->18153K(19736K), 0.0054133 secs]
[GC 19497K->18220K(19736K), 0.0055767 secs]
[GC 19564K->18288K(19736K), 0.0056220 secs]
[GC 19632K->18354K(19736K), 0.0055457 secs]
[GC 19698K->18419K(19864K), 0.0056890 secs]
[Full GC 18419K->10039K(19864K), 0.1316205 secs]
[GC 11383K->10232K(19736K), 0.0060309 secs]
[GC 11576K->10297K(19736K), 0.0054342 secs]
[GC 11641K->10362K(19736K), 0.0053211 secs]
[GC 11706K->10427K(19736K), 0.0053638 secs]
[GC 11771K->10492K(19736K), 0.0054493 secs]
[GC 11836K->10557K(19736K), 0.0052934 secs]
[GC 11901K->10622K(19736K), 0.0054158 secs]
[GC 11966K->10687K(19736K), 0.0052297 secs]
[GC 12031K->10751K(19736K), 0.0054082 secs]
[GC 12095K->10816K(19736K), 0.0054392 secs]
[GC 12160K->10880K(19736K), 0.0053923 secs]
[GC 12224K->10944K(19736K), 0.0053957 secs]
[GC 12288K->11008K(19736K), 0.0053345 secs]
[GC 12352K->11072K(19736K), 0.0052247 secs]
[GC 12416K->11136K(19736K), 0.0054460 secs]
[GC 12480K->11200K(19736K), 0.0052280 secs]
[GC 12544K->11264K(19736K), 0.0053965 secs]
[GC 12608K->11327K(19736K), 0.0052951 secs]
[GC 12671K->11391K(19736K), 0.0053404 secs]
[GC 12735K->11458K(19736K), 0.0054401 secs]
[GC 12802K->11527K(19736K), 0.0055624 secs]
[GC 12871K->11592K(19736K), 0.0054736 secs]
[GC 12936K->11657K(19736K), 0.0054728 secs]
[GC 13001K->11721K(19736K), 0.0054325 secs]
[GC 13065K->11784K(19736K), 0.0052917 secs]
[GC 13128K->11848K(19736K), 0.0053496 secs]
[GC 13192K->11915K(19736K), 0.0054082 secs]
[GC 13259K->11983K(19736K), 0.0054191 secs]
[GC 13327K->12048K(19736K), 0.0053797 secs]
[GC 13392K->12113K(19736K), 0.0053630 secs]
[GC 13457K->12177K(19736K), 0.0054124 secs]
[GC 13521K->12241K(19736K), 0.0053311 secs]
[GC 13585K->12305K(19736K), 0.0054426 secs]
[GC 13649K->12372K(19736K), 0.0055071 secs]
[GC 13716K->12440K(19736K), 0.0054904 secs]
[GC 13784K->12506K(19736K), 0.0055222 secs]
[GC 13850K->12571K(19736K), 0.0054242 secs]
[GC 13915K->12635K(19736K), 0.0054242 secs]
[GC 13979K->12699K(19736K), 0.0055340 secs]
[GC 14043K->12762K(19736K), 0.0052800 secs]
[GC 14106K->12829K(19736K), 0.0054124 secs]
[GC 14173K->12898K(19736K), 0.0054770 secs]
[GC 14242K->12964K(19736K), 0.0054636 secs]
[GC 14308K->13029K(19736K), 0.0055968 secs]
[GC 14373K->13092K(19736K), 0.0053638 secs]
[GC 14436K->13157K(19736K), 0.0054384 secs]
[GC 14501K->13221K(19736K), 0.0053621 secs]
[GC 14565K->13285K(19736K), 0.0053747 secs]
[GC 14629K->13349K(19736K), 0.0053420 secs]
[GC 14693K->13413K(19736K), 0.0054007 secs]
[GC 14757K->13476K(19736K), 0.0054351 secs]
[GC 14820K->13539K(19736K), 0.0054451 secs]
[GC 14883K->13602K(19736K), 0.0053194 secs]
[GC 14946K->13665K(19736K), 0.0053948 secs]
[GC 15009K->13727K(19736K), 0.0053404 secs]
[GC 15071K->13791K(19736K), 0.0054627 secs]
[GC 15135K->13854K(19736K), 0.0054527 secs]
[GC 15198K->13916K(19736K), 0.0054971 secs]
[GC 15260K->13979K(19736K), 0.0054166 secs]
[GC 15323K->14042K(19736K), 0.0053563 secs]
[GC 15386K->14104K(19736K), 0.0054158 secs]
[GC 15448K->14166K(19736K), 0.0053814 secs]
[GC 15510K->14228K(19736K), 0.0053823 secs]
[GC 15572K->14294K(19736K), 0.0055465 secs]
[GC 15638K->14362K(19736K), 0.0055457 secs]
[GC 15706K->14430K(19736K), 0.0054342 secs]
[GC 15774K->14495K(19736K), 0.0054216 secs]
[GC 15839K->14560K(19736K), 0.0054074 secs]
[GC 15904K->14625K(19736K), 0.0054602 secs]
[GC 15969K->14691K(19736K), 0.0054124 secs]
[GC 16035K->14755K(19736K), 0.0053990 secs]
[GC 16099K->14820K(19736K), 0.0054091 secs]
[GC 16164K->14885K(19736K), 0.0055767 secs]
[GC 16229K->14950K(19736K), 0.0055155 secs]
[GC 16294K->15015K(19736K), 0.0054040 secs]
[GC 16359K->15080K(19736K), 0.0054753 secs]
[GC 16424K->15145K(19736K), 0.0054594 secs]
[GC 16489K->15209K(19736K), 0.0054409 secs]
[GC 16553K->15273K(19736K), 0.0055272 secs]
[GC 16617K->15337K(19736K), 0.0054208 secs]
[GC 16681K->15400K(19736K), 0.0055624 secs]
[GC 16744K->15463K(19736K), 0.0055876 secs]
[GC 16807K->15530K(19736K), 0.0055532 secs]
[GC 16874K->15599K(19736K), 0.0054694 secs]
[GC 16943K->15664K(19736K), 0.0056789 secs]
[GC 17008K->15729K(19736K), 0.0054803 secs]
[GC 17073K->15794K(19736K), 0.0054979 secs]
[GC 17138K->15860K(19736K), 0.0055105 secs]
[GC 17204K->15925K(19736K), 0.0054887 secs]
[GC 17269K->15989K(19736K), 0.0054577 secs]
[GC 17333K->16053K(19736K), 0.0054786 secs]
[GC 17397K->16118K(19736K), 0.0054946 secs]
[GC 17462K->16182K(19736K), 0.0054778 secs]
[GC 17526K->16245K(19736K), 0.0053957 secs]
[GC 17589K->16309K(19736K), 0.0054409 secs]
[GC 17653K->16372K(19736K), 0.0054183 secs]
[GC 17716K->16436K(19736K), 0.0055608 secs]
[GC 17780K->16499K(19736K), 0.0053336 secs]
[GC 17843K->16561K(19736K), 0.0054979 secs]
[GC 17905K->16624K(19736K), 0.0053864 secs]
[GC 17968K->16687K(19736K), 0.0054820 secs]
[GC 18031K->16753K(19736K), 0.0054024 secs]
[GC 18097K->16822K(19736K), 0.0056764 secs]
[GC 18166K->16887K(19736K), 0.0055214 secs]
[GC 18231K->16952K(19736K), 0.0054711 secs]
[GC 18296K->17017K(19736K), 0.0054837 secs]
[GC 18361K->17082K(19736K), 0.0054652 secs]
[GC 18426K->17147K(19736K), 0.0056044 secs]
[GC 18491K->17212K(19736K), 0.0054954 secs]
[GC 18556K->17277K(19736K), 0.0053864 secs]
[GC 18621K->17341K(19736K), 0.0055448 secs]
[GC 18685K->17405K(19736K), 0.0055599 secs]
[GC 18749K->17470K(19736K), 0.0056773 secs]
[GC 18814K->17534K(19736K), 0.0054912 secs]
[GC 18878K->17599K(19736K), 0.0055482 secs]
[GC 18943K->17663K(19736K), 0.0056454 secs]
[GC 19007K->17728K(19736K), 0.0056035 secs]
[GC 19072K->17791K(19736K), 0.0054367 secs]
[GC 19135K->17855K(19736K), 0.0055172 secs]
[GC 19199K->17919K(19736K), 0.0054602 secs]
[GC 19263K->17982K(19736K), 0.0055063 secs]
[GC 19326K->18045K(19736K), 0.0054175 secs]
[GC 19389K->18108K(19736K), 0.0054334 secs]
[GC 19452K->18171K(19736K), 0.0055432 secs]
[GC 19515K->18234K(19736K), 0.0054728 secs]
[GC 19578K->18300K(19736K), 0.0054954 secs]
[GC 19644K->18366K(19736K), 0.0056186 secs]
[GC 19710K->18431K(19864K), 0.0057678 secs]
[Full GC 18431K->10928K(19864K), 0.1365117 secs]
[GC 12272K->11121K(19736K), 0.0062706 secs]
[GC 12465K->11186K(19736K), 0.0054158 secs]
[GC 12530K->11252K(19736K), 0.0054040 secs]
[GC 12596K->11316K(19736K), 0.0053571 secs]
[GC 12660K->11381K(19736K), 0.0053982 secs]
[GC 12725K->11445K(19736K), 0.0053529 secs]
[GC 12789K->11510K(19736K), 0.0053781 secs]
[GC 12854K->11574K(19736K), 0.0053797 secs]
[GC 12918K->11640K(19736K), 0.0053923 secs]
[GC 12984K->11705K(19736K), 0.0052943 secs]
[GC 13049K->11770K(19736K), 0.0053797 secs]
[GC 13114K->11830K(19736K), 0.0052532 secs]
[GC 13174K->11892K(19736K), 0.0054099 secs]
[GC 13236K->11954K(19736K), 0.0054728 secs]
[GC 13298K->12016K(19736K), 0.0053496 secs]
[GC 13360K->12079K(19736K), 0.0052926 secs]
[GC 13423K->12141K(19736K), 0.0054359 secs]
[GC 13484K->12207K(19736K), 0.0054803 secs]
[GC 13551K->12276K(19736K), 0.0056563 secs]
[GC 13620K->12341K(19736K), 0.0054066 secs]
[GC 13685K->12406K(19736K), 0.0054418 secs]
[GC 13750K->12471K(19736K), 0.0053714 secs]
[GC 13815K->12531K(19736K), 0.0053127 secs]
[GC 13875K->12597K(19736K), 0.0054233 secs]
[GC 13941K->12666K(19736K), 0.0055482 secs]
[GC 14010K->12731K(19736K), 0.0054845 secs]
[GC 14075K->12796K(19736K), 0.0055122 secs]
[GC 14140K->12862K(19736K), 0.0054669 secs]
[GC 14206K->12927K(19736K), 0.0054493 secs]
[GC 14271K->12992K(19736K), 0.0053957 secs]
[GC 14336K->13057K(19736K), 0.0054267 secs]
[GC 14401K->13122K(19736K), 0.0054577 secs]
[GC 14466K->13186K(19736K), 0.0053873 secs]
[GC 14530K->13250K(19736K), 0.0053915 secs]
[GC 14594K->13315K(19736K), 0.0053714 secs]
[GC 14659K->13380K(19736K), 0.0054636 secs]
[GC 14724K->13445K(19736K), 0.0055063 secs]
[GC 14789K->13510K(19736K), 0.0055172 secs]
[GC 14854K->13575K(19736K), 0.0054510 secs]
[GC 14919K->13638K(19736K), 0.0054434 secs]
[GC 14982K->13702K(19736K), 0.0054392 secs]
[GC 15046K->13765K(19736K), 0.0054468 secs]
[GC 15109K->13833K(19736K), 0.0055859 secs]
[GC 15177K->13902K(19736K), 0.0057250 secs]
[GC 15246K->13967K(19736K), 0.0055138 secs]
[GC 15311K->14032K(19736K), 0.0054451 secs]
[GC 15376K->14096K(19736K), 0.0054124 secs]
[GC 15440K->14160K(19736K), 0.0052767 secs]
[GC 15504K->14223K(19736K), 0.0054116 secs]
[GC 15567K->14290K(19736K), 0.0055113 secs]
[GC 15634K->14359K(19736K), 0.0055842 secs]
[GC 15703K->14424K(19736K), 0.0055692 secs]
[GC 15768K->14489K(19736K), 0.0053915 secs]
[GC 15833K->14553K(19736K), 0.0053873 secs]
[GC 15897K->14617K(19736K), 0.0054552 secs]
[GC 15961K->14680K(19736K), 0.0054661 secs]
[GC 16024K->14748K(19736K), 0.0054879 secs]
[GC 16092K->14817K(19736K), 0.0098921 secs]
[GC 16161K->14881K(19736K), 0.0055800 secs]
[GC 16225K->14946K(19736K), 0.0054443 secs]
[GC 16290K->15011K(19736K), 0.0053160 secs]
[GC 16355K->15075K(19736K), 0.0055164 secs]
[GC 16419K->15139K(19736K), 0.0054694 secs]
[GC 16483K->15202K(19736K), 0.0054845 secs]
[GC 16546K->15266K(19736K), 0.0054460 secs]
[GC 16610K->15329K(19736K), 0.0054066 secs]
[GC 16673K->15392K(19736K), 0.0055624 secs]
[GC 16736K->15455K(19736K), 0.0054485 secs]
[GC 16799K->15522K(19736K), 0.0055826 secs]
[GC 16866K->15591K(19736K), 0.0055499 secs]
[GC 16935K->15656K(19736K), 0.0055122 secs]
[GC 17000K->15721K(19736K), 0.0055289 secs]
[GC 17065K->15786K(19736K), 0.0055096 secs]
[GC 17130K->15850K(19736K), 0.0054485 secs]
[GC 17194K->15915K(19736K), 0.0055616 secs]
[GC 17259K->15979K(19736K), 0.0054510 secs]
[GC 17323K->16043K(19736K), 0.0052909 secs]
[GC 17387K->16107K(19736K), 0.0054652 secs]
[GC 17451K->16170K(19736K), 0.0055088 secs]
[GC 17514K->16234K(19736K), 0.0055340 secs]
[GC 17578K->16298K(19736K), 0.0055147 secs]
[GC 17642K->16361K(19736K), 0.0054476 secs]
[GC 17705K->16424K(19736K), 0.0054786 secs]
[GC 17768K->16488K(19736K), 0.0055021 secs]
[GC 17832K->16550K(19736K), 0.0056312 secs]
[GC 17894K->16613K(19736K), 0.0055055 secs]
[GC 17957K->16675K(19736K), 0.0055147 secs]
[GC 18019K->16739K(19736K), 0.0054862 secs]
[GC 18083K->16802K(19736K), 0.0055340 secs]
[GC 18146K->16864K(19736K), 0.0054133 secs]
[GC 18208K->16927K(19736K), 0.0056169 secs]
[GC 18271K->16990K(19736K), 0.0055239 secs]
[GC 18334K->17052K(19736K), 0.0055298 secs]
[GC 18396K->17119K(19736K), 0.0054954 secs]
[GC 18463K->17187K(19736K), 0.0056697 secs]
[GC 18531K->17247K(19736K), 0.0054317 secs]
[GC 18591K->17309K(19736K), 0.0055733 secs]
[GC 18653K->17371K(19736K), 0.0054988 secs]
[GC 18715K->17434K(19736K), 0.0054108 secs]
[GC 18778K->17500K(19736K), 0.0055792 secs]
[GC 18844K->17563K(19736K), 0.0055122 secs]
[GC 18907K->17626K(19736K), 0.0054543 secs]
[GC 18970K->17694K(19736K), 0.0057276 secs]
[GC 19038K->17762K(19736K), 0.0056706 secs]
[GC 19106K->17827K(19736K), 0.0055532 secs]
[GC 19171K->17892K(19736K), 0.0054904 secs]
[GC 19236K->17958K(19736K), 0.0055356 secs]
[GC 19302K->18022K(19736K), 0.0055624 secs]
[GC 19366K->18088K(19736K), 0.0055566 secs]
[GC 19432K->18153K(19736K), 0.0054962 secs]
[GC 19497K->18218K(19736K), 0.0055599 secs]
[GC 19562K->18284K(19736K), 0.0055591 secs]
[GC 19628K->18348K(19736K), 0.0054870 secs]
[GC 19692K->18413K(19864K), 0.0057091 secs]
[Full GC 18413K->10038K(19864K), 0.1333068 secs]
[GC 11382K->10231K(19736K), 0.0060779 secs]
[GC 11575K->10296K(19736K), 0.0055289 secs]
[GC 11640K->10361K(19736K), 0.0053194 secs]
[GC 11705K->10426K(19736K), 0.0053311 secs]
[GC 11770K->10491K(19736K), 0.0053420 secs]
[GC 11835K->10555K(19736K), 0.0053412 secs]
[GC 11899K->10619K(19736K), 0.0054024 secs]
[GC 11963K->10682K(19736K), 0.0053328 secs]
[GC 12026K->10745K(19736K), 0.0052674 secs]
[GC 12089K->10807K(19736K), 0.0053563 secs]
[GC 12151K->10869K(19736K), 0.0052373 secs]
[GC 12213K->10935K(19736K), 0.0053370 secs]
[GC 12279K->11004K(19736K), 0.0055055 secs]
[GC 12348K->11069K(19736K), 0.0054652 secs]
[GC 12413K->11135K(19736K), 0.0054803 secs]
[GC 12479K->11200K(19736K), 0.0055893 secs]
[GC 12544K->11264K(19736K), 0.0053303 secs]
[GC 12608K->11329K(19736K), 0.0053521 secs]
[GC 12673K->11394K(19736K), 0.0054225 secs]
[GC 12738K->11457K(19736K), 0.0053487 secs]
[GC 12801K->11521K(19736K), 0.0053412 secs]
[GC 12865K->11585K(19736K), 0.0052348 secs]
[GC 12929K->11649K(19736K), 0.0054292 secs]
[GC 12993K->11713K(19736K), 0.0054024 secs]
[GC 13057K->11778K(19736K), 0.0054837 secs]
[GC 13122K->11842K(19736K), 0.0053093 secs]
[GC 13186K->11906K(19736K), 0.0054954 secs]
[GC 13250K->11969K(19736K), 0.0054476 secs]
[GC 13313K->12033K(19736K), 0.0052289 secs]
[GC 13377K->12096K(19736K), 0.0053253 secs]
[GC 13440K->12159K(19736K), 0.0052624 secs]
[GC 13503K->12222K(19736K), 0.0054208 secs]
[GC 13566K->12285K(19736K), 0.0054074 secs]
[GC 13629K->12349K(19736K), 0.0054141 secs]
[GC 13693K->12412K(19736K), 0.0054594 secs]
[GC 13756K->12475K(19736K), 0.0054820 secs]
[GC 13819K->12539K(19736K), 0.0054585 secs]
[GC 13883K->12602K(19736K), 0.0052507 secs]
[GC 13946K->12664K(19736K), 0.0054099 secs]
[GC 14008K->12727K(19736K), 0.0054594 secs]
[GC 14071K->12790K(19736K), 0.0054686 secs]
[GC 14134K->12853K(19736K), 0.0053705 secs]
[GC 14197K->12915K(19736K), 0.0053672 secs]
[GC 14259K->12979K(19736K), 0.0052825 secs]
[GC 14323K->13045K(19736K), 0.0054216 secs]
[GC 14389K->13114K(19736K), 0.0055717 secs]
[GC 14458K->13179K(19736K), 0.0054602 secs]
[GC 14523K->13243K(19736K), 0.0054476 secs]
[GC 14587K->13302K(19736K), 0.0054460 secs]
[GC 14646K->13365K(19736K), 0.0053035 secs]
[GC 14709K->13431K(19736K), 0.0054812 secs]
[GC 14775K->13500K(19736K), 0.0055817 secs]
[GC 14844K->13561K(19736K), 0.0052197 secs]
[GC 14905K->13627K(19736K), 0.0055608 secs]
[GC 14970K->13697K(19736K), 0.0055432 secs]
[GC 15041K->13762K(19736K), 0.0054166 secs]
[GC 15106K->13827K(19736K), 0.0054049 secs]
[GC 15171K->13892K(19736K), 0.0055046 secs]
[GC 15236K->13957K(19736K), 0.0055616 secs]
[GC 15301K->14022K(19736K), 0.0053990 secs]
[GC 15366K->14086K(19736K), 0.0052524 secs]
[GC 15430K->14151K(19736K), 0.0052943 secs]
[GC 15495K->14215K(19736K), 0.0055599 secs]
[GC 15559K->14281K(19736K), 0.0055138 secs]
[GC 15625K->14345K(19736K), 0.0053512 secs]
[GC 15689K->14409K(19736K), 0.0054744 secs]
[GC 15753K->14474K(19736K), 0.0053253 secs]
[GC 15818K->14538K(19736K), 0.0054979 secs]
[GC 15882K->14603K(19736K), 0.0054351 secs]
[GC 15947K->14668K(19736K), 0.0054418 secs]
[GC 16012K->14732K(19736K), 0.0054669 secs]
[GC 16076K->14797K(19736K), 0.0054627 secs]
[GC 16141K->14861K(19736K), 0.0053823 secs]
[GC 16205K->14925K(19736K), 0.0054744 secs]
[GC 16269K->14988K(19736K), 0.0053052 secs]
[GC 16332K->15052K(19736K), 0.0054736 secs]
[GC 16396K->15116K(19736K), 0.0054434 secs]
[GC 16460K->15180K(19736K), 0.0054778 secs]
[GC 16524K->15244K(19736K), 0.0053093 secs]
[GC 16588K->15307K(19736K), 0.0053940 secs]
[GC 16651K->15370K(19736K), 0.0054962 secs]
[GC 16714K->15433K(19736K), 0.0054904 secs]
[GC 16777K->15501K(19736K), 0.0055633 secs]
[GC 16845K->15569K(19736K), 0.0056094 secs]
[GC 16913K->15635K(19736K), 0.0056253 secs]
[GC 16979K->15700K(19736K), 0.0054468 secs]
[GC 17044K->15764K(19736K), 0.0054409 secs]
[GC 17108K->15828K(19736K), 0.0054786 secs]
[GC 17172K->15892K(19736K), 0.0055826 secs]
[GC 17236K->15955K(19736K), 0.0054032 secs]
[GC 17299K->16018K(19736K), 0.0052473 secs]
[GC 17362K->16081K(19736K), 0.0095786 secs]
[GC 17425K->16145K(19736K), 0.0054602 secs]
[GC 17489K->16208K(19736K), 0.0053647 secs]
[GC 17552K->16271K(19736K), 0.0055055 secs]
[GC 17615K->16338K(19736K), 0.0054744 secs]
[GC 17682K->16407K(19736K), 0.0054954 secs]
[GC 17751K->16472K(19736K), 0.0056253 secs]
[GC 17816K->16537K(19736K), 0.0055700 secs]
[GC 17881K->16602K(19736K), 0.0054267 secs]
[GC 17946K->16667K(19736K), 0.0097337 secs]
[GC 18011K->16732K(19736K), 0.0056479 secs]
[GC 18076K->16797K(19736K), 0.0055264 secs]
[GC 18141K->16862K(19736K), 0.0054493 secs]
[GC 18206K->16926K(19736K), 0.0055147 secs]
[GC 18270K->16990K(19736K), 0.0055373 secs]
[GC 18334K->17054K(19736K), 0.0055574 secs]
[GC 18398K->17119K(19736K), 0.0055289 secs]
[GC 18463K->17182K(19736K), 0.0054837 secs]
[GC 18526K->17247K(19736K), 0.0054895 secs]
[GC 18591K->17310K(19736K), 0.0054820 secs]
[GC 18654K->17374K(19736K), 0.0054032 secs]
[GC 18718K->17436K(19736K), 0.0054627 secs]
[GC 18780K->17500K(19736K), 0.0053999 secs]
[GC 18844K->17563K(19736K), 0.0054166 secs]
[GC 18907K->17626K(19736K), 0.0054828 secs]
[GC 18970K->17689K(19736K), 0.0056521 secs]
[GC 19033K->17752K(19736K), 0.0054870 secs]
[GC 19096K->17815K(19736K), 0.0054535 secs]
[GC 19159K->17878K(19736K), 0.0053621 secs]
[GC 19222K->17941K(19736K), 0.0054937 secs]
[GC 19285K->18005K(19736K), 0.0055842 secs]
[GC 19349K->18068K(19736K), 0.0054820 secs]
[GC 19412K->18131K(19736K), 0.0054736 secs]
[GC 19475K->18194K(19736K), 0.0055289 secs]
[GC 19538K->18257K(19736K), 0.0054300 secs]
[GC 19601K->18320K(19736K), 0.0054568 secs]
[GC 19664K->18383K(19736K), 0.0054468 secs]
[Full GC 18383K->10915K(19736K), 0.1404574 secs]
[GC 12259K->11109K(19736K), 0.0063301 secs]
[GC 12453K->11179K(19736K), 0.0055440 secs]
[GC 12523K->11248K(19736K), 0.0054820 secs]
[GC 12592K->11313K(19736K), 0.0053797 secs]
[GC 12657K->11378K(19736K), 0.0054568 secs]
[GC 12722K->11442K(19736K), 0.0053580 secs]
[GC 12786K->11506K(19736K), 0.0054962 secs]
[GC 12850K->11571K(19736K), 0.0053722 secs]
[GC 12915K->11635K(19736K), 0.0052456 secs]
[GC 12979K->11699K(19736K), 0.0053152 secs]
[GC 13043K->11763K(19736K), 0.0053923 secs]
[GC 13107K->11827K(19736K), 0.0053286 secs]
[GC 13171K->11891K(19736K), 0.0056345 secs]
[GC 13235K->11956K(19736K), 0.0054275 secs]
[GC 13300K->12019K(19736K), 0.0052565 secs]
[GC 13363K->12084K(19736K), 0.0053823 secs]
[GC 13428K->12147K(19736K), 0.0054149 secs]
[GC 13491K->12212K(19736K), 0.0054208 secs]
[GC 13556K->12275K(19736K), 0.0055490 secs]
[GC 13619K->12340K(19736K), 0.0053940 secs]
[GC 13683K->12404K(19736K), 0.0054133 secs]
[GC 13748K->12467K(19736K), 0.0054527 secs]
[GC 13811K->12531K(19736K), 0.0055038 secs]
[GC 13875K->12594K(19736K), 0.0054057 secs]
[GC 13938K->12657K(19736K), 0.0054820 secs]
[GC 14001K->12721K(19736K), 0.0054920 secs]
[GC 14065K->12784K(19736K), 0.0053404 secs]
[GC 14128K->12846K(19736K), 0.0052984 secs]
[GC 14190K->12908K(19736K), 0.0052079 secs]
[GC 14252K->12971K(19736K), 0.0053320 secs]
[GC 14315K->13033K(19736K), 0.0054460 secs]
[GC 14377K->13100K(19736K), 0.0053756 secs]
[GC 14444K->13169K(19736K), 0.0055071 secs]
[GC 14513K->13234K(19736K), 0.0055272 secs]
[GC 14578K->13299K(19736K), 0.0053898 secs]
[GC 14643K->13363K(19736K), 0.0054585 secs]
[GC 14707K->13426K(19736K), 0.0055113 secs]
[GC 14770K->13490K(19736K), 0.0053445 secs]
[GC 14834K->13553K(19736K), 0.0053303 secs]
[GC 14897K->13620K(19736K), 0.0055063 secs]
[GC 14964K->13689K(19736K), 0.0057175 secs]
[GC 15033K->13754K(19736K), 0.0054728 secs]
[GC 15098K->13819K(19736K), 0.0054778 secs]
[GC 15163K->13883K(19736K), 0.0052465 secs]
[GC 15227K->13948K(19736K), 0.0055231 secs]
[GC 15292K->14012K(19736K), 0.0054216 secs]
[GC 15356K->14078K(19736K), 0.0054686 secs]
[GC 15422K->14143K(19736K), 0.0055088 secs]
[GC 15487K->14207K(19736K), 0.0054996 secs]
[GC 15551K->14272K(19736K), 0.0054401 secs]
[GC 15616K->14337K(19736K), 0.0053404 secs]
[GC 15681K->14401K(19736K), 0.0054049 secs]
[GC 15745K->14465K(19736K), 0.0054426 secs]
[GC 15809K->14529K(19736K), 0.0054594 secs]
[GC 15873K->14594K(19736K), 0.0054929 secs]
[GC 15938K->14659K(19736K), 0.0054284 secs]
[GC 16003K->14722K(19736K), 0.0053160 secs]
[GC 16066K->14786K(19736K), 0.0055281 secs]
[GC 16130K->14851K(19736K), 0.0053772 secs]
[GC 16195K->14915K(19736K), 0.0056731 secs]
[GC 16259K->14980K(19736K), 0.0054166 secs]
[GC 16324K->15045K(19736K), 0.0054736 secs]
[GC 16389K->15109K(19736K), 0.0055088 secs]
[GC 16453K->15174K(19736K), 0.0054242 secs]
[GC 16518K->15238K(19736K), 0.0054636 secs]
[GC 16582K->15303K(19736K), 0.0055557 secs]
[GC 16647K->15367K(19736K), 0.0054627 secs]
[GC 16711K->15431K(19736K), 0.0054460 secs]
[GC 16775K->15496K(19736K), 0.0055298 secs]
[GC 16840K->15561K(19736K), 0.0054568 secs]
[GC 16905K->15625K(19736K), 0.0055440 secs]
[GC 16969K->15689K(19736K), 0.0054636 secs]
[GC 17033K->15753K(19736K), 0.0054652 secs]
[GC 17097K->15818K(19736K), 0.0054149 secs]
[GC 17162K->15881K(19736K), 0.0056069 secs]
[GC 17225K->15946K(19736K), 0.0054443 secs]
[GC 17290K->16010K(19736K), 0.0055893 secs]
[GC 17354K->16073K(19736K), 0.0054351 secs]
[GC 17417K->16137K(19736K), 0.0054820 secs]
[GC 17481K->16201K(19736K), 0.0053932 secs]
[GC 17545K->16264K(19736K), 0.0054309 secs]
[GC 17608K->16327K(19736K), 0.0052876 secs]
[GC 17671K->16390K(19736K), 0.0055482 secs]
[GC 17734K->16453K(19736K), 0.0054149 secs]
[GC 17797K->16516K(19736K), 0.0054636 secs]
[GC 17860K->16579K(19736K), 0.0054317 secs]
[GC 17923K->16642K(19736K), 0.0054996 secs]
[GC 17986K->16704K(19736K), 0.0053982 secs]
[GC 18048K->16767K(19736K), 0.0054585 secs]
[GC 18111K->16830K(19736K), 0.0054920 secs]
[GC 18174K->16892K(19736K), 0.0053999 secs]
[GC 18236K->16955K(19736K), 0.0053705 secs]
[GC 18299K->17017K(19736K), 0.0055340 secs]
[GC 18361K->17083K(19736K), 0.0055029 secs]
[GC 18427K->17150K(19736K), 0.0054744 secs]
[GC 18494K->17215K(19736K), 0.0055708 secs]
[GC 18559K->17280K(19736K), 0.0055272 secs]
[GC 18624K->17346K(19736K), 0.0055599 secs]
[GC 18690K->17411K(19736K), 0.0055038 secs]
[GC 18755K->17476K(19736K), 0.0055164 secs]
[GC 18820K->17541K(19736K), 0.0055172 secs]
[GC 18885K->17605K(19736K), 0.0054275 secs]
[GC 18949K->17669K(19736K), 0.0055096 secs]
[GC 19013K->17732K(19736K), 0.0054476 secs]
[GC 19076K->17799K(19736K), 0.0055666 secs]
[GC 19143K->17868K(19736K), 0.0056781 secs]
[GC 19212K->17934K(19736K), 0.0055189 secs]
[GC 19278K->17998K(19736K), 0.0055893 secs]
[GC 19342K->18062K(19736K), 0.0054677 secs]
[GC 19406K->18125K(19736K), 0.0054636 secs]
[GC 19469K->18193K(19736K), 0.0056421 secs]
[GC 19537K->18261K(19736K), 0.0058684 secs]
[GC 19605K->18326K(19736K), 0.0055784 secs]
[GC 19670K->18391K(19736K), 0.0054594 secs]
[Full GC 18391K->10931K(19736K), 0.1320756 secs]
[GC 12275K->11124K(19736K), 0.0062773 secs]
[GC 12468K->11189K(19736K), 0.0054141 secs]
[GC 12533K->11253K(19736K), 0.0054049 secs]
[GC 12597K->11317K(19736K), 0.0054594 secs]
[GC 12661K->11380K(19736K), 0.0053898 secs]
[GC 12724K->11443K(19736K), 0.0053554 secs]
[GC 12787K->11506K(19736K), 0.0053806 secs]
[GC 12850K->11570K(19736K), 0.0053378 secs]
[GC 12914K->11634K(19736K), 0.0053588 secs]
[GC 12978K->11697K(19736K), 0.0053672 secs]
[GC 13041K->11760K(19736K), 0.0053420 secs]
[GC 13104K->11823K(19736K), 0.0053588 secs]
[GC 13167K->11886K(19736K), 0.0055289 secs]
[GC 13230K->11949K(19736K), 0.0053328 secs]
[GC 13293K->12013K(19736K), 0.0053345 secs]
[GC 13357K->12075K(19736K), 0.0053454 secs]
[GC 13419K->12137K(19736K), 0.0053412 secs]
[GC 13481K->12201K(19736K), 0.0053412 secs]
[GC 13545K->12264K(19736K), 0.0054032 secs]
[GC 13608K->12327K(19736K), 0.0052574 secs]
[GC 13671K->12389K(19736K), 0.0054418 secs]
[GC 13733K->12452K(19736K), 0.0053965 secs]
[GC 13796K->12515K(19736K), 0.0053940 secs]
[GC 13858K->12582K(19736K), 0.0055893 secs]
[GC 13926K->12650K(19736K), 0.0055935 secs]
[GC 13994K->12715K(19736K), 0.0053320 secs]
[GC 14059K->12780K(19736K), 0.0054728 secs]
[GC 14124K->12853K(19736K), 0.0056840 secs]
[GC 14197K->12918K(19736K), 0.0054518 secs]
[GC 14262K->12983K(19736K), 0.0055205 secs]
[GC 14327K->13048K(19736K), 0.0054007 secs]
[GC 14392K->13114K(19736K), 0.0054636 secs]
[GC 14458K->13179K(19736K), 0.0054216 secs]
[GC 14523K->13244K(19736K), 0.0054300 secs]
[GC 14588K->13308K(19736K), 0.0053873 secs]
[GC 14652K->13373K(19736K), 0.0055214 secs]
[GC 14717K->13439K(19736K), 0.0054652 secs]
[GC 14782K->13503K(19736K), 0.0054242 secs]
[GC 14847K->13568K(19736K), 0.0055080 secs]
[GC 14912K->13632K(19736K), 0.0054334 secs]
[GC 14976K->13697K(19736K), 0.0054166 secs]
[GC 15041K->13762K(19736K), 0.0053940 secs]
[GC 15106K->13827K(19736K), 0.0054476 secs]
[GC 15171K->13891K(19736K), 0.0055365 secs]
[GC 15235K->13956K(19736K), 0.0054694 secs]
[GC 15300K->14021K(19736K), 0.0054594 secs]
[GC 15365K->14087K(19736K), 0.0054652 secs]
[GC 15431K->14152K(19736K), 0.0055113 secs]
[GC 15496K->14216K(19736K), 0.0053412 secs]
[GC 15560K->14281K(19736K), 0.0054703 secs]
[GC 15625K->14345K(19736K), 0.0054686 secs]
[GC 15689K->14410K(19736K), 0.0054568 secs]
[GC 15754K->14474K(19736K), 0.0053915 secs]
[GC 15818K->14537K(19736K), 0.0054049 secs]
[GC 15881K->14601K(19736K), 0.0053563 secs]
[GC 15945K->14665K(19736K), 0.0054384 secs]
[GC 16009K->14729K(19736K), 0.0055407 secs]
[GC 16073K->14792K(19736K), 0.0053278 secs]
[GC 16136K->14856K(19736K), 0.0056044 secs]
[GC 16200K->14919K(19736K), 0.0053932 secs]
[GC 16263K->14983K(19736K), 0.0054392 secs]
[GC 16327K->15046K(19736K), 0.0055205 secs]
[GC 16390K->15110K(19736K), 0.0054644 secs]
[GC 16454K->15173K(19736K), 0.0054166 secs]
[GC 16517K->15236K(19736K), 0.0055960 secs]
[GC 16580K->15299K(19736K), 0.0053764 secs]
[GC 16643K->15362K(19736K), 0.0054493 secs]
[GC 16706K->15425K(19736K), 0.0054451 secs]
[GC 16769K->15492K(19736K), 0.0055633 secs]
[GC 16836K->15561K(19736K), 0.0054325 secs]
[GC 16905K->15626K(19736K), 0.0055717 secs]
[GC 16970K->15691K(19736K), 0.0056018 secs]
[GC 17035K->15756K(19736K), 0.0055549 secs]
[GC 17100K->15820K(19736K), 0.0054568 secs]
[GC 17164K->15882K(19736K), 0.0055440 secs]
[GC 17226K->15946K(19736K), 0.0054267 secs]
[GC 17290K->16009K(19736K), 0.0053806 secs]
[GC 17353K->16072K(19736K), 0.0056236 secs]
[GC 17416K->16134K(19736K), 0.0054510 secs]
[GC 17478K->16197K(19736K), 0.0053211 secs]
[GC 17541K->16259K(19736K), 0.0053823 secs]
[GC 17603K->16322K(19736K), 0.0053957 secs]
[GC 17666K->16385K(19736K), 0.0054820 secs]
[GC 17728K->16447K(19736K), 0.0054426 secs]
[GC 17791K->16508K(19736K), 0.0055029 secs]
[GC 17852K->16577K(19736K), 0.0056865 secs]
[GC 17921K->16643K(19736K), 0.0054778 secs]
[GC 17987K->16708K(19736K), 0.0055038 secs]
[GC 18052K->16773K(19736K), 0.0054510 secs]
[GC 18117K->16838K(19736K), 0.0097328 secs]
[GC 18182K->16903K(19736K), 0.0053982 secs]
[GC 18247K->16968K(19736K), 0.0056152 secs]
[GC 18312K->17033K(19736K), 0.0054954 secs]
[GC 18377K->17097K(19736K), 0.0054535 secs]
[GC 18441K->17161K(19736K), 0.0055029 secs]
[GC 18505K->17226K(19736K), 0.0054786 secs]
[GC 18570K->17289K(19736K), 0.0055390 secs]
[GC 18633K->17353K(19736K), 0.0054610 secs]
[GC 18697K->17416K(19736K), 0.0053035 secs]
[GC 18760K->17479K(19736K), 0.0054158 secs]
[GC 18823K->17542K(19736K), 0.0054711 secs]
[GC 18886K->17606K(19736K), 0.0055096 secs]
[GC 18950K->17669K(19736K), 0.0055708 secs]
[GC 19013K->17732K(19736K), 0.0056287 secs]
[GC 19076K->17796K(19736K), 0.0054661 secs]
[GC 19140K->17858K(19736K), 0.0054351 secs]
[GC 19202K->17921K(19736K), 0.0057326 secs]
[GC 19265K->17983K(19736K), 0.0055331 secs]
[GC 19327K->18046K(19736K), 0.0057234 secs]
[GC 19390K->18107K(19736K), 0.0053932 secs]
[GC 19451K->18174K(19736K), 0.0054887 secs]
[GC 19518K->18242K(19736K), 0.0056463 secs]
[GC 19586K->18307K(19736K), 0.0055205 secs]
[GC 19651K->18372K(19736K), 0.0055096 secs]
[GC 19716K->18436K(19864K), 0.0056546 secs]
[Full GC 18436K->10930K(19864K), 0.1354322 secs]
[GC 12274K->11124K(19736K), 0.0061734 secs]
[GC 12468K->11189K(19736K), 0.0052917 secs]
[GC 12533K->11256K(19736K), 0.0053688 secs]
[GC 12600K->11326K(19736K), 0.0055432 secs]
[GC 12670K->11392K(19736K), 0.0054485 secs]
[GC 12736K->11456K(19736K), 0.0054577 secs]
[GC 12800K->11520K(19736K), 0.0054359 secs]
[GC 12864K->11584K(19736K), 0.0053186 secs]
[GC 12928K->11651K(19736K), 0.0054686 secs]
[GC 12995K->11720K(19736K), 0.0056211 secs]
[GC 13064K->11786K(19736K), 0.0054853 secs]
[GC 13130K->11850K(19736K), 0.0054443 secs]
[GC 13194K->11914K(19736K), 0.0053194 secs]
[GC 13258K->11978K(19736K), 0.0054074 secs]
[GC 13322K->12042K(19736K), 0.0053571 secs]
[GC 13386K->12109K(19736K), 0.0054527 secs]
[GC 13453K->12177K(19736K), 0.0055842 secs]
[GC 13521K->12243K(19736K), 0.0055524 secs]
[GC 13587K->12307K(19736K), 0.0052808 secs]
[GC 13651K->12371K(19736K), 0.0054828 secs]
[GC 13715K->12434K(19736K), 0.0054200 secs]
[GC 13778K->12502K(19736K), 0.0055574 secs]
[GC 13846K->12571K(19736K), 0.0055541 secs]
[GC 13915K->12636K(19736K), 0.0054485 secs]
[GC 13980K->12701K(19736K), 0.0054636 secs]
[GC 14045K->12765K(19736K), 0.0055046 secs]
[GC 14109K->12829K(19736K), 0.0052850 secs]
[GC 14173K->12892K(19736K), 0.0053990 secs]
[GC 14236K->12959K(19736K), 0.0054594 secs]
[GC 14303K->13029K(19736K), 0.0055893 secs]
[GC 14373K->13094K(19736K), 0.0054158 secs]
[GC 14438K->13158K(19736K), 0.0054049 secs]
[GC 14502K->13222K(19736K), 0.0053781 secs]
[GC 14566K->13286K(19736K), 0.0054091 secs]
[GC 14630K->13353K(19736K), 0.0054937 secs]
[GC 14697K->13422K(19736K), 0.0055549 secs]
[GC 14766K->13488K(19736K), 0.0055239 secs]
[GC 14832K->13553K(19736K), 0.0052683 secs]
[GC 14897K->13617K(19736K), 0.0054434 secs]
[GC 14961K->13680K(19736K), 0.0054183 secs]
[GC 15024K->13743K(19736K), 0.0054761 secs]
[GC 15087K->13811K(19736K), 0.0054476 secs]
[GC 15155K->13879K(19736K), 0.0055340 secs]
[GC 15223K->13944K(19736K), 0.0054988 secs]
[GC 15288K->14009K(19736K), 0.0053999 secs]
[GC 15353K->14074K(19736K), 0.0054476 secs]
[GC 15418K->14137K(19736K), 0.0054040 secs]
[GC 15481K->14204K(19736K), 0.0054686 secs]
[GC 15548K->14273K(19736K), 0.0053445 secs]
[GC 15617K->14338K(19736K), 0.0054912 secs]
[GC 15682K->14403K(19736K), 0.0054392 secs]
[GC 15747K->14467K(19736K), 0.0055180 secs]
[GC 15811K->14531K(19736K), 0.0054091 secs]
[GC 15875K->14595K(19736K), 0.0054351 secs]
[GC 15939K->14662K(19736K), 0.0055088 secs]
[GC 16006K->14731K(19736K), 0.0056957 secs]
[GC 16075K->14797K(19736K), 0.0053906 secs]
[GC 16141K->14861K(19736K), 0.0055465 secs]
[GC 16205K->14925K(19736K), 0.0053990 secs]
[GC 16269K->14989K(19736K), 0.0054535 secs]
[GC 16333K->15056K(19736K), 0.0054728 secs]
[GC 16400K->15123K(19736K), 0.0055633 secs]
[GC 16467K->15189K(19736K), 0.0054669 secs]
[GC 16533K->15254K(19736K), 0.0055239 secs]
[GC 16598K->15318K(19736K), 0.0054677 secs]
[GC 16662K->15382K(19736K), 0.0056245 secs]
[GC 16726K->15446K(19736K), 0.0054485 secs]
[GC 16790K->15513K(19736K), 0.0055499 secs]
[GC 16857K->15582K(19736K), 0.0056555 secs]
[GC 16926K->15647K(19736K), 0.0056060 secs]
[GC 16991K->15712K(19736K), 0.0053856 secs]
[GC 17056K->15776K(19736K), 0.0055189 secs]
[GC 17120K->15839K(19736K), 0.0053797 secs]
[GC 17183K->15903K(19736K), 0.0054694 secs]
[GC 17247K->15970K(19736K), 0.0054946 secs]
[GC 17314K->16039K(19736K), 0.0056287 secs]
[GC 17383K->16104K(19736K), 0.0055356 secs]
[GC 17448K->16169K(19736K), 0.0055298 secs]
[GC 17513K->16233K(19736K), 0.0053127 secs]
[GC 17577K->16296K(19736K), 0.0056069 secs]
[GC 17640K->16364K(19736K), 0.0055549 secs]
[GC 17708K->16432K(19736K), 0.0054501 secs]
[GC 17776K->16498K(19736K), 0.0056111 secs]
[GC 17842K->16562K(19736K), 0.0055440 secs]
[GC 17906K->16626K(19736K), 0.0054853 secs]
[GC 17970K->16690K(19736K), 0.0055356 secs]
[GC 18034K->16754K(19736K), 0.0054711 secs]
[GC 18098K->16821K(19736K), 0.0056236 secs]
[GC 18164K->16890K(19736K), 0.0056102 secs]
[GC 18234K->16955K(19736K), 0.0054292 secs]
[GC 18299K->17019K(19736K), 0.0054962 secs]
[GC 18363K->17083K(19736K), 0.0055214 secs]
[GC 18427K->17146K(19736K), 0.0054594 secs]
[GC 18490K->17214K(19736K), 0.0056027 secs]
[GC 18558K->17283K(19736K), 0.0056764 secs]
[GC 18627K->17348K(19736K), 0.0055650 secs]
[GC 18692K->17413K(19736K), 0.0054879 secs]
[GC 18757K->17477K(19736K), 0.0054175 secs]
[GC 18821K->17541K(19736K), 0.0055733 secs]
[GC 18885K->17604K(19736K), 0.0054728 secs]
[GC 18948K->17671K(19736K), 0.0054468 secs]
[GC 19015K->17740K(19736K), 0.0056806 secs]
[GC 19084K->17805K(19736K), 0.0055557 secs]
[GC 19149K->17870K(19736K), 0.0056261 secs]
[GC 19214K->17934K(19736K), 0.0054703 secs]
[GC 19278K->17998K(19736K), 0.0056018 secs]
[GC 19342K->18065K(19736K), 0.0055122 secs]
[GC 19409K->18134K(19736K), 0.0056597 secs]
[GC 19478K->18200K(19736K), 0.0054845 secs]
[GC 19544K->18264K(19736K), 0.0055893 secs]
[GC 19608K->18328K(19736K), 0.0054451 secs]
[GC 19672K->18392K(19864K), 0.0055608 secs]
[Full GC 18392K->10036K(19864K), 0.1322516 secs]
[GC 11380K->10230K(19736K), 0.0059212 secs]
[GC 11574K->10300K(19736K), 0.0055859 secs]
[GC 11644K->10369K(19736K), 0.0055080 secs]
[GC 11713K->10434K(19736K), 0.0056513 secs]
[GC 11778K->10498K(19736K), 0.0053219 secs]
[GC 11842K->10561K(19736K), 0.0051677 secs]
[GC 11905K->10624K(19736K), 0.0054669 secs]
[GC 11968K->10687K(19736K), 0.0053445 secs]
[GC 12031K->10751K(19736K), 0.0052306 secs]
[GC 12095K->10814K(19736K), 0.0054929 secs]
[GC 12158K->10877K(19736K), 0.0055013 secs]
[GC 12221K->10941K(19736K), 0.0059463 secs]
[GC 12285K->11004K(19736K), 0.0051979 secs]
[GC 12348K->11071K(19736K), 0.0054493 secs]
[GC 12415K->11139K(19736K), 0.0058206 secs]
[GC 12483K->11204K(19736K), 0.0054946 secs]
[GC 12548K->11268K(19736K), 0.0053965 secs]
[GC 12612K->11333K(19736K), 0.0054895 secs]
[GC 12677K->11398K(19736K), 0.0053764 secs]
[GC 12742K->11463K(19736K), 0.0054837 secs]
[GC 12806K->11528K(19736K), 0.0054082 secs]
[GC 12872K->11592K(19736K), 0.0096163 secs]
[GC 12936K->11657K(19736K), 0.0053253 secs]
[GC 13001K->11721K(19736K), 0.0054988 secs]
[GC 13065K->11786K(19736K), 0.0053404 secs]
[GC 13130K->11851K(19736K), 0.0053940 secs]
[GC 13195K->11915K(19736K), 0.0068372 secs]
[GC 13259K->11980K(19736K), 0.0054744 secs]
[GC 13324K->12046K(19736K), 0.0054275 secs]
[GC 13390K->12110K(19736K), 0.0054853 secs]
[GC 13454K->12174K(19736K), 0.0054066 secs]
[GC 13518K->12239K(19736K), 0.0053722 secs]
[GC 13583K->12304K(19736K), 0.0054292 secs]
[GC 13648K->12369K(19736K), 0.0054099 secs]
[GC 13713K->12433K(19736K), 0.0054275 secs]
[GC 13777K->12498K(19736K), 0.0054535 secs]
[GC 13842K->12562K(19736K), 0.0053127 secs]
[GC 13906K->12626K(19736K), 0.0054141 secs]
[GC 13970K->12691K(19736K), 0.0054694 secs]
[GC 14035K->12755K(19736K), 0.0055055 secs]
[GC 14099K->12819K(19736K), 0.0053839 secs]
[GC 14163K->12883K(19736K), 0.0054208 secs]
[GC 14227K->12946K(19736K), 0.0055239 secs]
[GC 14290K->13008K(19736K), 0.0054133 secs]
[GC 14352K->13071K(19736K), 0.0053554 secs]
[GC 14415K->13134K(19736K), 0.0054334 secs]
[GC 14478K->13196K(19736K), 0.0053420 secs]
[GC 14540K->13258K(19736K), 0.0052314 secs]
[GC 14602K->13325K(19736K), 0.0054627 secs]
[GC 14669K->13393K(19736K), 0.0056278 secs]
[GC 14737K->13459K(19736K), 0.0055306 secs]
[GC 14803K->13524K(19736K), 0.0054359 secs]
[GC 14868K->13583K(19736K), 0.0052389 secs]
[GC 14927K->13644K(19736K), 0.0053714 secs]
[GC 14988K->13711K(19736K), 0.0054367 secs]
[GC 15055K->13780K(19736K), 0.0057267 secs]
[GC 15124K->13845K(19736K), 0.0054946 secs]
[GC 15189K->13910K(19736K), 0.0055524 secs]
[GC 15254K->13976K(19736K), 0.0054367 secs]
[GC 15320K->14040K(19736K), 0.0054837 secs]
[GC 15384K->14105K(19736K), 0.0053588 secs]
[GC 15449K->14170K(19736K), 0.0056303 secs]
[GC 15514K->14235K(19736K), 0.0053797 secs]
[GC 15579K->14295K(19736K), 0.0054250 secs]
[GC 15639K->14363K(19736K), 0.0055557 secs]
[GC 15707K->14432K(19736K), 0.0056220 secs]
[GC 15776K->14497K(19736K), 0.0054778 secs]
[GC 15841K->14562K(19736K), 0.0059119 secs]
[GC 15906K->14626K(19736K), 0.0053990 secs]
[GC 15970K->14690K(19736K), 0.0060527 secs]
[GC 16034K->14754K(19736K), 0.0053554 secs]
[GC 16098K->14820K(19736K), 0.0054744 secs]
[GC 16164K->14889K(19736K), 0.0057125 secs]
[GC 16233K->14955K(19736K), 0.0057770 secs]
[GC 16299K->15019K(19736K), 0.0053730 secs]
[GC 16363K->15082K(19736K), 0.0054141 secs]
[GC 16426K->15146K(19736K), 0.0054493 secs]
[GC 16490K->15214K(19736K), 0.0055976 secs]
[GC 16558K->15282K(19736K), 0.0055951 secs]
[GC 16626K->15347K(19736K), 0.0055348 secs]
[GC 16691K->15413K(19736K), 0.0055759 secs]
[GC 16757K->15477K(19736K), 0.0053479 secs]
[GC 16821K->15540K(19736K), 0.0053714 secs]
[GC 16884K->15603K(19736K), 0.0055164 secs]
[GC 16947K->15671K(19736K), 0.0058231 secs]
[GC 17015K->15739K(19736K), 0.0055943 secs]
[GC 17083K->15804K(19736K), 0.0055566 secs]
[GC 17148K->15869K(19736K), 0.0058290 secs]
[GC 17213K->15933K(19736K), 0.0058558 secs]
[GC 17277K->15997K(19736K), 0.0054560 secs]
[GC 17341K->16064K(19736K), 0.0058264 secs]
[GC 17408K->16133K(19736K), 0.0055591 secs]
[GC 17477K->16198K(19736K), 0.0054099 secs]
[GC 17542K->16263K(19736K), 0.0055365 secs]
[GC 17607K->16327K(19736K), 0.0054409 secs]
[GC 17671K->16391K(19736K), 0.0055340 secs]
[GC 17735K->16454K(19736K), 0.0055105 secs]
[GC 17798K->16521K(19736K), 0.0055323 secs]
[GC 17865K->16589K(19736K), 0.0056530 secs]
[GC 17933K->16655K(19736K), 0.0055432 secs]
[GC 17999K->16720K(19736K), 0.0055004 secs]
[GC 18064K->16784K(19736K), 0.0054795 secs]
[GC 18128K->16847K(19736K), 0.0055055 secs]
[GC 18191K->16915K(19736K), 0.0055373 secs]
[GC 18259K->16983K(19736K), 0.0055809 secs]
[GC 18327K->17048K(19736K), 0.0056010 secs]
[GC 18392K->17113K(19736K), 0.0055499 secs]
[GC 18457K->17178K(19736K), 0.0054887 secs]
[GC 18522K->17242K(19736K), 0.0055633 secs]
[GC 18586K->17305K(19736K), 0.0055683 secs]
[GC 18649K->17373K(19736K), 0.0055784 secs]
[GC 18717K->17442K(19736K), 0.0055440 secs]
[GC 18786K->17507K(19736K), 0.0055365 secs]
[GC 18851K->17571K(19736K), 0.0055046 secs]
[GC 18915K->17636K(19736K), 0.0056295 secs]
[GC 18980K->17699K(19736K), 0.0055465 secs]
[GC 19043K->17763K(19736K), 0.0055239 secs]
[GC 19107K->17831K(19736K), 0.0055666 secs]
[GC 19175K->17899K(19736K), 0.0056429 secs]
[GC 19243K->17964K(19736K), 0.0057234 secs]
[GC 19308K->18029K(19736K), 0.0055666 secs]
[GC 19373K->18094K(19736K), 0.0054032 secs]
[GC 19438K->18157K(19736K), 0.0055666 secs]
[GC 19501K->18225K(19736K), 0.0056018 secs]
[GC 19569K->18294K(19736K), 0.0055784 secs]
[GC 19638K->18359K(19736K), 0.0055348 secs]
[GC 19703K->18424K(19864K), 0.0057208 secs]
[Full GC 18424K->10922K(19864K), 0.1408203 secs]
[GC 12266K->11116K(19736K), 0.0061650 secs]
[GC 12460K->11181K(19736K), 0.0053982 secs]
[GC 12525K->11245K(19736K), 0.0053554 secs]
[GC 12589K->11312K(19736K), 0.0057116 secs]
[GC 12656K->11381K(19736K), 0.0055205 secs]
[GC 12725K->11446K(19736K), 0.0053705 secs]
[GC 12790K->11511K(19736K), 0.0055298 secs]
[GC 12855K->11575K(19736K), 0.0053471 secs]
[GC 12919K->11639K(19736K), 0.0057963 secs]
[GC 12983K->11702K(19736K), 0.0053378 secs]
[GC 13046K->11768K(19736K), 0.0054015 secs]
[GC 13112K->11837K(19736K), 0.0054744 secs]
[GC 13181K->11903K(19736K), 0.0055080 secs]
[GC 13247K->11967K(19736K), 0.0053932 secs]
[GC 13311K->12031K(19736K), 0.0053102 secs]
[GC 13375K->12094K(19736K), 0.0056655 secs]
[GC 13438K->12162K(19736K), 0.0094571 secs]
[GC 13506K->12231K(19736K), 0.0054937 secs]
[GC 13575K->12296K(19736K), 0.0054216 secs]
[GC 13640K->12360K(19736K), 0.0054443 secs]
[GC 13704K->12425K(19736K), 0.0059974 secs]
[GC 13769K->12489K(19736K), 0.0059740 secs]
[GC 13833K->12552K(19736K), 0.0055960 secs]
[GC 13896K->12620K(19736K), 0.0054216 secs]
[GC 13964K->12689K(19736K), 0.0054761 secs]
[GC 14033K->12754K(19736K), 0.0060427 secs]
[GC 14098K->12818K(19736K), 0.0054694 secs]
[GC 14162K->12882K(19736K), 0.0054820 secs]
[GC 14226K->12946K(19736K), 0.0052632 secs]
[GC 14290K->13012K(19736K), 0.0054418 secs]
[GC 14356K->13081K(19736K), 0.0056848 secs]
[GC 14425K->13147K(19736K), 0.0099222 secs]
[GC 14491K->13212K(19736K), 0.0054661 secs]
[GC 14556K->13276K(19736K), 0.0054225 secs]
[GC 14620K->13340K(19736K), 0.0055272 secs]
[GC 14684K->13403K(19736K), 0.0053655 secs]
[GC 14747K->13471K(19736K), 0.0054786 secs]
[GC 14815K->13540K(19736K), 0.0056010 secs]
[GC 14884K->13605K(19736K), 0.0056194 secs]
[GC 14949K->13670K(19736K), 0.0053613 secs]
[GC 15014K->13734K(19736K), 0.0053881 secs]
[GC 15078K->13798K(19736K), 0.0056680 secs]
[GC 15142K->13865K(19736K), 0.0055440 secs]
[GC 15209K->13935K(19736K), 0.0055960 secs]
[GC 15279K->14000K(19736K), 0.0054468 secs]
[GC 15344K->14064K(19736K), 0.0054309 secs]
[GC 15408K->14129K(19736K), 0.0054183 secs]
[GC 15473K->14192K(19736K), 0.0053052 secs]
[GC 15536K->14255K(19736K), 0.0054342 secs]
[GC 15599K->14322K(19736K), 0.0055490 secs]
[GC 15666K->14392K(19736K), 0.0059790 secs]
[GC 15736K->14457K(19736K), 0.0053856 secs]
[GC 15801K->14522K(19736K), 0.0055046 secs]
[GC 15866K->14586K(19736K), 0.0054292 secs]
[GC 15930K->14650K(19736K), 0.0054962 secs]
[GC 15994K->14717K(19736K), 0.0058306 secs]
[GC 16061K->14786K(19736K), 0.0056907 secs]
[GC 16130K->14852K(19736K), 0.0055071 secs]
[GC 16196K->14917K(19736K), 0.0054158 secs]
[GC 16261K->14982K(19736K), 0.0058541 secs]
[GC 16326K->15045K(19736K), 0.0055641 secs]
[GC 16389K->15109K(19736K), 0.0054904 secs]
[GC 16453K->15176K(19736K), 0.0056789 secs]
[GC 16520K->15245K(19736K), 0.0055599 secs]
[GC 16589K->15310K(19736K), 0.0057845 secs]
[GC 16654K->15375K(19736K), 0.0054778 secs]
[GC 16719K->15439K(19736K), 0.0054577 secs]
[GC 16783K->15503K(19736K), 0.0054786 secs]
[GC 16847K->15566K(19736K), 0.0053286 secs]
[GC 16910K->15633K(19736K), 0.0055742 secs]
[GC 16977K->15703K(19736K), 0.0056152 secs]
[GC 17047K->15768K(19736K), 0.0056463 secs]
[GC 17112K->15832K(19736K), 0.0054476 secs]
[GC 17176K->15897K(19736K), 0.0059857 secs]
[GC 17241K->15960K(19736K), 0.0053420 secs]
[GC 17304K->16027K(19736K), 0.0055038 secs]
[GC 17371K->16096K(19736K), 0.0056504 secs]
[GC 17440K->16162K(19736K), 0.0055180 secs]
[GC 17506K->16227K(19736K), 0.0055088 secs]
[GC 17571K->16291K(19736K), 0.0054518 secs]
[GC 17635K->16354K(19736K), 0.0054409 secs]
[GC 17698K->16418K(19736K), 0.0053881 secs]
[GC 17762K->16485K(19736K), 0.0055725 secs]
[GC 17829K->16554K(19736K), 0.0055767 secs]
[GC 17898K->16620K(19736K), 0.0056203 secs]
[GC 17964K->16684K(19736K), 0.0058776 secs]
[GC 18028K->16748K(19736K), 0.0056077 secs]
[GC 18092K->16811K(19736K), 0.0055499 secs]
[GC 18155K->16878K(19736K), 0.0054711 secs]
[GC 18222K->16947K(19736K), 0.0056781 secs]
[GC 18291K->17012K(19736K), 0.0056630 secs]
[GC 18356K->17077K(19736K), 0.0055256 secs]
[GC 18421K->17141K(19736K), 0.0055096 secs]
[GC 18485K->17206K(19736K), 0.0055365 secs]
[GC 18550K->17269K(19736K), 0.0054166 secs]
[GC 18613K->17336K(19736K), 0.0056094 secs]
[GC 18680K->17405K(19736K), 0.0055306 secs]
[GC 18749K->17470K(19736K), 0.0054795 secs]
[GC 18814K->17534K(19736K), 0.0054686 secs]
[GC 18878K->17598K(19736K), 0.0054527 secs]
[GC 18942K->17662K(19736K), 0.0054711 secs]
[GC 19006K->17730K(19736K), 0.0055616 secs]
[GC 19074K->17798K(19736K), 0.0056697 secs]
[GC 19142K->17864K(19736K), 0.0055331 secs]
[GC 19208K->17929K(19736K), 0.0053932 secs]
[GC 19273K->17992K(19736K), 0.0055490 secs]
[GC 19336K->18056K(19736K), 0.0055113 secs]
[GC 19400K->18119K(19736K), 0.0055557 secs]
[GC 19463K->18187K(19736K), 0.0056069 secs]
[GC 19531K->18255K(19736K), 0.0056320 secs]
[GC 19599K->18321K(19736K), 0.0056228 secs]
[GC 19665K->18385K(19736K), 0.0054376 secs]
[Full GC 18385K->10924K(19736K), 0.1364337 secs]
[GC 12268K->11117K(19736K), 0.0063368 secs]
[GC 12461K->11183K(19736K), 0.0054250 secs]
[GC 12527K->11251K(19736K), 0.0054636 secs]
[GC 12595K->11319K(19736K), 0.0053588 secs]
[GC 12663K->11385K(19736K), 0.0053823 secs]
[GC 12729K->11449K(19736K), 0.0054652 secs]
[GC 12793K->11514K(19736K), 0.0054677 secs]
[GC 12858K->11578K(19736K), 0.0053873 secs]
[GC 12922K->11642K(19736K), 0.0054619 secs]
[GC 12986K->11709K(19736K), 0.0054409 secs]
[GC 13053K->11778K(19736K), 0.0055239 secs]
[GC 13122K->11844K(19736K), 0.0053144 secs]
[GC 13188K->11908K(19736K), 0.0056220 secs]
[GC 13252K->11972K(19736K), 0.0054527 secs]
[GC 13316K->12036K(19736K), 0.0053739 secs]
[GC 13380K->12103K(19736K), 0.0054476 secs]
[GC 13447K->12170K(19736K), 0.0054996 secs]
[GC 13514K->12236K(19736K), 0.0053144 secs]
[GC 13580K->12300K(19736K), 0.0058223 secs]
[GC 13644K->12365K(19736K), 0.0054392 secs]
[GC 13709K->12429K(19736K), 0.0059463 secs]
[GC 13773K->12493K(19736K), 0.0054929 secs]
[GC 13837K->12560K(19736K), 0.0055314 secs]
[GC 13904K->12629K(19736K), 0.0059538 secs]
[GC 13973K->12694K(19736K), 0.0055256 secs]
[GC 14038K->12759K(19736K), 0.0052976 secs]
[GC 14103K->12823K(19736K), 0.0054485 secs]
[GC 14167K->12887K(19736K), 0.0053035 secs]
[GC 14231K->12950K(19736K), 0.0054057 secs]
[GC 14294K->13017K(19736K), 0.0057879 secs]
[GC 14361K->13086K(19736K), 0.0055080 secs]
[GC 14430K->13151K(19736K), 0.0055499 secs]
[GC 14495K->13216K(19736K), 0.0053571 secs]
[GC 14560K->13280K(19736K), 0.0053353 secs]
[GC 14624K->13344K(19736K), 0.0055281 secs]
[GC 14688K->13411K(19736K), 0.0056245 secs]
[GC 14755K->13480K(19736K), 0.0054971 secs]
[GC 14824K->13545K(19736K), 0.0054284 secs]
[GC 14889K->13610K(19736K), 0.0055071 secs]
[GC 14954K->13674K(19736K), 0.0054820 secs]
[GC 15018K->13738K(19736K), 0.0054141 secs]
[GC 15082K->13802K(19736K), 0.0054141 secs]
[GC 15146K->13868K(19736K), 0.0055432 secs]
[GC 15212K->13937K(19736K), 0.0055574 secs]
[GC 15281K->14003K(19736K), 0.0053764 secs]
[GC 15347K->14067K(19736K), 0.0054158 secs]
[GC 15411K->14131K(19736K), 0.0054124 secs]
[GC 15475K->14195K(19736K), 0.0054141 secs]
[GC 15539K->14262K(19736K), 0.0055448 secs]
[GC 15606K->14331K(19736K), 0.0055080 secs]
[GC 15675K->14396K(19736K), 0.0055725 secs]
[GC 15740K->14461K(19736K), 0.0054116 secs]
[GC 15805K->14526K(19736K), 0.0054133 secs]
[GC 15870K->14590K(19736K), 0.0054485 secs]
[GC 15934K->14653K(19736K), 0.0054384 secs]
[GC 15996K->14720K(19736K), 0.0054451 secs]
[GC 16064K->14789K(19736K), 0.0055524 secs]
[GC 16133K->14854K(19736K), 0.0055616 secs]
[GC 16198K->14918K(19736K), 0.0054795 secs]
[GC 16262K->14983K(19736K), 0.0055071 secs]
[GC 16327K->15047K(19736K), 0.0055381 secs]
[GC 16391K->15114K(19736K), 0.0054485 secs]
[GC 16458K->15183K(19736K), 0.0056169 secs]
[GC 16527K->15249K(19736K), 0.0054585 secs]
[GC 16593K->15314K(19736K), 0.0055993 secs]
[GC 16658K->15378K(19736K), 0.0055130 secs]
[GC 16722K->15442K(19736K), 0.0055298 secs]
[GC 16785K->15505K(19736K), 0.0053253 secs]
[GC 16849K->15572K(19736K), 0.0055205 secs]
[GC 16916K->15640K(19736K), 0.0056580 secs]
[GC 16984K->15706K(19736K), 0.0055340 secs]
[GC 17050K->15771K(19736K), 0.0055021 secs]
[GC 17115K->15835K(19736K), 0.0054292 secs]
[GC 17179K->15899K(19736K), 0.0054887 secs]
[GC 17243K->15967K(19736K), 0.0055800 secs]
[GC 17310K->16035K(19736K), 0.0056496 secs]
[GC 17379K->16100K(19736K), 0.0056194 secs]
[GC 17444K->16165K(19736K), 0.0054895 secs]
[GC 17509K->16230K(19736K), 0.0054602 secs]
[GC 17574K->16294K(19736K), 0.0054325 secs]
[GC 17638K->16358K(19736K), 0.0054535 secs]
[GC 17702K->16425K(19736K), 0.0055130 secs]
[GC 17769K->16495K(19736K), 0.0056337 secs]
[GC 17839K->16560K(19736K), 0.0055809 secs]
[GC 17904K->16624K(19736K), 0.0055298 secs]
[GC 17968K->16689K(19736K), 0.0054225 secs]
[GC 18033K->16752K(19736K), 0.0053512 secs]
[GC 18096K->16815K(19736K), 0.0055247 secs]
[GC 18159K->16882K(19736K), 0.0056840 secs]
[GC 18226K->16951K(19736K), 0.0056974 secs]
[GC 18295K->17017K(19736K), 0.0054929 secs]
[GC 18361K->17082K(19736K), 0.0055683 secs]
[GC 18426K->17145K(19736K), 0.0055524 secs]
[GC 18489K->17209K(19736K), 0.0054594 secs]
[GC 18553K->17277K(19736K), 0.0055155 secs]
[GC 18621K->17345K(19736K), 0.0055993 secs]
[GC 18689K->17411K(19736K), 0.0055432 secs]
[GC 18755K->17476K(19736K), 0.0054795 secs]
[GC 18820K->17540K(19736K), 0.0056689 secs]
[GC 18884K->17604K(19736K), 0.0054560 secs]
[GC 18948K->17667K(19736K), 0.0055457 secs]
[GC 19011K->17735K(19736K), 0.0055055 secs]
[GC 19079K->17803K(19736K), 0.0057242 secs]
[GC 19147K->17869K(19736K), 0.0055926 secs]
[GC 19213K->17933K(19736K), 0.0055281 secs]
[GC 19277K->17997K(19736K), 0.0054879 secs]
[GC 19341K->18060K(19736K), 0.0055767 secs]
[GC 19404K->18128K(19736K), 0.0058767 secs]
[GC 19472K->18197K(19736K), 0.0056471 secs]
[GC 19541K->18262K(19736K), 0.0055046 secs]
[GC 19606K->18327K(19736K), 0.0055105 secs]
[GC 19671K->18391K(19736K), 0.0054979 secs]
[Full GC 18391K->10925K(19736K), 0.1362879 secs]
[GC 12269K->11119K(19736K), 0.0062111 secs]
[GC 12463K->11185K(19736K), 0.0054501 secs]
[GC 12529K->11251K(19736K), 0.0053890 secs]
[GC 12595K->11320K(19736K), 0.0057787 secs]
[GC 12664K->11386K(19736K), 0.0053973 secs]
[GC 12730K->11451K(19736K), 0.0054250 secs]
[GC 12795K->11514K(19736K), 0.0054493 secs]
[GC 12858K->11578K(19736K), 0.0054074 secs]
[GC 12922K->11646K(19736K), 0.0054351 secs]
[GC 12990K->11715K(19736K), 0.0055348 secs]
[GC 13059K->11780K(19736K), 0.0054568 secs]
[GC 13124K->11845K(19736K), 0.0055004 secs]
[GC 13189K->11909K(19736K), 0.0053638 secs]
[GC 13253K->11972K(19736K), 0.0053404 secs]
[GC 13316K->12035K(19736K), 0.0057368 secs]
[GC 13379K->12102K(19736K), 0.0054040 secs]
[GC 13446K->12171K(19736K), 0.0055247 secs]
[GC 13515K->12236K(19736K), 0.0055474 secs]
[GC 13580K->12300K(19736K), 0.0054937 secs]
[GC 13644K->12365K(19736K), 0.0053378 secs]
[GC 13709K->12429K(19736K), 0.0053211 secs]
[GC 13773K->12496K(19736K), 0.0055675 secs]
[GC 13840K->12565K(19736K), 0.0056052 secs]
[GC 13909K->12630K(19736K), 0.0054996 secs]
[GC 13974K->12695K(19736K), 0.0055013 secs]
[GC 14039K->12760K(19736K), 0.0053772 secs]
[GC 14104K->12823K(19736K), 0.0054334 secs]
[GC 14167K->12887K(19736K), 0.0053714 secs]
[GC 14231K->12955K(19736K), 0.0055130 secs]
[GC 14299K->13024K(19736K), 0.0056764 secs]
[GC 14368K->13089K(19736K), 0.0054912 secs]
[GC 14433K->13154K(19736K), 0.0053512 secs]
[GC 14498K->13218K(19736K), 0.0054627 secs]
[GC 14562K->13281K(19736K), 0.0053068 secs]
[GC 14625K->13348K(19736K), 0.0054032 secs]
[GC 14692K->13416K(19736K), 0.0055608 secs]
[GC 14760K->13490K(19736K), 0.0056303 secs]
[GC 14834K->13555K(19736K), 0.0054954 secs]
[GC 14899K->13619K(19736K), 0.0057929 secs]
[GC 14963K->13683K(19736K), 0.0055432 secs]
[GC 15027K->13747K(19736K), 0.0054577 secs]
[GC 15091K->13814K(19736K), 0.0054485 secs]
[GC 15158K->13883K(19736K), 0.0055541 secs]
[GC 15227K->13948K(19736K), 0.0054853 secs]
[GC 15292K->14012K(19736K), 0.0054636 secs]
[GC 15356K->14077K(19736K), 0.0095401 secs]
[GC 15421K->14141K(19736K), 0.0054040 secs]
[GC 15485K->14204K(19736K), 0.0053764 secs]
[GC 15548K->14271K(19736K), 0.0055700 secs]
[GC 15615K->14340K(19736K), 0.0055415 secs]
[GC 15684K->14405K(19736K), 0.0059279 secs]
[GC 15749K->14470K(19736K), 0.0055063 secs]
[GC 15814K->14533K(19736K), 0.0055147 secs]
[GC 15877K->14597K(19736K), 0.0054250 secs]
[GC 15941K->14665K(19736K), 0.0055247 secs]
[GC 16009K->14733K(19736K), 0.0055675 secs]
[GC 16077K->14799K(19736K), 0.0055658 secs]
[GC 16142K->14864K(19736K), 0.0054744 secs]
[GC 16207K->14928K(19736K), 0.0054711 secs]
[GC 16272K->14992K(19736K), 0.0053647 secs]
[GC 16336K->15055K(19736K), 0.0054795 secs]
[GC 16399K->15122K(19736K), 0.0054837 secs]
[GC 16466K->15191K(19736K), 0.0056437 secs]
[GC 16535K->15256K(19736K), 0.0055071 secs]
[GC 16600K->15320K(19736K), 0.0054443 secs]
[GC 16664K->15385K(19736K), 0.0055666 secs]
[GC 16729K->15449K(19736K), 0.0054351 secs]
[GC 16793K->15516K(19736K), 0.0054870 secs]
[GC 16860K->15585K(19736K), 0.0056236 secs]
[GC 16929K->15650K(19736K), 0.0058181 secs]
[GC 16994K->15715K(19736K), 0.0054476 secs]
[GC 17059K->15779K(19736K), 0.0054175 secs]
[GC 17123K->15843K(19736K), 0.0054669 secs]
[GC 17187K->15906K(19736K), 0.0053705 secs]
[GC 17250K->15973K(19736K), 0.0055197 secs]
[GC 17317K->16042K(19736K), 0.0056597 secs]
[GC 17386K->16107K(19736K), 0.0054694 secs]
[GC 17451K->16172K(19736K), 0.0055197 secs]
[GC 17516K->16236K(19736K), 0.0054937 secs]
[GC 17580K->16299K(19736K), 0.0055465 secs]
[GC 17643K->16367K(19736K), 0.0055876 secs]
[GC 17711K->16436K(19736K), 0.0060745 secs]
[GC 17780K->16501K(19736K), 0.0054920 secs]
[GC 17845K->16566K(19736K), 0.0058348 secs]
[GC 17910K->16631K(19736K), 0.0054744 secs]
[GC 17975K->16695K(19736K), 0.0054870 secs]
[GC 18039K->16758K(19736K), 0.0056119 secs]
[GC 18102K->16826K(19736K), 0.0056287 secs]
[GC 18170K->16895K(19736K), 0.0056270 secs]
[GC 18239K->16960K(19736K), 0.0055909 secs]
[GC 18304K->17025K(19736K), 0.0055222 secs]
[GC 18369K->17089K(19736K), 0.0055172 secs]
[GC 18433K->17153K(19736K), 0.0054920 secs]
[GC 18497K->17219K(19736K), 0.0054661 secs]
[GC 18563K->17287K(19736K), 0.0054778 secs]
[GC 18631K->17352K(19736K), 0.0096322 secs]
[GC 18696K->17417K(19736K), 0.0055826 secs]
[GC 18761K->17481K(19736K), 0.0054652 secs]
[GC 18825K->17545K(19736K), 0.0054828 secs]
[GC 18889K->17609K(19736K), 0.0057753 secs]
[GC 18953K->17676K(19736K), 0.0055884 secs]
[GC 19020K->17745K(19736K), 0.0056429 secs]
[GC 19089K->17811K(19736K), 0.0056463 secs]
[GC 19155K->17875K(19736K), 0.0056873 secs]
[GC 19219K->17939K(19736K), 0.0055750 secs]
[GC 19283K->18003K(19736K), 0.0055633 secs]
[GC 19347K->18066K(19736K), 0.0053563 secs]
[GC 19410K->18133K(19736K), 0.0055164 secs]
[GC 19477K->18202K(19736K), 0.0056907 secs]
[GC 19546K->18268K(19736K), 0.0055742 secs]
[GC 19612K->18333K(19736K), 0.0056664 secs]
[GC 19677K->18396K(19864K), 0.0055901 secs]
[Full GC 18396K->10037K(19864K), 0.1361580 secs]
[GC 11381K->10230K(19736K), 0.0060293 secs]
[GC 11574K->10301K(19736K), 0.0054510 secs]
[GC 11645K->10370K(19736K), 0.0055650 secs]
[GC 11714K->10435K(19736K), 0.0054535 secs]
[GC 11779K->10500K(19736K), 0.0055122 secs]
[GC 11844K->10564K(19736K), 0.0052280 secs]
[GC 11908K->10627K(19736K), 0.0053286 secs]
[GC 11971K->10690K(19736K), 0.0057167 secs]
[GC 12034K->10758K(19736K), 0.0057862 secs]
[GC 12102K->10827K(19736K), 0.0059496 secs]
[GC 12171K->10892K(19736K), 0.0053605 secs]
[GC 12236K->10956K(19736K), 0.0053060 secs]
[GC 12300K->11021K(19736K), 0.0053605 secs]
[GC 12365K->11084K(19736K), 0.0052792 secs]
[GC 12428K->11151K(19736K), 0.0054476 secs]
[GC 12495K->11220K(19736K), 0.0055482 secs]
[GC 12564K->11286K(19736K), 0.0053328 secs]
[GC 12630K->11351K(19736K), 0.0053680 secs]
[GC 12695K->11415K(19736K), 0.0053764 secs]
[GC 12759K->11478K(19736K), 0.0056605 secs]
[GC 12822K->11542K(19736K), 0.0054535 secs]
[GC 12886K->11609K(19736K), 0.0054309 secs]
[GC 12953K->11678K(19736K), 0.0054870 secs]
[GC 13022K->11744K(19736K), 0.0054359 secs]
[GC 13087K->11808K(19736K), 0.0052574 secs]
[GC 13152K->11871K(19736K), 0.0053856 secs]
[GC 13215K->11935K(19736K), 0.0054493 secs]
[GC 13279K->12002K(19736K), 0.0053982 secs]
[GC 13346K->12071K(19736K), 0.0055096 secs]
[GC 13415K->12136K(19736K), 0.0053906 secs]
[GC 13480K->12201K(19736K), 0.0054820 secs]
[GC 13545K->12265K(19736K), 0.0054032 secs]
[GC 13609K->12329K(19736K), 0.0053864 secs]
[GC 13673K->12393K(19736K), 0.0054703 secs]
[GC 13737K->12460K(19736K), 0.0055130 secs]
[GC 13804K->12529K(19736K), 0.0055071 secs]
[GC 13873K->12595K(19736K), 0.0058424 secs]
[GC 13939K->12659K(19736K), 0.0054200 secs]
[GC 14003K->12723K(19736K), 0.0055214 secs]
[GC 14067K->12787K(19736K), 0.0058457 secs]
[GC 14131K->12855K(19736K), 0.0057393 secs]
[GC 14199K->12924K(19736K), 0.0058139 secs]
[GC 14268K->12989K(19736K), 0.0055138 secs]
[GC 14333K->13055K(19736K), 0.0056706 secs]
[GC 14399K->13119K(19736K), 0.0054418 secs]
[GC 14463K->13183K(19736K), 0.0053487 secs]
[GC 14527K->13246K(19736K), 0.0054032 secs]
[GC 14590K->13314K(19736K), 0.0055088 secs]
[GC 14658K->13383K(19736K), 0.0056580 secs]
[GC 14727K->13448K(19736K), 0.0054661 secs]
[GC 14792K->13513K(19736K), 0.0054971 secs]
[GC 14857K->13577K(19736K), 0.0052700 secs]
[GC 14921K->13640K(19736K), 0.0054317 secs]
[GC 14984K->13703K(19736K), 0.0057611 secs]
[GC 15047K->13770K(19736K), 0.0053965 secs]
[GC 15114K->13839K(19736K), 0.0056069 secs]
[GC 15183K->13904K(19736K), 0.0057711 secs]
[GC 15248K->13968K(19736K), 0.0059505 secs]
[GC 15312K->14033K(19736K), 0.0053973 secs]
[GC 15377K->14096K(19736K), 0.0053512 secs]
[GC 15440K->14163K(19736K), 0.0054602 secs]
[GC 15507K->14233K(19736K), 0.0055583 secs]
[GC 15577K->14298K(19736K), 0.0095426 secs]
[GC 15642K->14362K(19736K), 0.0053655 secs]
[GC 15706K->14426K(19736K), 0.0053948 secs]
[GC 15770K->14490K(19736K), 0.0059270 secs]
[GC 15834K->14553K(19736K), 0.0053035 secs]
[GC 15897K->14620K(19736K), 0.0055231 secs]
[GC 15964K->14689K(19736K), 0.0055541 secs]
[GC 16033K->14755K(19736K), 0.0054711 secs]
[GC 16099K->14819K(19736K), 0.0053026 secs]
[GC 16163K->14883K(19736K), 0.0054560 secs]
[GC 16227K->14946K(19736K), 0.0055122 secs]
[GC 16290K->15014K(19736K), 0.0054082 secs]
[GC 16358K->15082K(19736K), 0.0056186 secs]
[GC 16426K->15147K(19736K), 0.0054300 secs]
[GC 16491K->15212K(19736K), 0.0054434 secs]
[GC 16556K->15277K(19736K), 0.0054108 secs]
[GC 16621K->15340K(19736K), 0.0054317 secs]
[GC 16684K->15403K(19736K), 0.0054627 secs]
[GC 16747K->15470K(19736K), 0.0056044 secs]
[GC 16814K->15539K(19736K), 0.0055826 secs]
[GC 16883K->15605K(19736K), 0.0055398 secs]
[GC 16949K->15669K(19736K), 0.0054443 secs]
[GC 17013K->15733K(19736K), 0.0055046 secs]
[GC 17077K->15797K(19736K), 0.0054937 secs]
[GC 17141K->15864K(19736K), 0.0055407 secs]
[GC 17208K->15933K(19736K), 0.0055935 secs]
[GC 17277K->15999K(19736K), 0.0055205 secs]
[GC 17343K->16064K(19736K), 0.0053521 secs]
[GC 17408K->16128K(19736K), 0.0055272 secs]
[GC 17472K->16191K(19736K), 0.0055155 secs]
[GC 17535K->16255K(19736K), 0.0055147 secs]
[GC 17599K->16322K(19736K), 0.0056354 secs]
[GC 17666K->16391K(19736K), 0.0056555 secs]
[GC 17735K->16456K(19736K), 0.0055205 secs]
[GC 17800K->16521K(19736K), 0.0055507 secs]
[GC 17865K->16585K(19736K), 0.0054669 secs]
[GC 17929K->16649K(19736K), 0.0054786 secs]
[GC 17993K->16716K(19736K), 0.0055340 secs]
[GC 18060K->16786K(19736K), 0.0056102 secs]
[GC 18130K->16850K(19736K), 0.0055314 secs]
[GC 18194K->16915K(19736K), 0.0054342 secs]
[GC 18259K->16980K(19736K), 0.0054795 secs]
[GC 18324K->17044K(19736K), 0.0055943 secs]
[GC 18388K->17107K(19736K), 0.0054619 secs]
[GC 18451K->17175K(19736K), 0.0056396 secs]
[GC 18519K->17244K(19736K), 0.0056362 secs]
[GC 18588K->17309K(19736K), 0.0055423 secs]
[GC 18653K->17374K(19736K), 0.0058734 secs]
[GC 18718K->17439K(19736K), 0.0053789 secs]
[GC 18783K->17502K(19736K), 0.0058172 secs]
[GC 18846K->17566K(19736K), 0.0055080 secs]
[GC 18910K->17633K(19736K), 0.0096524 secs]
[GC 18977K->17702K(19736K), 0.0057711 secs]
[GC 19046K->17767K(19736K), 0.0055105 secs]
[GC 19111K->17831K(19736K), 0.0055532 secs]
[GC 19175K->17896K(19736K), 0.0054309 secs]
[GC 19240K->17960K(19736K), 0.0055616 secs]
[GC 19304K->18023K(19736K), 0.0057787 secs]
[GC 19367K->18089K(19736K), 0.0056295 secs]
[GC 19433K->18160K(19736K), 0.0055549 secs]
[GC 19504K->18225K(19736K), 0.0056060 secs]
[GC 19569K->18289K(19736K), 0.0058558 secs]
[GC 19633K->18353K(19736K), 0.0055281 secs]
[GC 19697K->18417K(19864K), 0.0056018 secs]
[Full GC 18417K->10936K(19864K), 0.1362703 secs]
[GC 12280K->11123K(19736K), 0.0060779 secs]
[GC 12467K->11192K(19736K), 0.0055574 secs]
[GC 12536K->11258K(19736K), 0.0055180 secs]
[GC 12602K->11323K(19736K), 0.0052557 secs]
[GC 12667K->11387K(19736K), 0.0056261 secs]
[GC 12731K->11450K(19736K), 0.0054418 secs]
[GC 12794K->11514K(19736K), 0.0052909 secs]
[GC 12858K->11581K(19736K), 0.0053923 secs]
[GC 12925K->11650K(19736K), 0.0055180 secs]
[GC 12994K->11715K(19736K), 0.0055465 secs]
[GC 13059K->11780K(19736K), 0.0056194 secs]
[GC 13124K->11845K(19736K), 0.0054359 secs]
[GC 13189K->11908K(19736K), 0.0053756 secs]
[GC 13252K->11976K(19736K), 0.0058759 secs]
[GC 13320K->12045K(19736K), 0.0055013 secs]
[GC 13389K->12110K(19736K), 0.0096339 secs]
[GC 13454K->12175K(19736K), 0.0055046 secs]
[GC 13519K->12239K(19736K), 0.0054258 secs]
[GC 13583K->12303K(19736K), 0.0053890 secs]
[GC 13647K->12365K(19736K), 0.0057829 secs]
[GC 13709K->12432K(19736K), 0.0054460 secs]
[GC 13776K->12502K(19736K), 0.0059706 secs]
[GC 13846K->12567K(19736K), 0.0054342 secs]
[GC 13911K->12631K(19736K), 0.0056848 secs]
[GC 13975K->12695K(19736K), 0.0054652 secs]
[GC 14039K->12759K(19736K), 0.0054099 secs]
[GC 14103K->12827K(19736K), 0.0061667 secs]
[GC 14171K->12895K(19736K), 0.0056924 secs]
[GC 14239K->12961K(19736K), 0.0055013 secs]
[GC 14305K->13026K(19736K), 0.0054183 secs]
[GC 14370K->13090K(19736K), 0.0054166 secs]
[GC 14434K->13154K(19736K), 0.0095401 secs]
[GC 14498K->13217K(19736K), 0.0054091 secs]
[GC 14561K->13285K(19736K), 0.0054543 secs]
[GC 14629K->13353K(19736K), 0.0055985 secs]
[GC 14697K->13419K(19736K), 0.0054133 secs]
[GC 14763K->13483K(19736K), 0.0054082 secs]
[GC 14827K->13547K(19736K), 0.0053286 secs]
[GC 14891K->13611K(19736K), 0.0054845 secs]
[GC 14955K->13678K(19736K), 0.0054560 secs]
[GC 15022K->13747K(19736K), 0.0055071 secs]
[GC 15091K->13812K(19736K), 0.0053906 secs]
[GC 15156K->13877K(19736K), 0.0055733 secs]
[GC 15221K->13941K(19736K), 0.0054133 secs]
[GC 15285K->14005K(19736K), 0.0055532 secs]
[GC 15349K->14069K(19736K), 0.0056739 secs]
[GC 15413K->14136K(19736K), 0.0059119 secs]
[GC 15480K->14205K(19736K), 0.0060527 secs]
[GC 15549K->14270K(19736K), 0.0054309 secs]
[GC 15614K->14335K(19736K), 0.0057116 secs]
[GC 15679K->14399K(19736K), 0.0055180 secs]
[GC 15742K->14462K(19736K), 0.0054879 secs]
[GC 15806K->14529K(19736K), 0.0054493 secs]
[GC 15873K->14596K(19736K), 0.0057519 secs]
[GC 15940K->14664K(19736K), 0.0054996 secs]
[GC 16008K->14730K(19736K), 0.0054770 secs]
[GC 16074K->14794K(19736K), 0.0055055 secs]
[GC 16138K->14858K(19736K), 0.0054828 secs]
[GC 16202K->14922K(19736K), 0.0053647 secs]
[GC 16266K->14989K(19736K), 0.0055390 secs]
[GC 16333K->15058K(19736K), 0.0056915 secs]
[GC 16402K->15124K(19736K), 0.0055063 secs]
[GC 16468K->15189K(19736K), 0.0054736 secs]
[GC 16533K->15253K(19736K), 0.0055356 secs]
[GC 16597K->15317K(19736K), 0.0053948 secs]
[GC 16661K->15380K(19736K), 0.0054862 secs]
[GC 16724K->15448K(19736K), 0.0054661 secs]
[GC 16792K->15516K(19736K), 0.0055784 secs]
[GC 16860K->15582K(19736K), 0.0055038 secs]
[GC 16926K->15646K(19736K), 0.0056261 secs]
[GC 16990K->15710K(19736K), 0.0053328 secs]
[GC 17054K->15773K(19736K), 0.0056915 secs]
[GC 17117K->15841K(19736K), 0.0055566 secs]
[GC 17185K->15910K(19736K), 0.0056002 secs]
[GC 17254K->15975K(19736K), 0.0055214 secs]
[GC 17319K->16040K(19736K), 0.0055708 secs]
[GC 17384K->16104K(19736K), 0.0054594 secs]
[GC 17448K->16168K(19736K), 0.0055138 secs]
[GC 17512K->16231K(19736K), 0.0054443 secs]
[GC 17575K->16298K(19736K), 0.0056010 secs]
[GC 17642K->16367K(19736K), 0.0056823 secs]
[GC 17711K->16433K(19736K), 0.0058784 secs]
[GC 17777K->16498K(19736K), 0.0054351 secs]
[GC 17842K->16561K(19736K), 0.0054267 secs]
[GC 17905K->16625K(19736K), 0.0054233 secs]
[GC 17969K->16693K(19736K), 0.0056697 secs]
[GC 18037K->16761K(19736K), 0.0056664 secs]
[GC 18105K->16827K(19736K), 0.0055113 secs]
[GC 18171K->16892K(19736K), 0.0054853 secs]
[GC 18236K->16956K(19736K), 0.0054284 secs]
[GC 18300K->17019K(19736K), 0.0055407 secs]
[GC 18363K->17082K(19736K), 0.0058616 secs]
[GC 18426K->17149K(19736K), 0.0058365 secs]
[GC 18493K->17218K(19736K), 0.0055943 secs]
[GC 18562K->17283K(19736K), 0.0055583 secs]
[GC 18627K->17347K(19736K), 0.0055298 secs]
[GC 18691K->17412K(19736K), 0.0055088 secs]
[GC 18756K->17476K(19736K), 0.0055750 secs]
[GC 18820K->17543K(19736K), 0.0055465 secs]
[GC 18887K->17612K(19736K), 0.0055893 secs]
[GC 18956K->17677K(19736K), 0.0055239 secs]
[GC 19021K->17742K(19736K), 0.0061173 secs]
[GC 19086K->17806K(19736K), 0.0054669 secs]
[GC 19150K->17869K(19736K), 0.0059044 secs]
[GC 19213K->17933K(19736K), 0.0055021 secs]
[GC 19277K->18000K(19736K), 0.0056077 secs]
[GC 19344K->18069K(19736K), 0.0057141 secs]
[GC 19413K->18134K(19736K), 0.0058223 secs]
[GC 19478K->18199K(19736K), 0.0054669 secs]
[GC 19543K->18262K(19736K), 0.0055725 secs]
[GC 19606K->18326K(19736K), 0.0054091 secs]
[GC 19670K->18389K(19736K), 0.0058918 secs]
[Full GC 18389K->10037K(19736K), 0.1357037 secs]
[GC 11381K->10225K(19736K), 0.0061994 secs]
[GC 11569K->10294K(19736K), 0.0054954 secs]
[GC 11638K->10360K(19736K), 0.0054007 secs]
[GC 11704K->10424K(19736K), 0.0053647 secs]
[GC 11768K->10488K(19736K), 0.0053395 secs]
[GC 11832K->10552K(19736K), 0.0053228 secs]
[GC 11896K->10620K(19736K), 0.0054602 secs]
[GC 11964K->10689K(19736K), 0.0054778 secs]
[GC 12033K->10754K(19736K), 0.0054183 secs]
[GC 12098K->10820K(19736K), 0.0054183 secs]
[GC 12164K->10884K(19736K), 0.0053580 secs]
[GC 12228K->10948K(19736K), 0.0053588 secs]
[GC 12292K->11011K(19736K), 0.0054032 secs]
[GC 12355K->11079K(19736K), 0.0054552 secs]
[GC 12423K->11148K(19736K), 0.0055868 secs]
[GC 12492K->11213K(19736K), 0.0054082 secs]
[GC 12557K->11278K(19736K), 0.0054292 secs]
[GC 12622K->11342K(19736K), 0.0052649 secs]
[GC 12686K->11406K(19736K), 0.0053722 secs]
[GC 12750K->11469K(19736K), 0.0056706 secs]
[GC 12813K->11536K(19736K), 0.0055147 secs]
[GC 12880K->11605K(19736K), 0.0055231 secs]
[GC 12949K->11670K(19736K), 0.0054476 secs]
[GC 13014K->11735K(19736K), 0.0056446 secs]
[GC 13079K->11799K(19736K), 0.0054501 secs]
[GC 13143K->11863K(19736K), 0.0053948 secs]
[GC 13207K->11930K(19736K), 0.0054443 secs]
[GC 13274K->11999K(19736K), 0.0055130 secs]
[GC 13343K->12064K(19736K), 0.0052968 secs]
[GC 13408K->12129K(19736K), 0.0053487 secs]
[GC 13473K->12193K(19736K), 0.0054560 secs]
[GC 13537K->12256K(19736K), 0.0053747 secs]
[GC 13600K->12320K(19736K), 0.0052976 secs]
[GC 13664K->12386K(19736K), 0.0056002 secs]
[GC 13730K->12455K(19736K), 0.0057418 secs]
[GC 13799K->12521K(19736K), 0.0054971 secs]
[GC 13865K->12585K(19736K), 0.0053186 secs]
[GC 13929K->12649K(19736K), 0.0054451 secs]
[GC 13993K->12712K(19736K), 0.0057829 secs]
[GC 14056K->12780K(19736K), 0.0053362 secs]
[GC 14124K->12848K(19736K), 0.0054988 secs]
[GC 14192K->12913K(19736K), 0.0053999 secs]
[GC 14257K->12978K(19736K), 0.0053756 secs]
[GC 14322K->13043K(19736K), 0.0057996 secs]
[GC 14387K->13107K(19736K), 0.0054887 secs]
[GC 14451K->13170K(19736K), 0.0053864 secs]
[GC 14514K->13237K(19736K), 0.0054141 secs]
[GC 14581K->13306K(19736K), 0.0054325 secs]
[GC 14650K->13371K(19736K), 0.0059999 secs]
[GC 14715K->13435K(19736K), 0.0053823 secs]
[GC 14779K->13499K(19736K), 0.0055733 secs]
[GC 14843K->13564K(19736K), 0.0054216 secs]
[GC 14908K->13631K(19736K), 0.0055080 secs]
[GC 14975K->13700K(19736K), 0.0059488 secs]
[GC 15044K->13765K(19736K), 0.0055993 secs]
[GC 15109K->13830K(19736K), 0.0054166 secs]
[GC 15174K->13894K(19736K), 0.0054200 secs]
[GC 15238K->13958K(19736K), 0.0054879 secs]
[GC 15302K->14021K(19736K), 0.0055239 secs]
[GC 15365K->14089K(19736K), 0.0054694 secs]
[GC 15433K->14157K(19736K), 0.0055381 secs]
[GC 15501K->14223K(19736K), 0.0055298 secs]
[GC 15567K->14288K(19736K), 0.0060066 secs]
[GC 15632K->14352K(19736K), 0.0058122 secs]
[GC 15696K->14415K(19736K), 0.0054694 secs]
[GC 15759K->14483K(19736K), 0.0055733 secs]
[GC 15827K->14552K(19736K), 0.0055566 secs]
[GC 15896K->14617K(19736K), 0.0057418 secs]
[GC 15961K->14682K(19736K), 0.0053219 secs]
[GC 16026K->14746K(19736K), 0.0053873 secs]
[GC 16090K->14810K(19736K), 0.0054812 secs]
[GC 16154K->14874K(19736K), 0.0054275 secs]
[GC 16218K->14942K(19736K), 0.0056152 secs]
[GC 16286K->15010K(19736K), 0.0058549 secs]
[GC 16354K->15076K(19736K), 0.0060008 secs]
[GC 16420K->15141K(19736K), 0.0054812 secs]
[GC 16485K->15205K(19736K), 0.0053839 secs]
[GC 16549K->15269K(19736K), 0.0055591 secs]
[GC 16613K->15332K(19736K), 0.0058692 secs]
[GC 16676K->15400K(19736K), 0.0054560 secs]
[GC 16744K->15468K(19736K), 0.0056035 secs]
[GC 16812K->15533K(19736K), 0.0054426 secs]
[GC 16877K->15598K(19736K), 0.0055231 secs]
[GC 16942K->15662K(19736K), 0.0054242 secs]
[GC 17006K->15726K(19736K), 0.0054862 secs]
[GC 17070K->15789K(19736K), 0.0056907 secs]
[GC 17133K->15855K(19736K), 0.0054552 secs]
[GC 17199K->15926K(19736K), 0.0054946 secs]
[GC 17270K->15992K(19736K), 0.0056312 secs]
[GC 17336K->16056K(19736K), 0.0055080 secs]
[GC 17400K->16120K(19736K), 0.0055784 secs]
[GC 17464K->16184K(19736K), 0.0054183 secs]
[GC 17528K->16251K(19736K), 0.0055432 secs]
[GC 17595K->16320K(19736K), 0.0056002 secs]
[GC 17664K->16386K(19736K), 0.0055465 secs]
[GC 17730K->16451K(19736K), 0.0054510 secs]
[GC 17795K->16515K(19736K), 0.0055692 secs]
[GC 17859K->16578K(19736K), 0.0054543 secs]
[GC 17922K->16642K(19736K), 0.0055038 secs]
[GC 17986K->16709K(19736K), 0.0054971 secs]
[GC 18053K->16778K(19736K), 0.0056572 secs]
[GC 18122K->16843K(19736K), 0.0056680 secs]
[GC 18187K->16908K(19736K), 0.0055599 secs]
[GC 18252K->16972K(19736K), 0.0055541 secs]
[GC 18316K->17036K(19736K), 0.0055281 secs]
[GC 18380K->17103K(19736K), 0.0055683 secs]
[GC 18447K->17172K(19736K), 0.0057250 secs]
[GC 18516K->17238K(19736K), 0.0055893 secs]
[GC 18582K->17302K(19736K), 0.0056555 secs]
[GC 18646K->17366K(19736K), 0.0055197 secs]
[GC 18710K->17430K(19736K), 0.0054141 secs]
[GC 18774K->17493K(19736K), 0.0055298 secs]
[GC 18837K->17560K(19736K), 0.0055893 secs]
[GC 18904K->17629K(19736K), 0.0057007 secs]
[GC 18973K->17695K(19736K), 0.0055851 secs]
[GC 19039K->17759K(19736K), 0.0058055 secs]
[GC 19103K->17823K(19736K), 0.0054535 secs]
[GC 19167K->17886K(19736K), 0.0054778 secs]
[GC 19230K->17954K(19736K), 0.0055700 secs]
[GC 19298K->18023K(19736K), 0.0057971 secs]
[GC 19367K->18088K(19736K), 0.0055088 secs]
[GC 19432K->18154K(19736K), 0.0054703 secs]
[GC 19498K->18218K(19736K), 0.0055046 secs]
[GC 19562K->18282K(19736K), 0.0055038 secs]
[GC 19626K->18345K(19736K), 0.0059941 secs]
[GC 19689K->18412K(19864K), 0.0062589 secs]
[Full GC 18412K->10934K(19864K), 0.1414347 secs]
[GC 12278K->11127K(19736K), 0.0062706 secs]
[GC 12471K->11192K(19736K), 0.0053521 secs]
[GC 12536K->11257K(19736K), 0.0053563 secs]
[GC 12601K->11321K(19736K), 0.0052817 secs]
[GC 12665K->11384K(19736K), 0.0054149 secs]
[GC 12728K->11452K(19736K), 0.0055281 secs]
[GC 12796K->11521K(19736K), 0.0054401 secs]
[GC 12865K->11586K(19736K), 0.0054082 secs]
[GC 12930K->11651K(19736K), 0.0054761 secs]
[GC 12995K->11715K(19736K), 0.0053864 secs]
[GC 13059K->11779K(19736K), 0.0053605 secs]
[GC 13123K->11843K(19736K), 0.0052616 secs]
[GC 13187K->11910K(19736K), 0.0054149 secs]
[GC 13254K->11978K(19736K), 0.0056345 secs]
[GC 13322K->12044K(19736K), 0.0054158 secs]
[GC 13388K->12108K(19736K), 0.0054895 secs]
[GC 13452K->12173K(19736K), 0.0054887 secs]
[GC 13517K->12237K(19736K), 0.0053864 secs]
[GC 13581K->12301K(19736K), 0.0054292 secs]
[GC 13645K->12368K(19736K), 0.0054451 secs]
[GC 13712K->12437K(19736K), 0.0055281 secs]
[GC 13781K->12502K(19736K), 0.0055197 secs]
[GC 13846K->12567K(19736K), 0.0057519 secs]
[GC 13911K->12631K(19736K), 0.0054392 secs]
[GC 13975K->12695K(19736K), 0.0053169 secs]
[GC 14039K->12761K(19736K), 0.0053906 secs]
[GC 14105K->12828K(19736K), 0.0054124 secs]
[GC 14172K->12893K(19736K), 0.0053814 secs]
[GC 14237K->12958K(19736K), 0.0056018 secs]
[GC 14302K->13023K(19736K), 0.0053932 secs]
[GC 14367K->13087K(19736K), 0.0053512 secs]
[GC 14431K->13151K(19736K), 0.0053940 secs]
[GC 14495K->13218K(19736K), 0.0057938 secs]
[GC 14562K->13287K(19736K), 0.0057317 secs]
[GC 14631K->13352K(19736K), 0.0054057 secs]
[GC 14696K->13416K(19736K), 0.0057276 secs]
[GC 14760K->13480K(19736K), 0.0054057 secs]
[GC 14824K->13544K(19736K), 0.0054267 secs]
[GC 14888K->13607K(19736K), 0.0053756 secs]
[GC 14951K->13674K(19736K), 0.0054468 secs]
[GC 15018K->13743K(19736K), 0.0055423 secs]
[GC 15087K->13808K(19736K), 0.0055105 secs]
[GC 15152K->13873K(19736K), 0.0054082 secs]
[GC 15217K->13937K(19736K), 0.0053839 secs]
[GC 15281K->14000K(19736K), 0.0054594 secs]
[GC 15344K->14068K(19736K), 0.0053881 secs]
[GC 15412K->14136K(19736K), 0.0058566 secs]
[GC 15480K->14202K(19736K), 0.0055180 secs]
[GC 15546K->14266K(19736K), 0.0057192 secs]
[GC 15610K->14331K(19736K), 0.0057619 secs]
[GC 15675K->14395K(19736K), 0.0054778 secs]
[GC 15739K->14458K(19736K), 0.0054543 secs]
[GC 15802K->14525K(19736K), 0.0054828 secs]
[GC 15869K->14594K(19736K), 0.0055164 secs]
[GC 15938K->14660K(19736K), 0.0055130 secs]
[GC 16004K->14724K(19736K), 0.0055390 secs]
[GC 16068K->14788K(19736K), 0.0054267 secs]
[GC 16132K->14851K(19736K), 0.0053957 secs]
[GC 16195K->14918K(19736K), 0.0054434 secs]
[GC 16262K->14987K(19736K), 0.0056060 secs]
[GC 16331K->15053K(19736K), 0.0055717 secs]
[GC 16397K->15118K(19736K), 0.0053923 secs]
[GC 16462K->15182K(19736K), 0.0054795 secs]
[GC 16526K->15245K(19736K), 0.0054694 secs]
[GC 16589K->15309K(19736K), 0.0057351 secs]
[GC 16653K->15376K(19736K), 0.0055666 secs]
[GC 16720K->15445K(19736K), 0.0058382 secs]
[GC 16789K->15510K(19736K), 0.0055432 secs]
[GC 16854K->15576K(19736K), 0.0055365 secs]
[GC 16920K->15640K(19736K), 0.0055105 secs]
[GC 16984K->15703K(19736K), 0.0054183 secs]
[GC 17047K->15771K(19736K), 0.0056412 secs]
[GC 17115K->15840K(19736K), 0.0056689 secs]
[GC 17184K->15905K(19736K), 0.0055365 secs]
[GC 17249K->15969K(19736K), 0.0054577 secs]
[GC 17313K->16034K(19736K), 0.0053973 secs]
[GC 17378K->16098K(19736K), 0.0056680 secs]
[GC 17442K->16161K(19736K), 0.0055340 secs]
[GC 17505K->16228K(19736K), 0.0055205 secs]
[GC 17572K->16297K(19736K), 0.0060033 secs]
[GC 17641K->16363K(19736K), 0.0055868 secs]
[GC 17707K->16428K(19736K), 0.0055423 secs]
[GC 17772K->16491K(19736K), 0.0054418 secs]
[GC 17835K->16555K(19736K), 0.0054694 secs]
[GC 17899K->16623K(19736K), 0.0055608 secs]
[GC 17967K->16692K(19736K), 0.0057108 secs]
[GC 18036K->16757K(19736K), 0.0055608 secs]
[GC 18101K->16823K(19736K), 0.0054535 secs]
[GC 18167K->16887K(19736K), 0.0054434 secs]
[GC 18231K->16951K(19736K), 0.0055063 secs]
[GC 18295K->17015K(19736K), 0.0055088 secs]
[GC 18359K->17082K(19736K), 0.0058591 secs]
[GC 18426K->17151K(19736K), 0.0058977 secs]
[GC 18495K->17216K(19736K), 0.0054887 secs]
[GC 18560K->17281K(19736K), 0.0061986 secs]
[GC 18625K->17345K(19736K), 0.0053471 secs]
[GC 18689K->17409K(19736K), 0.0059103 secs]
[GC 18753K->17471K(19736K), 0.0054015 secs]
[GC 18815K->17539K(19736K), 0.0055373 secs]
[GC 18883K->17608K(19736K), 0.0056437 secs]
[GC 18952K->17673K(19736K), 0.0056127 secs]
[GC 19017K->17738K(19736K), 0.0057938 secs]
[GC 19081K->17802K(19736K), 0.0055499 secs]
[GC 19146K->17866K(19736K), 0.0054644 secs]
[GC 19210K->17933K(19736K), 0.0055826 secs]
[GC 19277K->18002K(19736K), 0.0056488 secs]
[GC 19346K->18067K(19736K), 0.0055624 secs]
[GC 19411K->18132K(19736K), 0.0054711 secs]
[GC 19476K->18196K(19736K), 0.0057753 secs]
[GC 19540K->18260K(19736K), 0.0055390 secs]
[GC 19604K->18324K(19736K), 0.0054585 secs]
[GC 19668K->18391K(19736K), 0.0055817 secs]
[Full GC 18391K->10041K(19736K), 0.1367304 secs]
[GC 11385K->10234K(19736K), 0.0063419 secs]
[GC 11578K->10300K(19736K), 0.0054954 secs]
[GC 11644K->10364K(19736K), 0.0053219 secs]
[GC 11708K->10428K(19736K), 0.0054602 secs]
[GC 11772K->10491K(19736K), 0.0053412 secs]
[GC 11835K->10559K(19736K), 0.0053052 secs]
[GC 11903K->10627K(19736K), 0.0057946 secs]
[GC 11971K->10692K(19736K), 0.0054057 secs]
[GC 12036K->10757K(19736K), 0.0053613 secs]
[GC 12101K->10822K(19736K), 0.0053479 secs]
[GC 12166K->10886K(19736K), 0.0053295 secs]
[GC 12230K->10949K(19736K), 0.0056731 secs]
[GC 12293K->11016K(19736K), 0.0054719 secs]
[GC 12360K->11084K(19736K), 0.0054585 secs]
[GC 12428K->11150K(19736K), 0.0054183 secs]
[GC 12494K->11214K(19736K), 0.0053890 secs]
[GC 12558K->11278K(19736K), 0.0053588 secs]
[GC 12622K->11342K(19736K), 0.0053697 secs]
[GC 12686K->11409K(19736K), 0.0057116 secs]
[GC 12753K->11478K(19736K), 0.0059161 secs]
[GC 12822K->11544K(19736K), 0.0054652 secs]
[GC 12888K->11609K(19736K), 0.0052356 secs]
[GC 12953K->11673K(19736K), 0.0053990 secs]
[GC 13017K->11736K(19736K), 0.0054149 secs]
[GC 13080K->11799K(19736K), 0.0053295 secs]
[GC 13143K->11867K(19736K), 0.0054225 secs]
[GC 13211K->11935K(19736K), 0.0055281 secs]
[GC 13279K->12000K(19736K), 0.0053823 secs]
[GC 13344K->12065K(19736K), 0.0055096 secs]
[GC 13409K->12130K(19736K), 0.0052658 secs]
[GC 13473K->12193K(19736K), 0.0056647 secs]
[GC 13537K->12261K(19736K), 0.0054719 secs]
[GC 13605K->12329K(19736K), 0.0055105 secs]
[GC 13673K->12394K(19736K), 0.0054351 secs]
[GC 13738K->12459K(19736K), 0.0053563 secs]
[GC 13803K->12524K(19736K), 0.0056312 secs]
[GC 13868K->12588K(19736K), 0.0054954 secs]
[GC 13932K->12651K(19736K), 0.0053831 secs]
[GC 13995K->12719K(19736K), 0.0055608 secs]
[GC 14063K->12788K(19736K), 0.0055398 secs]
[GC 14132K->12853K(19736K), 0.0054183 secs]
[GC 14197K->12918K(19736K), 0.0058055 secs]
[GC 14262K->12982K(19736K), 0.0053688 secs]
[GC 14326K->13046K(19736K), 0.0054644 secs]
[GC 14390K->13109K(19736K), 0.0055197 secs]
[GC 14453K->13177K(19736K), 0.0054434 secs]
[GC 14521K->13246K(19736K), 0.0055750 secs]
[GC 14590K->13311K(19736K), 0.0056504 secs]
[GC 14655K->13376K(19736K), 0.0054359 secs]
[GC 14720K->13440K(19736K), 0.0054091 secs]
[GC 14784K->13504K(19736K), 0.0054485 secs]
[GC 14848K->13567K(19736K), 0.0052658 secs]
[GC 14911K->13633K(19736K), 0.0054602 secs]
[GC 14977K->13704K(19736K), 0.0054493 secs]
[GC 15048K->13769K(19736K), 0.0055717 secs]
[GC 15113K->13833K(19736K), 0.0054862 secs]
[GC 15177K->13897K(19736K), 0.0055021 secs]
[GC 15241K->13961K(19736K), 0.0054694 secs]
[GC 15305K->14029K(19736K), 0.0054761 secs]
[GC 15373K->14097K(19736K), 0.0055926 secs]
[GC 15441K->14163K(19736K), 0.0055482 secs]
[GC 15507K->14228K(19736K), 0.0054049 secs]
[GC 15572K->14292K(19736K), 0.0054183 secs]
[GC 15636K->14355K(19736K), 0.0054577 secs]
[GC 15699K->14418K(19736K), 0.0054962 secs]
[GC 15762K->14486K(19736K), 0.0054359 secs]
[GC 15830K->14554K(19736K), 0.0055700 secs]
[GC 15898K->14620K(19736K), 0.0054200 secs]
[GC 15963K->14684K(19736K), 0.0053789 secs]
[GC 16028K->14748K(19736K), 0.0054200 secs]
[GC 16092K->14812K(19736K), 0.0054292 secs]
[GC 16156K->14879K(19736K), 0.0055105 secs]
[GC 16223K->14948K(19736K), 0.0054786 secs]
[GC 16292K->15013K(19736K), 0.0054367 secs]
[GC 16357K->15077K(19736K), 0.0054577 secs]
[GC 16421K->15142K(19736K), 0.0054895 secs]
[GC 16486K->15206K(19736K), 0.0054761 secs]
[GC 16550K->15269K(19736K), 0.0058315 secs]
[GC 16613K->15336K(19736K), 0.0054845 secs]
[GC 16680K->15405K(19736K), 0.0055842 secs]
[GC 16749K->15471K(19736K), 0.0054225 secs]
[GC 16815K->15535K(19736K), 0.0057074 secs]
[GC 16879K->15599K(19736K), 0.0054317 secs]
[GC 16943K->15663K(19736K), 0.0054426 secs]
[GC 17007K->15730K(19736K), 0.0055641 secs]
[GC 17074K->15799K(19736K), 0.0057141 secs]
[GC 17143K->15864K(19736K), 0.0054979 secs]
[GC 17208K->15930K(19736K), 0.0054535 secs]
[GC 17274K->15994K(19736K), 0.0055155 secs]
[GC 17338K->16058K(19736K), 0.0054158 secs]
[GC 17402K->16121K(19736K), 0.0055658 secs]
[GC 17465K->16188K(19736K), 0.0054451 secs]
[GC 17532K->16257K(19736K), 0.0055876 secs]
[GC 17601K->16322K(19736K), 0.0054426 secs]
[GC 17666K->16387K(19736K), 0.0054870 secs]
[GC 17731K->16451K(19736K), 0.0054057 secs]
[GC 17795K->16514K(19736K), 0.0054778 secs]
[GC 17858K->16581K(19736K), 0.0055901 secs]
[GC 17925K->16650K(19736K), 0.0056002 secs]
[GC 17994K->16716K(19736K), 0.0054066 secs]
[GC 18060K->16781K(19736K), 0.0055775 secs]
[GC 18125K->16845K(19736K), 0.0055516 secs]
[GC 18189K->16909K(19736K), 0.0054920 secs]
[GC 18253K->16972K(19736K), 0.0053672 secs]
[GC 18316K->17034K(19736K), 0.0055214 secs]
[GC 18378K->17101K(19736K), 0.0055859 secs]
[GC 18445K->17171K(19736K), 0.0057074 secs]
[GC 18515K->17236K(19736K), 0.0054920 secs]
[GC 18580K->17301K(19736K), 0.0055189 secs]
[GC 18645K->17365K(19736K), 0.0054744 secs]
[GC 18709K->17429K(19736K), 0.0055893 secs]
[GC 18773K->17496K(19736K), 0.0055599 secs]
[GC 18840K->17565K(19736K), 0.0057401 secs]
[GC 18909K->17631K(19736K), 0.0056136 secs]
[GC 18975K->17696K(19736K), 0.0056144 secs]
[GC 19040K->17761K(19736K), 0.0055733 secs]
[GC 19105K->17824K(19736K), 0.0055633 secs]
[GC 19168K->17888K(19736K), 0.0055272 secs]
[GC 19232K->17956K(19736K), 0.0056295 secs]
[GC 19300K->18024K(19736K), 0.0060418 secs]
[GC 19368K->18089K(19736K), 0.0056178 secs]
[GC 19433K->18154K(19736K), 0.0055314 secs]
[GC 19498K->18218K(19736K), 0.0057778 secs]
[GC 19562K->18282K(19736K), 0.0054837 secs]
[GC 19626K->18345K(19736K), 0.0054166 secs]
[GC 19689K->18412K(19864K), 0.0065439 secs]
[Full GC 18412K->10932K(19864K), 0.1367111 secs]
[GC 12276K->11125K(19736K), 0.0065765 secs]
[GC 12469K->11191K(19736K), 0.0054124 secs]
[GC 12535K->11255K(19736K), 0.0053806 secs]
[GC 12599K->11319K(19736K), 0.0053739 secs]
[GC 12663K->11383K(19736K), 0.0055658 secs]
[GC 12727K->11450K(19736K), 0.0054770 secs]
[GC 12794K->11519K(19736K), 0.0055281 secs]
[GC 12863K->11585K(19736K), 0.0055180 secs]
[GC 12929K->11649K(19736K), 0.0054007 secs]
[GC 12993K->11713K(19736K), 0.0053714 secs]
[GC 13057K->11777K(19736K), 0.0054493 secs]
[GC 13121K->11840K(19736K), 0.0053093 secs]
[GC 13184K->11907K(19736K), 0.0053990 secs]
[GC 13251K->11976K(19736K), 0.0055532 secs]
[GC 13320K->12042K(19736K), 0.0055247 secs]
[GC 13386K->12106K(19736K), 0.0052532 secs]
[GC 13450K->12170K(19736K), 0.0054971 secs]
[GC 13514K->12233K(19736K), 0.0053898 secs]
[GC 13577K->12301K(19736K), 0.0060418 secs]
[GC 13645K->12370K(19736K), 0.0055490 secs]
[GC 13714K->12435K(19736K), 0.0055834 secs]
[GC 13779K->12500K(19736K), 0.0055331 secs]
[GC 13844K->12564K(19736K), 0.0054275 secs]
[GC 13908K->12628K(19736K), 0.0053236 secs]
[GC 13972K->12692K(19736K), 0.0054250 secs]
[GC 14036K->12759K(19736K), 0.0054661 secs]
[GC 14103K->12827K(19736K), 0.0054141 secs]
[GC 14171K->12893K(19736K), 0.0055239 secs]
[GC 14237K->12957K(19736K), 0.0053772 secs]
[GC 14301K->13021K(19736K), 0.0054091 secs]
[GC 14365K->13085K(19736K), 0.0053362 secs]
[GC 14429K->13152K(19736K), 0.0054686 secs]
[GC 14496K->13221K(19736K), 0.0056572 secs]
[GC 14565K->13286K(19736K), 0.0055423 secs]
[GC 14630K->13351K(19736K), 0.0052683 secs]
[GC 14695K->13415K(19736K), 0.0053881 secs]
[GC 14759K->13479K(19736K), 0.0054736 secs]
[GC 14823K->13542K(19736K), 0.0053990 secs]
[GC 14886K->13609K(19736K), 0.0055080 secs]
[GC 14953K->13678K(19736K), 0.0055507 secs]
[GC 15022K->13743K(19736K), 0.0054770 secs]
[GC 15087K->13808K(19736K), 0.0054149 secs]
[GC 15152K->13872K(19736K), 0.0054309 secs]
[GC 15216K->13936K(19736K), 0.0054778 secs]
[GC 15280K->14003K(19736K), 0.0054761 secs]
[GC 15347K->14072K(19736K), 0.0057535 secs]
[GC 15416K->14137K(19736K), 0.0054443 secs]
[GC 15481K->14202K(19736K), 0.0054686 secs]
[GC 15546K->14266K(19736K), 0.0054619 secs]
[GC 15610K->14330K(19736K), 0.0054091 secs]
[GC 15674K->14394K(19736K), 0.0055189 secs]
[GC 15738K->14461K(19736K), 0.0055205 secs]
[GC 15805K->14530K(19736K), 0.0055398 secs]
[GC 15874K->14595K(19736K), 0.0053479 secs]
[GC 15939K->14659K(19736K), 0.0054568 secs]
[GC 16003K->14723K(19736K), 0.0054258 secs]
[GC 16067K->14787K(19736K), 0.0055180 secs]
[GC 16131K->14854K(19736K), 0.0054325 secs]
[GC 16198K->14922K(19736K), 0.0057938 secs]
[GC 16266K->14988K(19736K), 0.0054703 secs]
[GC 16331K->15053K(19736K), 0.0054870 secs]
[GC 16397K->15117K(19736K), 0.0055390 secs]
[GC 16461K->15180K(19736K), 0.0055256 secs]
[GC 16524K->15244K(19736K), 0.0054501 secs]
[GC 16588K->15312K(19736K), 0.0055381 secs]
[GC 16656K->15380K(19736K), 0.0056731 secs]
[GC 16724K->15446K(19736K), 0.0056345 secs]
[GC 16790K->15510K(19736K), 0.0054325 secs]
[GC 16854K->15574K(19736K), 0.0056354 secs]
[GC 16918K->15638K(19736K), 0.0054753 secs]
[GC 16982K->15701K(19736K), 0.0054124 secs]
[GC 17045K->15769K(19736K), 0.0055675 secs]
[GC 17113K->15837K(19736K), 0.0055314 secs]
[GC 17181K->15902K(19736K), 0.0055298 secs]
[GC 17246K->15967K(19736K), 0.0055616 secs]
[GC 17311K->16031K(19736K), 0.0053378 secs]
[GC 17375K->16095K(19736K), 0.0054409 secs]
[GC 17439K->16162K(19736K), 0.0054988 secs]
[GC 17506K->16231K(19736K), 0.0056077 secs]
[GC 17575K->16296K(19736K), 0.0054133 secs]
[GC 17640K->16361K(19736K), 0.0055474 secs]
[GC 17705K->16425K(19736K), 0.0054895 secs]
[GC 17769K->16489K(19736K), 0.0096213 secs]
[GC 17833K->16552K(19736K), 0.0057837 secs]
[GC 17896K->16619K(19736K), 0.0055507 secs]
[GC 17963K->16688K(19736K), 0.0060402 secs]
[GC 18032K->16754K(19736K), 0.0054610 secs]
[GC 18098K->16818K(19736K), 0.0054443 secs]
[GC 18162K->16882K(19736K), 0.0054560 secs]
[GC 18226K->16945K(19736K), 0.0055826 secs]
[GC 18289K->17013K(19736K), 0.0055692 secs]
[GC 18357K->17081K(19736K), 0.0056521 secs]
[GC 18425K->17147K(19736K), 0.0056085 secs]
[GC 18491K->17212K(19736K), 0.0057820 secs]
[GC 18556K->17276K(19736K), 0.0054585 secs]
[GC 18620K->17340K(19736K), 0.0056504 secs]
[GC 18684K->17403K(19736K), 0.0055138 secs]
[GC 18747K->17470K(19736K), 0.0055239 secs]
[GC 18814K->17539K(19736K), 0.0097513 secs]
[GC 18883K->17604K(19736K), 0.0054912 secs]
[GC 18948K->17668K(19736K), 0.0055096 secs]
[GC 19012K->17733K(19736K), 0.0055516 secs]
[GC 19077K->17797K(19736K), 0.0055365 secs]
[GC 19141K->17864K(19736K), 0.0055943 secs]
[GC 19208K->17933K(19736K), 0.0056672 secs]
[GC 19277K->17998K(19736K), 0.0055465 secs]
[GC 19342K->18063K(19736K), 0.0055834 secs]
[GC 19407K->18127K(19736K), 0.0055205 secs]
[GC 19471K->18191K(19736K), 0.0055482 secs]
[GC 19535K->18254K(19736K), 0.0053060 secs]
[GC 19598K->18321K(19736K), 0.0055650 secs]
[GC 19665K->18390K(19736K), 0.0056555 secs]
[Full GC 18390K->10038K(19736K), 0.1360993 secs]
[GC 11382K->10232K(19736K), 0.0061432 secs]
[GC 11576K->10297K(19736K), 0.0054409 secs]
[GC 11641K->10362K(19736K), 0.0054099 secs]
[GC 11705K->10425K(19736K), 0.0052884 secs]
[GC 11769K->10493K(19736K), 0.0054409 secs]
[GC 11837K->10562K(19736K), 0.0054803 secs]
[GC 11906K->10627K(19736K), 0.0053864 secs]
[GC 11971K->10692K(19736K), 0.0057083 secs]
[GC 12036K->10756K(19736K), 0.0058281 secs]
[GC 12100K->10820K(19736K), 0.0057384 secs]
[GC 12164K->10884K(19736K), 0.0052842 secs]
[GC 12228K->10951K(19736K), 0.0054300 secs]
[GC 12295K->11020K(19736K), 0.0054191 secs]
[GC 12364K->11085K(19736K), 0.0054619 secs]
[GC 12429K->11150K(19736K), 0.0053596 secs]
[GC 12494K->11214K(19736K), 0.0053286 secs]
[GC 12558K->11278K(19736K), 0.0056504 secs]
[GC 12622K->11341K(19736K), 0.0053169 secs]
[GC 12685K->11407K(19736K), 0.0058549 secs]
[GC 12751K->11477K(19736K), 0.0060058 secs]
[GC 12821K->11542K(19736K), 0.0054460 secs]
[GC 12886K->11607K(19736K), 0.0053462 secs]
[GC 12951K->11670K(19736K), 0.0053580 secs]
[GC 13014K->11734K(19736K), 0.0060678 secs]
[GC 13078K->11802K(19736K), 0.0054258 secs]
[GC 13146K->11870K(19736K), 0.0054954 secs]
[GC 13214K->11936K(19736K), 0.0053856 secs]
[GC 13280K->12001K(19736K), 0.0053278 secs]
[GC 13345K->12065K(19736K), 0.0053580 secs]
[GC 13409K->12129K(19736K), 0.0054074 secs]
[GC 13473K->12192K(19736K), 0.0054527 secs]
[GC 13536K->12260K(19736K), 0.0054258 secs]
[GC 13604K->12328K(19736K), 0.0055038 secs]
[GC 13672K->12394K(19736K), 0.0054912 secs]
[GC 13738K->12458K(19736K), 0.0054334 secs]
[GC 13802K->12522K(19736K), 0.0052616 secs]
[GC 13866K->12585K(19736K), 0.0054761 secs]
[GC 13929K->12653K(19736K), 0.0055532 secs]
[GC 13997K->12722K(19736K), 0.0056035 secs]
[GC 14066K->12788K(19736K), 0.0053923 secs]
[GC 14132K->12852K(19736K), 0.0053764 secs]
[GC 14196K->12916K(19736K), 0.0053747 secs]
[GC 14260K->12980K(19736K), 0.0053789 secs]
[GC 14324K->13044K(19736K), 0.0053605 secs]
[GC 14388K->13110K(19736K), 0.0054284 secs]
[GC 14454K->13179K(19736K), 0.0054962 secs]
[GC 14523K->13245K(19736K), 0.0054728 secs]
[GC 14589K->13310K(19736K), 0.0054476 secs]
[GC 14654K->13373K(19736K), 0.0055180 secs]
[GC 14717K->13437K(19736K), 0.0054175 secs]
[GC 14781K->13505K(19736K), 0.0054904 secs]
[GC 14849K->13573K(19736K), 0.0056144 secs]
[GC 14917K->13638K(19736K), 0.0055323 secs]
[GC 14982K->13703K(19736K), 0.0054971 secs]
[GC 15047K->13767K(19736K), 0.0053487 secs]
[GC 15111K->13831K(19736K), 0.0053756 secs]
[GC 15175K->13894K(19736K), 0.0054711 secs]
[GC 15238K->13961K(19736K), 0.0055021 secs]
[GC 15305K->14030K(19736K), 0.0055314 secs]
[GC 15374K->14095K(19736K), 0.0054929 secs]
[GC 15439K->14160K(19736K), 0.0054468 secs]
[GC 15504K->14224K(19736K), 0.0054057 secs]
[GC 15568K->14288K(19736K), 0.0053119 secs]
[GC 15632K->14355K(19736K), 0.0054753 secs]
[GC 15699K->14424K(19736K), 0.0056194 secs]
[GC 15768K->14490K(19736K), 0.0055658 secs]
[GC 15834K->14555K(19736K), 0.0055155 secs]
[GC 15899K->14619K(19736K), 0.0053999 secs]
[GC 15963K->14683K(19736K), 0.0054250 secs]
[GC 16027K->14746K(19736K), 0.0053789 secs]
[GC 16090K->14814K(19736K), 0.0054753 secs]
[GC 16158K->14883K(19736K), 0.0056647 secs]
[GC 16227K->14948K(19736K), 0.0055415 secs]
[GC 16292K->15013K(19736K), 0.0053655 secs]
[GC 16357K->15077K(19736K), 0.0054376 secs]
[GC 16421K->15140K(19736K), 0.0053923 secs]
[GC 16484K->15207K(19736K), 0.0056865 secs]
[GC 16551K->15275K(19736K), 0.0056203 secs]
[GC 16619K->15348K(19736K), 0.0056572 secs]
[GC 16692K->15413K(19736K), 0.0055432 secs]
[GC 16757K->15478K(19736K), 0.0054594 secs]
[GC 16822K->15542K(19736K), 0.0053739 secs]
[GC 16886K->15606K(19736K), 0.0054250 secs]
[GC 16950K->15673K(19736K), 0.0055624 secs]
[GC 17017K->15742K(19736K), 0.0054761 secs]
[GC 17086K->15807K(19736K), 0.0054585 secs]
[GC 17151K->15872K(19736K), 0.0054845 secs]
[GC 17216K->15936K(19736K), 0.0058055 secs]
[GC 17280K->16000K(19736K), 0.0054409 secs]
[GC 17344K->16063K(19736K), 0.0054476 secs]
[GC 17407K->16130K(19736K), 0.0054627 secs]
[GC 17474K->16199K(19736K), 0.0055800 secs]
[GC 17543K->16264K(19736K), 0.0054166 secs]
[GC 17608K->16328K(19736K), 0.0055331 secs]
[GC 17672K->16392K(19736K), 0.0055775 secs]
[GC 17736K->16456K(19736K), 0.0054904 secs]
[GC 17800K->16523K(19736K), 0.0055172 secs]
[GC 17867K->16592K(19736K), 0.0056379 secs]
[GC 17936K->16657K(19736K), 0.0056027 secs]
[GC 18001K->16722K(19736K), 0.0054879 secs]
[GC 18066K->16787K(19736K), 0.0054828 secs]
[GC 18131K->16850K(19736K), 0.0055021 secs]
[GC 18194K->16913K(19736K), 0.0056664 secs]
[GC 18257K->16980K(19736K), 0.0055222 secs]
[GC 18324K->17049K(19736K), 0.0057309 secs]
[GC 18393K->17114K(19736K), 0.0055448 secs]
[GC 18458K->17178K(19736K), 0.0054946 secs]
[GC 18522K->17243K(19736K), 0.0055390 secs]
[GC 18587K->17307K(19736K), 0.0054602 secs]
[GC 18651K->17374K(19736K), 0.0056136 secs]
[GC 18718K->17443K(19736K), 0.0056261 secs]
[GC 18787K->17508K(19736K), 0.0054216 secs]
[GC 18852K->17573K(19736K), 0.0055541 secs]
[GC 18917K->17637K(19736K), 0.0055373 secs]
[GC 18981K->17701K(19736K), 0.0058818 secs]
[GC 19045K->17764K(19736K), 0.0053672 secs]
[GC 19108K->17830K(19736K), 0.0055800 secs]
[GC 19174K->17899K(19736K), 0.0056664 secs]
[GC 19243K->17965K(19736K), 0.0055742 secs]
[GC 19309K->18030K(19736K), 0.0055482 secs]
[GC 19374K->18094K(19736K), 0.0054920 secs]
[GC 19438K->18157K(19736K), 0.0054636 secs]
[GC 19501K->18225K(19736K), 0.0055733 secs]
[GC 19569K->18293K(19736K), 0.0056370 secs]
[GC 19637K->18358K(19736K), 0.0055616 secs]
[GC 19702K->18423K(19864K), 0.0057711 secs]
[Full GC 18423K->10929K(19864K), 0.1368888 secs]
[GC 12273K->11123K(19736K), 0.0063151 secs]
[GC 12467K->11189K(19736K), 0.0054677 secs]
[GC 12533K->11252K(19736K), 0.0053797 secs]
[GC 12596K->11319K(19736K), 0.0054803 secs]
[GC 12663K->11388K(19736K), 0.0054577 secs]
[GC 12732K->11453K(19736K), 0.0054351 secs]
[GC 12797K->11518K(19736K), 0.0053026 secs]
[GC 12862K->11582K(19736K), 0.0053873 secs]
[GC 12926K->11646K(19736K), 0.0053244 secs]
[GC 12990K->11709K(19736K), 0.0053839 secs]
[GC 13053K->11777K(19736K), 0.0054619 secs]
[GC 13121K->11846K(19736K), 0.0055038 secs]
[GC 13190K->11911K(19736K), 0.0054267 secs]
[GC 13255K->11976K(19736K), 0.0053923 secs]
[GC 13320K->12040K(19736K), 0.0054317 secs]
[GC 13384K->12104K(19736K), 0.0054426 secs]
[GC 13448K->12171K(19736K), 0.0054418 secs]
[GC 13515K->12240K(19736K), 0.0054250 secs]
[GC 13584K->12305K(19736K), 0.0099122 secs]
[GC 13649K->12370K(19736K), 0.0053873 secs]
[GC 13714K->12434K(19736K), 0.0053814 secs]
[GC 13778K->12499K(19736K), 0.0055490 secs]
[GC 13843K->12562K(19736K), 0.0053295 secs]
[GC 13906K->12629K(19736K), 0.0054309 secs]
[GC 13973K->12698K(19736K), 0.0055717 secs]
[GC 14042K->12764K(19736K), 0.0054401 secs]
[GC 14108K->12828K(19736K), 0.0054795 secs]
[GC 14172K->12892K(19736K), 0.0054057 secs]
[GC 14236K->12956K(19736K), 0.0057703 secs]
[GC 14300K->13019K(19736K), 0.0053638 secs]
[GC 14363K->13086K(19736K), 0.0054300 secs]
[GC 14430K->13154K(19736K), 0.0055516 secs]
[GC 14498K->13220K(19736K), 0.0054711 secs]
[GC 14564K->13285K(19736K), 0.0054208 secs]
[GC 14629K->13349K(19736K), 0.0053404 secs]
[GC 14693K->13412K(19736K), 0.0053353 secs]
[GC 14756K->13480K(19736K), 0.0054074 secs]
[GC 14824K->13548K(19736K), 0.0056010 secs]
[GC 14892K->13613K(19736K), 0.0054971 secs]
[GC 14957K->13678K(19736K), 0.0054803 secs]
[GC 15022K->13743K(19736K), 0.0054610 secs]
[GC 15087K->13807K(19736K), 0.0053864 secs]
[GC 15151K->13870K(19736K), 0.0055013 secs]
[GC 15214K->13937K(19736K), 0.0054979 secs]
[GC 15281K->14006K(19736K), 0.0054744 secs]
[GC 15350K->14072K(19736K), 0.0057192 secs]
[GC 15415K->14136K(19736K), 0.0058382 secs]
[GC 15480K->14200K(19736K), 0.0054200 secs]
[GC 15544K->14263K(19736K), 0.0053479 secs]
[GC 15607K->14330K(19736K), 0.0054862 secs]
[GC 15674K->14399K(19736K), 0.0056639 secs]
[GC 15743K->14465K(19736K), 0.0053764 secs]
[GC 15809K->14530K(19736K), 0.0054233 secs]
[GC 15874K->14594K(19736K), 0.0054007 secs]
[GC 15938K->14657K(19736K), 0.0055231 secs]
[GC 16001K->14721K(19736K), 0.0054091 secs]
[GC 16065K->14788K(19736K), 0.0061106 secs]
[GC 16132K->14857K(19736K), 0.0055599 secs]
[GC 16201K->14922K(19736K), 0.0055474 secs]
[GC 16266K->14988K(19736K), 0.0058851 secs]
[GC 16332K->15052K(19736K), 0.0057837 secs]
[GC 16396K->15115K(19736K), 0.0054476 secs]
[GC 16459K->15183K(19736K), 0.0055340 secs]
[GC 16527K->15252K(19736K), 0.0060779 secs]
[GC 16596K->15317K(19736K), 0.0054694 secs]
[GC 16661K->15381K(19736K), 0.0054837 secs]
[GC 16725K->15446K(19736K), 0.0054744 secs]
[GC 16790K->15510K(19736K), 0.0053328 secs]
[GC 16854K->15573K(19736K), 0.0054979 secs]
[GC 16917K->15640K(19736K), 0.0056270 secs]
[GC 16984K->15709K(19736K), 0.0056018 secs]
[GC 17053K->15775K(19736K), 0.0055407 secs]
[GC 17119K->15839K(19736K), 0.0055666 secs]
[GC 17183K->15903K(19736K), 0.0055650 secs]
[GC 17247K->15967K(19736K), 0.0054267 secs]
[GC 17311K->16035K(19736K), 0.0055834 secs]
[GC 17379K->16103K(19736K), 0.0056454 secs]
[GC 17447K->16169K(19736K), 0.0055214 secs]
[GC 17513K->16234K(19736K), 0.0056370 secs]
[GC 17578K->16299K(19736K), 0.0055884 secs]
[GC 17643K->16362K(19736K), 0.0055935 secs]
[GC 17706K->16426K(19736K), 0.0055792 secs]
[GC 17770K->16493K(19736K), 0.0057493 secs]
[GC 17837K->16562K(19736K), 0.0061424 secs]
[GC 17906K->16627K(19736K), 0.0055138 secs]
[GC 17971K->16692K(19736K), 0.0056127 secs]
[GC 18036K->16756K(19736K), 0.0057024 secs]
[GC 18100K->16820K(19736K), 0.0055516 secs]
[GC 18164K->16883K(19736K), 0.0053378 secs]
[GC 18227K->16950K(19736K), 0.0055692 secs]
[GC 18294K->17020K(19736K), 0.0056831 secs]
[GC 18364K->17085K(19736K), 0.0056940 secs]
[GC 18429K->17150K(19736K), 0.0054543 secs]
[GC 18494K->17214K(19736K), 0.0055214 secs]
[GC 18558K->17278K(19736K), 0.0056228 secs]
[GC 18622K->17345K(19736K), 0.0056261 secs]
[GC 18689K->17414K(19736K), 0.0056706 secs]
[GC 18758K->17479K(19736K), 0.0053471 secs]
[GC 18823K->17544K(19736K), 0.0055272 secs]
[GC 18888K->17607K(19736K), 0.0054351 secs]
[GC 18951K->17671K(19736K), 0.0055532 secs]
[GC 19015K->17735K(19736K), 0.0054845 secs]
[GC 19079K->17802K(19736K), 0.0056437 secs]
[GC 19146K->17871K(19736K), 0.0056295 secs]
[GC 19215K->17936K(19736K), 0.0055247 secs]
[GC 19280K->18001K(19736K), 0.0054703 secs]
[GC 19345K->18064K(19736K), 0.0055767 secs]
[GC 19408K->18128K(19736K), 0.0056463 secs]
[GC 19472K->18195K(19736K), 0.0055817 secs]
[GC 19539K->18264K(19736K), 0.0056253 secs]
[GC 19608K->18329K(19736K), 0.0055256 secs]
[GC 19673K->18393K(19864K), 0.0055499 secs]
[Full GC 18393K->10038K(19864K), 0.1316943 secs]
[GC 11382K->10232K(19736K), 0.0063679 secs]
[GC 11576K->10298K(19736K), 0.0054200 secs]
[GC 11642K->10361K(19736K), 0.0053739 secs]
[GC 11705K->10428K(19736K), 0.0054074 secs]
[GC 11772K->10497K(19736K), 0.0053881 secs]
[GC 11841K->10562K(19736K), 0.0053990 secs]
[GC 11906K->10626K(19736K), 0.0053923 secs]
[GC 11970K->10690K(19736K), 0.0053353 secs]
[GC 12034K->10754K(19736K), 0.0053638 secs]
[GC 12098K->10822K(19736K), 0.0056680 secs]
[GC 12166K->10890K(19736K), 0.0062991 secs]
[GC 12234K->10956K(19736K), 0.0054141 secs]
[GC 12300K->11021K(19736K), 0.0052808 secs]
[GC 12365K->11085K(19736K), 0.0053479 secs]
[GC 12428K->11148K(19736K), 0.0053404 secs]
[GC 12492K->11211K(19736K), 0.0053135 secs]
[GC 12555K->11279K(19736K), 0.0054225 secs]
[GC 12623K->11347K(19736K), 0.0055189 secs]
[GC 12691K->11413K(19736K), 0.0054677 secs]
[GC 12757K->11477K(19736K), 0.0054568 secs]
[GC 12821K->11541K(19736K), 0.0054292 secs]
[GC 12885K->11605K(19736K), 0.0057242 secs]
[GC 12949K->11672K(19736K), 0.0058591 secs]
[GC 13016K->11741K(19736K), 0.0053890 secs]
[GC 13085K->11806K(19736K), 0.0054552 secs]
[GC 13150K->11871K(19736K), 0.0054552 secs]
[GC 13215K->11935K(19736K), 0.0054895 secs]
[GC 13279K->12000K(19736K), 0.0053404 secs]
[GC 13344K->12063K(19736K), 0.0057921 secs]
[GC 13407K->12130K(19736K), 0.0054728 secs]
[GC 13474K->12200K(19736K), 0.0056689 secs]
[GC 13544K->12265K(19736K), 0.0053890 secs]
[GC 13609K->12330K(19736K), 0.0053940 secs]
[GC 13674K->12394K(19736K), 0.0053814 secs]
[GC 13738K->12458K(19736K), 0.0054493 secs]
[GC 13802K->12524K(19736K), 0.0053890 secs]
[GC 13868K->12592K(19736K), 0.0055205 secs]
[GC 13936K->12657K(19736K), 0.0053839 secs]
[GC 14001K->12722K(19736K), 0.0055532 secs]
[GC 14066K->12786K(19736K), 0.0057443 secs]
[GC 14130K->12850K(19736K), 0.0054409 secs]
[GC 14194K->12914K(19736K), 0.0054837 secs]
[GC 14258K->12981K(19736K), 0.0056169 secs]
[GC 14325K->13050K(19736K), 0.0058172 secs]
[GC 14394K->13116K(19736K), 0.0054652 secs]
[GC 14460K->13181K(19736K), 0.0052716 secs]
[GC 14525K->13245K(19736K), 0.0054200 secs]
[GC 14589K->13308K(19736K), 0.0054619 secs]
[GC 14652K->13371K(19736K), 0.0055247 secs]
[GC 14715K->13439K(19736K), 0.0054962 secs]
[GC 14783K->13507K(19736K), 0.0055365 secs]
[GC 14851K->13572K(19736K), 0.0055390 secs]
[GC 14916K->13637K(19736K), 0.0053982 secs]
[GC 14981K->13701K(19736K), 0.0053705 secs]
[GC 15045K->13764K(19736K), 0.0054066 secs]
[GC 15108K->13832K(19736K), 0.0055130 secs]
[GC 15176K->13901K(19736K), 0.0054979 secs]
[GC 15245K->13966K(19736K), 0.0054912 secs]
[GC 15310K->14031K(19736K), 0.0059471 secs]
[GC 15375K->14095K(19736K), 0.0054686 secs]
[GC 15439K->14159K(19736K), 0.0054594 secs]
[GC 15503K->14223K(19736K), 0.0053546 secs]
[GC 15567K->14289K(19736K), 0.0055448 secs]
[GC 15633K->14358K(19736K), 0.0060259 secs]
[GC 15702K->14424K(19736K), 0.0054895 secs]
[GC 15768K->14488K(19736K), 0.0054476 secs]
[GC 15832K->14552K(19736K), 0.0054108 secs]
[GC 15896K->14616K(19736K), 0.0053973 secs]
[GC 15960K->14683K(19736K), 0.0055214 secs]
[GC 16027K->14752K(19736K), 0.0056052 secs]
[GC 16096K->14817K(19736K), 0.0055063 secs]
[GC 16161K->14883K(19736K), 0.0054275 secs]
[GC 16227K->14947K(19736K), 0.0054250 secs]
[GC 16291K->15010K(19736K), 0.0054694 secs]
[GC 16354K->15073K(19736K), 0.0056119 secs]
[GC 16417K->15141K(19736K), 0.0054409 secs]
[GC 16485K->15210K(19736K), 0.0056178 secs]
[GC 16554K->15275K(19736K), 0.0055281 secs]
[GC 16619K->15339K(19736K), 0.0054543 secs]
[GC 16683K->15403K(19736K), 0.0053823 secs]
[GC 16747K->15466K(19736K), 0.0054677 secs]
[GC 16810K->15534K(19736K), 0.0056144 secs]
[GC 16878K->15603K(19736K), 0.0055826 secs]
[GC 16947K->15668K(19736K), 0.0055004 secs]
[GC 17012K->15733K(19736K), 0.0054761 secs]
[GC 17077K->15797K(19736K), 0.0053554 secs]
[GC 17141K->15861K(19736K), 0.0054443 secs]
[GC 17205K->15924K(19736K), 0.0053420 secs]
[GC 17268K->15991K(19736K), 0.0055281 secs]
[GC 17335K->16060K(19736K), 0.0056085 secs]
[GC 17404K->16126K(19736K), 0.0056463 secs]
[GC 17470K->16191K(19736K), 0.0056161 secs]
[GC 17535K->16255K(19736K), 0.0058340 secs]
[GC 17599K->16318K(19736K), 0.0055951 secs]
[GC 17662K->16386K(19736K), 0.0056253 secs]
[GC 17730K->16455K(19736K), 0.0056555 secs]
[GC 17799K->16520K(19736K), 0.0058767 secs]
[GC 17864K->16585K(19736K), 0.0055071 secs]
[GC 17929K->16650K(19736K), 0.0054946 secs]
[GC 17994K->16714K(19736K), 0.0054602 secs]
[GC 18058K->16778K(19736K), 0.0055256 secs]
[GC 18122K->16845K(19736K), 0.0054719 secs]
[GC 18189K->16914K(19736K), 0.0060125 secs]
[GC 18258K->16980K(19736K), 0.0055448 secs]
[GC 18323K->17044K(19736K), 0.0055398 secs]
[GC 18388K->17108K(19736K), 0.0057988 secs]
[GC 18452K->17172K(19736K), 0.0053898 secs]
[GC 18516K->17235K(19736K), 0.0055599 secs]
[GC 18579K->17302K(19736K), 0.0055616 secs]
[GC 18646K->17371K(19736K), 0.0056538 secs]
[GC 18715K->17437K(19736K), 0.0056261 secs]
[GC 18781K->17501K(19736K), 0.0055205 secs]
[GC 18845K->17565K(19736K), 0.0055415 secs]
[GC 18909K->17629K(19736K), 0.0055641 secs]
[GC 18973K->17696K(19736K), 0.0056094 secs]
[GC 19040K->17765K(19736K), 0.0057418 secs]
[GC 19109K->17831K(19736K), 0.0055507 secs]
[GC 19175K->17895K(19736K), 0.0054468 secs]
[GC 19239K->17959K(19736K), 0.0054853 secs]
[GC 19303K->18023K(19736K), 0.0055222 secs]
[GC 19367K->18086K(19736K), 0.0055088 secs]
[GC 19430K->18153K(19736K), 0.0056370 secs]
[GC 19497K->18222K(19736K), 0.0057032 secs]
[GC 19566K->18287K(19736K), 0.0055767 secs]
[GC 19631K->18352K(19736K), 0.0054694 secs]
[GC 19696K->18416K(19864K), 0.0055809 secs]
[Full GC 18416K->10933K(19864K), 0.1370698 secs]
[GC 12277K->11127K(19736K), 0.0062556 secs]
[GC 12471K->11197K(19736K), 0.0056102 secs]
[GC 12541K->11266K(19736K), 0.0055616 secs]
[GC 12610K->11332K(19736K), 0.0056773 secs]
[GC 12676K->11396K(19736K), 0.0053412 secs]
[GC 12740K->11460K(19736K), 0.0054007 secs]
[GC 12804K->11524K(19736K), 0.0052892 secs]
[GC 12868K->11587K(19736K), 0.0053672 secs]
[GC 12931K->11654K(19736K), 0.0054384 secs]
[GC 12998K->11723K(19736K), 0.0055474 secs]
[GC 13067K->11789K(19736K), 0.0053169 secs]
[GC 13133K->11853K(19736K), 0.0053680 secs]
[GC 13197K->11916K(19736K), 0.0053705 secs]
[GC 13260K->11980K(19736K), 0.0054082 secs]
[GC 13324K->12048K(19736K), 0.0055541 secs]
[GC 13392K->12117K(19736K), 0.0054946 secs]
[GC 13461K->12182K(19736K), 0.0054233 secs]
[GC 13526K->12247K(19736K), 0.0054527 secs]
[GC 13591K->12311K(19736K), 0.0053982 secs]
[GC 13655K->12375K(19736K), 0.0055004 secs]
[GC 13719K->12438K(19736K), 0.0054225 secs]
[GC 13782K->12505K(19736K), 0.0056211 secs]
[GC 13849K->12573K(19736K), 0.0054812 secs]
[GC 13917K->12639K(19736K), 0.0057368 secs]
[GC 13982K->12703K(19736K), 0.0055063 secs]
[GC 14047K->12767K(19736K), 0.0053764 secs]
[GC 14111K->12831K(19736K), 0.0054124 secs]
[GC 14175K->12898K(19736K), 0.0054242 secs]
[GC 14242K->12968K(19736K), 0.0055960 secs]
[GC 14311K->13033K(19736K), 0.0054124 secs]
[GC 14377K->13097K(19736K), 0.0053923 secs]
[GC 14441K->13162K(19736K), 0.0053454 secs]
[GC 14506K->13226K(19736K), 0.0054325 secs]
[GC 14569K->13289K(19736K), 0.0053848 secs]
[GC 14633K->13357K(19736K), 0.0054485 secs]
[GC 14701K->13426K(19736K), 0.0055247 secs]
[GC 14770K->13491K(19736K), 0.0054426 secs]
[GC 14835K->13556K(19736K), 0.0054275 secs]
[GC 14900K->13620K(19736K), 0.0055314 secs]
[GC 14964K->13684K(19736K), 0.0052473 secs]
[GC 15028K->13747K(19736K), 0.0054392 secs]
[GC 15091K->13814K(19736K), 0.0058893 secs]
[GC 15158K->13884K(19736K), 0.0055951 secs]
[GC 15228K->13949K(19736K), 0.0055214 secs]
[GC 15293K->14014K(19736K), 0.0054082 secs]
[GC 15358K->14078K(19736K), 0.0053504 secs]
[GC 15422K->14142K(19736K), 0.0054216 secs]
[GC 15486K->14210K(19736K), 0.0054451 secs]
[GC 15554K->14278K(19736K), 0.0055826 secs]
[GC 15622K->14350K(19736K), 0.0056521 secs]
[GC 15694K->14416K(19736K), 0.0057376 secs]
[GC 15760K->14480K(19736K), 0.0053965 secs]
[GC 15824K->14544K(19736K), 0.0054493 secs]
[GC 15888K->14607K(19736K), 0.0054719 secs]
[GC 15951K->14675K(19736K), 0.0055298 secs]
[GC 16019K->14744K(19736K), 0.0055918 secs]
[GC 16088K->14809K(19736K), 0.0054920 secs]
[GC 16153K->14874K(19736K), 0.0054652 secs]
[GC 16218K->14938K(19736K), 0.0056722 secs]
[GC 16282K->15002K(19736K), 0.0055524 secs]
[GC 16346K->15065K(19736K), 0.0057410 secs]
[GC 16409K->15132K(19736K), 0.0053730 secs]
[GC 16476K->15200K(19736K), 0.0057150 secs]
[GC 16544K->15265K(19736K), 0.0057393 secs]
[GC 16609K->15330K(19736K), 0.0054527 secs]
[GC 16674K->15394K(19736K), 0.0055281 secs]
[GC 16738K->15458K(19736K), 0.0057602 secs]
[GC 16802K->15525K(19736K), 0.0055851 secs]
[GC 16869K->15594K(19736K), 0.0056630 secs]
[GC 16938K->15660K(19736K), 0.0054082 secs]
[GC 17004K->15724K(19736K), 0.0054619 secs]
[GC 17068K->15788K(19736K), 0.0054468 secs]
[GC 17132K->15852K(19736K), 0.0055373 secs]
[GC 17196K->15915K(19736K), 0.0057359 secs]
[GC 17259K->15982K(19736K), 0.0054719 secs]
[GC 17326K->16051K(19736K), 0.0055608 secs]
[GC 17395K->16116K(19736K), 0.0055407 secs]
[GC 17460K->16181K(19736K), 0.0057896 secs]
[GC 17525K->16245K(19736K), 0.0055608 secs]
[GC 17589K->16308K(19736K), 0.0054392 secs]
[GC 17652K->16376K(19736K), 0.0055566 secs]
[GC 17720K->16445K(19736K), 0.0058675 secs]
[GC 17789K->16510K(19736K), 0.0055926 secs]
[GC 17854K->16574K(19736K), 0.0055365 secs]
[GC 17918K->16639K(19736K), 0.0055013 secs]
[GC 17983K->16703K(19736K), 0.0054460 secs]
[GC 18047K->16766K(19736K), 0.0058214 secs]
[GC 18110K->16833K(19736K), 0.0055775 secs]
[GC 18177K->16902K(19736K), 0.0055532 secs]
[GC 18246K->16968K(19736K), 0.0055951 secs]
[GC 18312K->17032K(19736K), 0.0055373 secs]
[GC 18376K->17096K(19736K), 0.0054334 secs]
[GC 18440K->17159K(19736K), 0.0053781 secs]
[GC 18503K->17226K(19736K), 0.0056018 secs]
[GC 18570K->17295K(19736K), 0.0056186 secs]
[GC 18639K->17361K(19736K), 0.0057653 secs]
[GC 18705K->17426K(19736K), 0.0054543 secs]
[GC 18770K->17490K(19736K), 0.0055482 secs]
[GC 18834K->17554K(19736K), 0.0055457 secs]
[GC 18898K->17617K(19736K), 0.0054778 secs]
[GC 18961K->17685K(19736K), 0.0056094 secs]
[GC 19029K->17754K(19736K), 0.0057016 secs]
[GC 19097K->17819K(19736K), 0.0056178 secs]
[GC 19163K->17884K(19736K), 0.0055935 secs]
[GC 19228K->17949K(19736K), 0.0059597 secs]
[GC 19293K->18012K(19736K), 0.0056722 secs]
[GC 19356K->18080K(19736K), 0.0055868 secs]
[GC 19424K->18149K(19736K), 0.0055650 secs]
[GC 19493K->18214K(19736K), 0.0055608 secs]
[GC 19558K->18279K(19736K), 0.0054216 secs]
[GC 19623K->18343K(19736K), 0.0055524 secs]
[GC 19687K->18407K(19864K), 0.0055507 secs]
[Full GC 18407K->10036K(19864K), 0.1319055 secs]
[GC 11380K->10230K(19736K), 0.0061256 secs]
[GC 11574K->10300K(19736K), 0.0058575 secs]
[GC 11644K->10369K(19736K), 0.0055733 secs]
[GC 11713K->10434K(19736K), 0.0053336 secs]
[GC 11778K->10499K(19736K), 0.0055029 secs]
[GC 11843K->10563K(19736K), 0.0053806 secs]
[GC 11907K->10627K(19736K), 0.0057167 secs]
[GC 11971K->10690K(19736K), 0.0053739 secs]
[GC 12034K->10757K(19736K), 0.0054007 secs]
[GC 12101K->10826K(19736K), 0.0055080 secs]
[GC 12170K->10892K(19736K), 0.0054141 secs]
[GC 12236K->10957K(19736K), 0.0053286 secs]
[GC 12301K->11020K(19736K), 0.0055482 secs]
[GC 12364K->11084K(19736K), 0.0053538 secs]
[GC 12428K->11152K(19736K), 0.0053739 secs]
[GC 12496K->11220K(19736K), 0.0054929 secs]
[GC 12564K->11285K(19736K), 0.0054460 secs]
[GC 12629K->11350K(19736K), 0.0054166 secs]
[GC 12694K->11414K(19736K), 0.0053387 secs]
[GC 12758K->11478K(19736K), 0.0057376 secs]
[GC 12822K->11541K(19736K), 0.0053387 secs]
[GC 12885K->11609K(19736K), 0.0054066 secs]
[GC 12952K->11678K(19736K), 0.0097060 secs]
[GC 13022K->11743K(19736K), 0.0054460 secs]
[GC 13087K->11807K(19736K), 0.0053915 secs]
[GC 13151K->11871K(19736K), 0.0054468 secs]
[GC 13215K->11935K(19736K), 0.0056572 secs]
[GC 13279K->12002K(19736K), 0.0053940 secs]
[GC 13346K->12071K(19736K), 0.0055499 secs]
[GC 13415K->12136K(19736K), 0.0053043 secs]
[GC 13480K->12201K(19736K), 0.0054862 secs]
[GC 13545K->12265K(19736K), 0.0054543 secs]
[GC 13609K->12329K(19736K), 0.0053831 secs]
[GC 13673K->12393K(19736K), 0.0054594 secs]
[GC 13737K->12460K(19736K), 0.0060452 secs]
[GC 13804K->12528K(19736K), 0.0055557 secs]
[GC 13872K->12594K(19736K), 0.0055088 secs]
[GC 13938K->12659K(19736K), 0.0054200 secs]
[GC 14003K->12722K(19736K), 0.0054426 secs]
[GC 14066K->12786K(19736K), 0.0053873 secs]
[GC 14130K->12853K(19736K), 0.0053278 secs]
[GC 14197K->12922K(19736K), 0.0055842 secs]
[GC 14266K->12987K(19736K), 0.0055096 secs]
[GC 14331K->13051K(19736K), 0.0053538 secs]
[GC 14395K->13116K(19736K), 0.0058692 secs]
[GC 14460K->13180K(19736K), 0.0053504 secs]
[GC 14524K->13243K(19736K), 0.0053638 secs]
[GC 14587K->13310K(19736K), 0.0054711 secs]
[GC 14654K->13379K(19736K), 0.0055566 secs]
[GC 14723K->13444K(19736K), 0.0054493 secs]
[GC 14788K->13509K(19736K), 0.0054585 secs]
[GC 14853K->13573K(19736K), 0.0054057 secs]
[GC 14917K->13637K(19736K), 0.0054384 secs]
[GC 14981K->13704K(19736K), 0.0055532 secs]
[GC 15048K->13773K(19736K), 0.0055842 secs]
[GC 15117K->13839K(19736K), 0.0054527 secs]
[GC 15183K->13904K(19736K), 0.0059815 secs]
[GC 15248K->13968K(19736K), 0.0055138 secs]
[GC 15312K->14032K(19736K), 0.0054853 secs]
[GC 15376K->14096K(19736K), 0.0054258 secs]
[GC 15440K->14163K(19736K), 0.0055088 secs]
[GC 15507K->14232K(19736K), 0.0054870 secs]
[GC 15576K->14297K(19736K), 0.0054937 secs]
[GC 15641K->14362K(19736K), 0.0054719 secs]
[GC 15706K->14426K(19736K), 0.0054468 secs]
[GC 15770K->14489K(19736K), 0.0054007 secs]
[GC 15833K->14554K(19736K), 0.0053345 secs]
[GC 15898K->14620K(19736K), 0.0053521 secs]
[GC 15964K->14689K(19736K), 0.0059823 secs]
[GC 16033K->14754K(19736K), 0.0055013 secs]
[GC 16098K->14819K(19736K), 0.0054485 secs]
[GC 16163K->14884K(19736K), 0.0054275 secs]
[GC 16227K->14947K(19736K), 0.0054024 secs]
[GC 16291K->15014K(19736K), 0.0054845 secs]
[GC 16358K->15083K(19736K), 0.0055960 secs]
[GC 16427K->15149K(19736K), 0.0054443 secs]
[GC 16493K->15214K(19736K), 0.0055021 secs]
[GC 16558K->15277K(19736K), 0.0054443 secs]
[GC 16621K->15341K(19736K), 0.0054468 secs]
[GC 16685K->15405K(19736K), 0.0055859 secs]
[GC 16749K->15471K(19736K), 0.0056798 secs]
[GC 16815K->15540K(19736K), 0.0055968 secs]
[GC 16884K->15606K(19736K), 0.0054912 secs]
[GC 16950K->15671K(19736K), 0.0055239 secs]
[GC 17015K->15735K(19736K), 0.0054728 secs]
[GC 17079K->15798K(19736K), 0.0054141 secs]
[GC 17142K->15866K(19736K), 0.0055708 secs]
[GC 17210K->15935K(19736K), 0.0057745 secs]
[GC 17279K->16000K(19736K), 0.0056312 secs]
[GC 17344K->16065K(19736K), 0.0054342 secs]
[GC 17409K->16129K(19736K), 0.0054317 secs]
[GC 17473K->16193K(19736K), 0.0054728 secs]
[GC 17536K->16255K(19736K), 0.0054552 secs]
[GC 17599K->16323K(19736K), 0.0054485 secs]
[GC 17667K->16392K(19736K), 0.0056898 secs]
[GC 17736K->16457K(19736K), 0.0055398 secs]
[GC 17801K->16521K(19736K), 0.0058650 secs]
[GC 17865K->16585K(19736K), 0.0054761 secs]
[GC 17929K->16649K(19736K), 0.0053781 secs]
[GC 17993K->16716K(19736K), 0.0055465 secs]
[GC 18060K->16785K(19736K), 0.0060796 secs]
[GC 18129K->16851K(19736K), 0.0055834 secs]
[GC 18195K->16916K(19736K), 0.0055172 secs]
[GC 18260K->16980K(19736K), 0.0055231 secs]
[GC 18324K->17043K(19736K), 0.0055013 secs]
[GC 18387K->17107K(19736K), 0.0055029 secs]
[GC 18451K->17174K(19736K), 0.0056169 secs]
[GC 18518K->17237K(19736K), 0.0058306 secs]
[GC 18581K->17299K(19736K), 0.0054778 secs]
[GC 18643K->17362K(19736K), 0.0054292 secs]
[GC 18706K->17425K(19736K), 0.0058248 secs]
[GC 18769K->17487K(19736K), 0.0053890 secs]
[GC 18831K->17542K(19736K), 0.0054309 secs]
[GC 18886K->17574K(19736K), 0.0047847 secs]
[GC 18918K->17605K(19736K), 0.0047185 secs]
[GC 18949K->17645K(19736K), 0.0050437 secs]
[GC 18989K->17708K(19736K), 0.0056044 secs]
[GC 19052K->17772K(19736K), 0.0055742 secs]
[GC 19116K->17836K(19736K), 0.0056102 secs]
[GC 19180K->17900K(19736K), 0.0055180 secs]
[GC 19244K->17964K(19736K), 0.0057108 secs]
[GC 19308K->18028K(19736K), 0.0055624 secs]
[GC 19372K->18090K(19736K), 0.0056655 secs]
[GC 19434K->18153K(19736K), 0.0055004 secs]
[GC 19497K->18216K(19736K), 0.0054501 secs]
[GC 19560K->18279K(19736K), 0.0054451 secs]
[GC 19623K->18343K(19736K), 0.0055122 secs]
[GC 19687K->18406K(19864K), 0.0055935 secs]
[Full GC 18406K->10936K(19864K), 0.1359686 secs]
[GC 12280K->11130K(19736K), 0.0062262 secs]
[GC 12474K->11195K(19736K), 0.0054636 secs]
[GC 12539K->11259K(19736K), 0.0053001 secs]
[GC 12603K->11322K(19736K), 0.0053429 secs]
[GC 12666K->11386K(19736K), 0.0052951 secs]
[GC 12730K->11450K(19736K), 0.0052783 secs]
[GC 12794K->11514K(19736K), 0.0094504 secs]
[GC 12858K->11581K(19736K), 0.0054468 secs]
[GC 12925K->11650K(19736K), 0.0055381 secs]
[GC 12994K->11716K(19736K), 0.0054535 secs]
[GC 13060K->11780K(19736K), 0.0052943 secs]
[GC 13124K->11844K(19736K), 0.0054376 secs]
[GC 13188K->11908K(19736K), 0.0053906 secs]
[GC 13252K->11972K(19736K), 0.0053613 secs]
[GC 13316K->12039K(19736K), 0.0054870 secs]
[GC 13383K->12108K(19736K), 0.0061458 secs]
[GC 13452K->12173K(19736K), 0.0053747 secs]
[GC 13517K->12237K(19736K), 0.0053487 secs]
[GC 13581K->12301K(19736K), 0.0054904 secs]
[GC 13645K->12365K(19736K), 0.0053596 secs]
[GC 13709K->12432K(19736K), 0.0057200 secs]
[GC 13776K->12479K(19736K), 0.0052239 secs]
[GC 13823K->12508K(19736K), 0.0047369 secs]
[GC 13852K->12538K(19736K), 0.0046372 secs]
[GC 13882K->12568K(19736K), 0.0047118 secs]
[GC 13912K->12599K(19736K), 0.0046162 secs]
[GC 13943K->12629K(19736K), 0.0047336 secs]
[GC 13973K->12659K(19736K), 0.0046883 secs]
[GC 14003K->12689K(19736K), 0.0046808 secs]
[GC 14033K->12719K(19736K), 0.0047017 secs]
[GC 14063K->12749K(19736K), 0.0046774 secs]
[GC 14093K->12780K(19736K), 0.0048207 secs]
[GC 14124K->12809K(19736K), 0.0047411 secs]
[GC 14153K->12839K(19736K), 0.0047218 secs]
[GC 14183K->12880K(19736K), 0.0049079 secs]
[GC 14224K->12942K(19736K), 0.0054661 secs]
[GC 14286K->13008K(19736K), 0.0055650 secs]
[GC 14352K->13073K(19736K), 0.0054602 secs]
[GC 14417K->13139K(19736K), 0.0054803 secs]
[GC 14483K->13178K(19736K), 0.0048082 secs]
[GC 14522K->13209K(19736K), 0.0045517 secs]
[GC 14553K->13240K(19736K), 0.0047118 secs]
[GC 14584K->13273K(19736K), 0.0047118 secs]
[GC 14617K->13299K(19736K), 0.0044821 secs]
[GC 14643K->13329K(19736K), 0.0045852 secs]
[GC 14673K->13357K(19736K), 0.0046556 secs]
[GC 14701K->13386K(19736K), 0.0047973 secs]
[GC 14730K->13416K(19736K), 0.0044964 secs]
[GC 14760K->13447K(19736K), 0.0046590 secs]
[GC 14791K->13476K(19736K), 0.0044612 secs]
[GC 14820K->13506K(19736K), 0.0047478 secs]
[GC 14850K->13535K(19736K), 0.0045182 secs]
[GC 14879K->13566K(19736K), 0.0045358 secs]
[GC 14910K->13597K(19736K), 0.0047235 secs]
[GC 14941K->13630K(19736K), 0.0048652 secs]
[GC 14974K->13661K(19736K), 0.0047076 secs]
[GC 15005K->13694K(19736K), 0.0046062 secs]
[GC 15038K->13721K(19736K), 0.0046799 secs]
[GC 15065K->13751K(19736K), 0.0048015 secs]
[GC 15094K->13780K(19736K), 0.0046892 secs]
[GC 15124K->13810K(19736K), 0.0047663 secs]
[GC 15154K->13839K(19736K), 0.0046824 secs]
[GC 15183K->13868K(19736K), 0.0047352 secs]
[GC 15212K->13898K(19736K), 0.0046674 secs]
[GC 15242K->13929K(19736K), 0.0046003 secs]
[GC 15273K->13959K(19736K), 0.0047646 secs]
[GC 15303K->13990K(19736K), 0.0047093 secs]
[GC 15334K->14020K(19736K), 0.0046732 secs]
[GC 15364K->14050K(19736K), 0.0047704 secs]
[GC 15394K->14079K(19736K), 0.0046154 secs]
[GC 15423K->14109K(19736K), 0.0047168 secs]
[GC 15453K->14138K(19736K), 0.0046640 secs]
[GC 15482K->14169K(19736K), 0.0047604 secs]
[GC 15513K->14201K(19736K), 0.0045936 secs]
[GC 15545K->14231K(19736K), 0.0046380 secs]
[GC 15575K->14261K(19736K), 0.0045869 secs]
[GC 15605K->14292K(19736K), 0.0047109 secs]
[GC 15636K->14323K(19736K), 0.0045190 secs]
[GC 15667K->14355K(19736K), 0.0046481 secs]
[GC 15699K->14386K(19736K), 0.0047520 secs]
[GC 15730K->14419K(19736K), 0.0048107 secs]
[GC 15763K->14450K(19736K), 0.0048006 secs]
[GC 15794K->14482K(19736K), 0.0047889 secs]
[GC 15826K->14509K(19736K), 0.0045500 secs]
[GC 15853K->14538K(19736K), 0.0045877 secs]
[GC 15882K->14567K(19736K), 0.0047411 secs]
[GC 15911K->14599K(19736K), 0.0047897 secs]
[GC 15943K->14628K(19736K), 0.0047160 secs]
[GC 15972K->14658K(19736K), 0.0047612 secs]
[GC 16002K->14687K(19736K), 0.0047109 secs]
[GC 16031K->14717K(19736K), 0.0047721 secs]
[GC 16061K->14748K(19736K), 0.0047772 secs]
[GC 16092K->14775K(19736K), 0.0045173 secs]
[GC 16119K->14805K(19736K), 0.0046858 secs]
[GC 16149K->14834K(19736K), 0.0047922 secs]
[GC 16178K->14865K(19736K), 0.0047302 secs]
[GC 16209K->14895K(19736K), 0.0047646 secs]
[GC 16239K->14927K(19736K), 0.0047704 secs]
[GC 16271K->14960K(19736K), 0.0047461 secs]
[GC 16304K->14991K(19736K), 0.0045785 secs]
[GC 16335K->15021K(19736K), 0.0047587 secs]
[GC 16365K->15052K(19736K), 0.0047428 secs]
[GC 16396K->15083K(19736K), 0.0047487 secs]
[GC 16427K->15110K(19736K), 0.0044964 secs]
[GC 16454K->15139K(19736K), 0.0047403 secs]
[GC 16483K->15169K(19736K), 0.0047528 secs]
[GC 16513K->15198K(19736K), 0.0045903 secs]
[GC 16542K->15228K(19736K), 0.0047889 secs]
[GC 16572K->15260K(19736K), 0.0046280 secs]
[GC 16604K->15290K(19736K), 0.0048140 secs]
[GC 16634K->15323K(19736K), 0.0048023 secs]
[GC 16667K->15354K(19736K), 0.0046783 secs]
[GC 16698K->15385K(19736K), 0.0045819 secs]
[GC 16729K->15415K(19736K), 0.0047109 secs]
[GC 16759K->15447K(19736K), 0.0047068 secs]
[GC 16791K->15476K(19736K), 0.0045894 secs]
[GC 16820K->15508K(19736K), 0.0048425 secs]
[GC 16852K->15535K(19736K), 0.0047352 secs]
[GC 16879K->15564K(19736K), 0.0048224 secs]
[GC 16908K->15594K(19736K), 0.0046900 secs]
[GC 16938K->15625K(19736K), 0.0046833 secs]
[GC 16968K->15654K(19736K), 0.0047269 secs]
[GC 16998K->15686K(19736K), 0.0048031 secs]
[GC 17030K->15713K(19736K), 0.0046657 secs]
[GC 17057K->15747K(19736K), 0.0048476 secs]
[GC 17091K->15775K(19736K), 0.0046648 secs]
[GC 17119K->15804K(19736K), 0.0047210 secs]
[GC 17148K->15833K(19736K), 0.0046498 secs]
[GC 17177K->15862K(19736K), 0.0046037 secs]
[GC 17206K->15892K(19736K), 0.0047143 secs]
[GC 17236K->15922K(19736K), 0.0046657 secs]
[GC 17266K->15953K(19736K), 0.0047428 secs]
[GC 17297K->15984K(19736K), 0.0048174 secs]
[GC 17328K->16015K(19736K), 0.0048199 secs]
[GC 17359K->16042K(19736K), 0.0046682 secs]
[GC 17386K->16070K(19736K), 0.0046866 secs]
[GC 17414K->16100K(19736K), 0.0046682 secs]
[GC 17444K->16130K(19736K), 0.0047252 secs]
[GC 17474K->16162K(19736K), 0.0048836 secs]
[GC 17506K->16193K(19736K), 0.0047981 secs]
[GC 17537K->16227K(19736K), 0.0046313 secs]
[GC 17571K->16258K(19736K), 0.0049708 secs]
[GC 17602K->16286K(19736K), 0.0045844 secs]
[GC 17630K->16314K(19736K), 0.0088511 secs]
[GC 17658K->16343K(19736K), 0.0047470 secs]
[GC 17687K->16372K(19736K), 0.0047126 secs]
[GC 17716K->16402K(19736K), 0.0047755 secs]
[GC 17746K->16433K(19736K), 0.0048073 secs]
[GC 17777K->16464K(19736K), 0.0047068 secs]
[GC 17808K->16495K(19736K), 0.0047646 secs]
[GC 17839K->16525K(19736K), 0.0048467 secs]
[GC 17869K->16552K(19736K), 0.0046187 secs]
[GC 17896K->16580K(19736K), 0.0045592 secs]
[GC 17924K->16610K(19736K), 0.0046372 secs]
[GC 17954K->16639K(19736K), 0.0045634 secs]
[GC 17983K->16669K(19736K), 0.0047587 secs]
[GC 18013K->16695K(19736K), 0.0045676 secs]
[GC 18039K->16724K(19736K), 0.0047000 secs]
[GC 18068K->16753K(19736K), 0.0047696 secs]
[GC 18097K->16784K(19736K), 0.0048400 secs]
[GC 18128K->16813K(19736K), 0.0048132 secs]
[GC 18157K->16843K(19736K), 0.0046095 secs]
[GC 18187K->16872K(19736K), 0.0047704 secs]
[GC 18216K->16903K(19736K), 0.0047361 secs]
[GC 18247K->16935K(19736K), 0.0046975 secs]
[GC 18279K->16967K(19736K), 0.0049942 secs]
[GC 18311K->16999K(19736K), 0.0047956 secs]
[GC 18343K->17031K(19736K), 0.0046389 secs]
[GC 18375K->17058K(19736K), 0.0047051 secs]
[GC 18402K->17088K(19736K), 0.0047998 secs]
[GC 18432K->17117K(19736K), 0.0046984 secs]
[GC 18461K->17146K(19736K), 0.0047118 secs]
[GC 18490K->17175K(19736K), 0.0047989 secs]
[GC 18519K->17204K(19736K), 0.0047143 secs]
[GC 18548K->17235K(19736K), 0.0046481 secs]
[GC 18579K->17265K(19736K), 0.0048048 secs]
[GC 18609K->17297K(19736K), 0.0046481 secs]
[GC 18641K->17328K(19736K), 0.0047654 secs]
[GC 18672K->17360K(19736K), 0.0049138 secs]
[GC 18704K->17390K(19736K), 0.0047386 secs]
[GC 18734K->17422K(19736K), 0.0048593 secs]
[GC 18765K->17449K(19736K), 0.0047721 secs]
[GC 18793K->17477K(19736K), 0.0046296 secs]
[GC 18821K->17506K(19736K), 0.0048073 secs]
[GC 18850K->17537K(19736K), 0.0046950 secs]
[GC 18881K->17567K(19736K), 0.0048073 secs]
[GC 18911K->17598K(19736K), 0.0048065 secs]
[GC 18942K->17629K(19736K), 0.0048559 secs]
[GC 18973K->17661K(19736K), 0.0049599 secs]
[GC 19005K->17692K(19736K), 0.0048551 secs]
[GC 19036K->17723K(19736K), 0.0045886 secs]
[GC 19067K->17752K(19736K), 0.0046523 secs]
[GC 19095K->17783K(19736K), 0.0046464 secs]
[GC 19127K->17814K(19736K), 0.0046296 secs]
[GC 19158K->17840K(19736K), 0.0048023 secs]
[GC 19184K->17870K(19736K), 0.0048098 secs]
[GC 19214K->17898K(19736K), 0.0048073 secs]
[GC 19242K->17929K(19736K), 0.0047839 secs]
[GC 19273K->17960K(19736K), 0.0048300 secs]
[GC 19304K->17987K(19736K), 0.0045391 secs]
[GC 19331K->18015K(19736K), 0.0048727 secs]
[GC 19359K->18045K(19736K), 0.0047537 secs]
[GC 19389K->18075K(19736K), 0.0047872 secs]
[GC 19419K->18106K(19736K), 0.0048224 secs]
[GC 19449K->18136K(19736K), 0.0046338 secs]
[GC 19480K->18162K(19736K), 0.0045542 secs]
[GC 19506K->18191K(19736K), 0.0047629 secs]
[GC 19535K->18221K(19736K), 0.0046766 secs]
[GC 19565K->18254K(19736K), 0.0048744 secs]
[GC 19598K->18287K(19736K), 0.0047185 secs]
[GC 19631K->18314K(19736K), 0.0046196 secs]
[GC 19658K->18343K(19736K), 0.0047403 secs]
[GC 19687K->18374K(19736K), 0.0048308 secs]
[GC 19718K->18403K(19864K), 0.0047797 secs]
[Full GC 18403K->10040K(19864K), 0.1362468 secs]
[GC 11384K->10199K(19736K), 0.0057401 secs]
[GC 11543K->10232K(19736K), 0.0046079 secs]
[GC 11576K->10262K(19736K), 0.0047369 secs]
[GC 11606K->10294K(19736K), 0.0047512 secs]
[GC 11638K->10326K(19736K), 0.0047386 secs]
[GC 11670K->10354K(19736K), 0.0046548 secs]
[GC 11698K->10383K(19736K), 0.0046171 secs]
[GC 11727K->10413K(19736K), 0.0046808 secs]
[GC 11757K->10443K(19736K), 0.0046632 secs]
[GC 11787K->10473K(19736K), 0.0044352 secs]
[GC 11817K->10503K(19736K), 0.0047311 secs]
[GC 11847K->10533K(19736K), 0.0046112 secs]
[GC 11877K->10565K(19736K), 0.0047520 secs]
[GC 11909K->10597K(19736K), 0.0046296 secs]
[GC 11941K->10624K(19736K), 0.0045978 secs]
[GC 11968K->10654K(19736K), 0.0046992 secs]
[GC 11998K->10683K(19736K), 0.0046187 secs]
[GC 12026K->10712K(19736K), 0.0047109 secs]
[GC 12056K->10742K(19736K), 0.0046380 secs]
[GC 12086K->10773K(19736K), 0.0046607 secs]
[GC 12117K->10803K(19736K), 0.0046011 secs]
[GC 12147K->10834K(19736K), 0.0046732 secs]
[GC 12178K->10865K(19736K), 0.0045006 secs]
[GC 12209K->10897K(19736K), 0.0047319 secs]
[GC 12241K->10928K(19736K), 0.0047227 secs]
[GC 12272K->10959K(19736K), 0.0044704 secs]
[GC 12303K->10990K(19736K), 0.0046724 secs]
[GC 12334K->11023K(19736K), 0.0046472 secs]
[GC 12367K->11055K(19736K), 0.0046187 secs]
[GC 12399K->11086K(19736K), 0.0046783 secs]
[GC 12430K->11118K(19736K), 0.0045358 secs]
[GC 12462K->11144K(19736K), 0.0046791 secs]
[GC 12488K->11173K(19736K), 0.0045165 secs]
[GC 12517K->11203K(19736K), 0.0046053 secs]
[GC 12547K->11233K(19736K), 0.0045157 secs]
[GC 12577K->11261K(19736K), 0.0045375 secs]
[GC 12605K->11291K(19736K), 0.0046690 secs]
[GC 12635K->11321K(19736K), 0.0046833 secs]
[GC 12665K->11352K(19736K), 0.0044905 secs]
[GC 12696K->11381K(19736K), 0.0046783 secs]
[GC 12725K->11412K(19736K), 0.0047042 secs]
[GC 12756K->11443K(19736K), 0.0047470 secs]
[GC 12787K->11473K(19736K), 0.0047202 secs]
[GC 12817K->11499K(19736K), 0.0045375 secs]
[GC 12843K->11528K(19736K), 0.0046933 secs]
[GC 12872K->11558K(19736K), 0.0046774 secs]
[GC 12902K->11587K(19736K), 0.0046640 secs]
[GC 12931K->11617K(19736K), 0.0046715 secs]
[GC 12961K->11648K(19736K), 0.0046841 secs]
[GC 12992K->11678K(19736K), 0.0044914 secs]
[GC 13022K->11708K(19736K), 0.0046959 secs]
[GC 13052K->11738K(19736K), 0.0044813 secs]
[GC 13082K->11770K(19736K), 0.0046187 secs]
[GC 13114K->11796K(19736K), 0.0045877 secs]
[GC 13140K->11825K(19736K), 0.0046724 secs]
[GC 13169K->11855K(19736K), 0.0046657 secs]
[GC 13199K->11885K(19736K), 0.0046883 secs]
[GC 13229K->11915K(19736K), 0.0046288 secs]
[GC 13259K->11946K(19736K), 0.0047629 secs]
[GC 13290K->11976K(19736K), 0.0046942 secs]
[GC 13320K->12004K(19736K), 0.0051551 secs]
[GC 13348K->12033K(19736K), 0.0046355 secs]
[GC 13377K->12062K(19736K), 0.0046523 secs]
[GC 13406K->12099K(19736K), 0.0089224 secs]
[GC 13443K->12131K(19736K), 0.0047168 secs]
[GC 13475K->12174K(19736K), 0.0049875 secs]
[GC 13518K->12205K(19736K), 0.0046296 secs]
[GC 13549K->12235K(19736K), 0.0046925 secs]
[GC 13579K->12264K(19736K), 0.0045157 secs]
[GC 13608K->12303K(19736K), 0.0049146 secs]
[GC 13647K->12368K(19736K), 0.0054015 secs]
[GC 13712K->12433K(19736K), 0.0054208 secs]
[GC 13777K->12498K(19736K), 0.0054828 secs]
[GC 13842K->12562K(19736K), 0.0053638 secs]
[GC 13906K->12626K(19736K), 0.0053487 secs]
[GC 13970K->12691K(19736K), 0.0053420 secs]
[GC 14034K->12754K(19736K), 0.0055817 secs]
[GC 14098K->12819K(19736K), 0.0054149 secs]
[GC 14163K->12883K(19736K), 0.0054946 secs]
[GC 14227K->12943K(19736K), 0.0055004 secs]
[GC 14287K->13005K(19736K), 0.0052968 secs]
[GC 14349K->13067K(19736K), 0.0052808 secs]
[GC 14411K->13129K(19736K), 0.0052850 secs]
[GC 14473K->13192K(19736K), 0.0056387 secs]
[GC 14536K->13255K(19736K), 0.0095451 secs]
[GC 14599K->13318K(19736K), 0.0054485 secs]
[GC 14662K->13381K(19736K), 0.0054501 secs]
[GC 14725K->13444K(19736K), 0.0052037 secs]
[GC 14788K->13506K(19736K), 0.0054242 secs]
[GC 14850K->13573K(19736K), 0.0054770 secs]
[GC 14917K->13642K(19736K), 0.0057108 secs]
[GC 14986K->13707K(19736K), 0.0054074 secs]
[GC 15051K->13772K(19736K), 0.0055180 secs]
[GC 15116K->13836K(19736K), 0.0054325 secs]
[GC 15180K->13900K(19736K), 0.0054191 secs]
[GC 15244K->13963K(19736K), 0.0054158 secs]
[GC 15307K->14029K(19736K), 0.0055164 secs]
[GC 15373K->14098K(19736K), 0.0056211 secs]
[GC 15442K->14164K(19736K), 0.0054661 secs]
[GC 15508K->14229K(19736K), 0.0053915 secs]
[GC 15573K->14293K(19736K), 0.0057125 secs]
[GC 15637K->14357K(19736K), 0.0054552 secs]
[GC 15701K->14420K(19736K), 0.0054853 secs]
[GC 15764K->14483K(19736K), 0.0054133 secs]
[GC 15827K->14546K(19736K), 0.0053789 secs]
[GC 15890K->14589K(19736K), 0.0048719 secs]
[GC 15933K->14615K(19736K), 0.0044738 secs]
[GC 15959K->14644K(19736K), 0.0046439 secs]
[GC 15988K->14672K(19736K), 0.0047093 secs]
[GC 16016K->14703K(19736K), 0.0047604 secs]
[GC 16047K->14732K(19736K), 0.0046875 secs]
[GC 16076K->14761K(19736K), 0.0045274 secs]
[GC 16105K->14791K(19736K), 0.0047168 secs]
[GC 16135K->14823K(19736K), 0.0046933 secs]
[GC 16167K->14854K(19736K), 0.0046045 secs]
[GC 16198K->14903K(19736K), 0.0050236 secs]
[GC 16247K->14967K(19736K), 0.0055080 secs]
[GC 16311K->15030K(19736K), 0.0052917 secs]
[GC 16374K->15093K(19736K), 0.0054652 secs]
[GC 16437K->15156K(19736K), 0.0054468 secs]
[GC 16500K->15219K(19736K), 0.0054828 secs]
[GC 16563K->15284K(19736K), 0.0054619 secs]
[GC 16628K->15347K(19736K), 0.0055013 secs]
[GC 16691K->15412K(19736K), 0.0053973 secs]
[GC 16756K->15475K(19736K), 0.0055055 secs]
[GC 16819K->15542K(19736K), 0.0054954 secs]
[GC 16886K->15611K(19736K), 0.0055842 secs]
[GC 16955K->15677K(19736K), 0.0055700 secs]
[GC 17021K->15742K(19736K), 0.0055004 secs]
[GC 17086K->15807K(19736K), 0.0054744 secs]
[GC 17151K->15871K(19736K), 0.0054376 secs]
[GC 17215K->15936K(19736K), 0.0056672 secs]
[GC 17280K->15999K(19736K), 0.0053202 secs]
[GC 17343K->16063K(19736K), 0.0053973 secs]
[GC 17407K->16128K(19736K), 0.0054543 secs]
[GC 17472K->16192K(19736K), 0.0054460 secs]
[GC 17536K->16248K(19736K), 0.0053244 secs]
[GC 17592K->16278K(19736K), 0.0045727 secs]
[GC 17622K->16308K(19736K), 0.0047470 secs]
[GC 17652K->16338K(19736K), 0.0048266 secs]
[GC 17682K->16370K(19736K), 0.0048618 secs]
[GC 17714K->16402K(19736K), 0.0046171 secs]
[GC 17746K->16433K(19736K), 0.0048576 secs]
[GC 17777K->16460K(19736K), 0.0047126 secs]
[GC 17804K->16489K(19736K), 0.0047168 secs]
[GC 17833K->16518K(19736K), 0.0046405 secs]
[GC 17862K->16548K(19736K), 0.0045961 secs]
[GC 17892K->16577K(19736K), 0.0045643 secs]
[GC 17921K->16603K(19736K), 0.0046397 secs]
[GC 17947K->16632K(19736K), 0.0047805 secs]
[GC 17976K->16663K(19736K), 0.0048241 secs]
[GC 18007K->16693K(19736K), 0.0047520 secs]
[GC 18037K->16724K(19736K), 0.0047646 secs]
[GC 18068K->16755K(19736K), 0.0048199 secs]
[GC 18099K->16786K(19736K), 0.0048283 secs]
[GC 18130K->16818K(19736K), 0.0047704 secs]
[GC 18162K->16849K(19736K), 0.0047822 secs]
[GC 18193K->16875K(19736K), 0.0046690 secs]
[GC 18219K->16904K(19736K), 0.0046053 secs]
[GC 18248K->16932K(19736K), 0.0047604 secs]
[GC 18276K->16963K(19736K), 0.0048023 secs]
[GC 18307K->16995K(19736K), 0.0048132 secs]
[GC 18339K->17025K(19736K), 0.0046556 secs]
[GC 18369K->17054K(19736K), 0.0045299 secs]
[GC 18398K->17081K(19736K), 0.0047478 secs]
[GC 18425K->17109K(19736K), 0.0045416 secs]
[GC 18453K->17138K(19736K), 0.0047612 secs]
[GC 18482K->17169K(19736K), 0.0047989 secs]
[GC 18513K->17201K(19736K), 0.0048199 secs]
[GC 18544K->17232K(19736K), 0.0046715 secs]
[GC 18576K->17263K(19736K), 0.0047663 secs]
[GC 18607K->17295K(19736K), 0.0048182 secs]
[GC 18639K->17321K(19736K), 0.0046799 secs]
[GC 18665K->17351K(19736K), 0.0046338 secs]
[GC 18695K->17380K(19736K), 0.0046715 secs]
[GC 18724K->17410K(19736K), 0.0048023 secs]
[GC 18754K->17440K(19736K), 0.0046196 secs]
[GC 18784K->17471K(19736K), 0.0047520 secs]
[GC 18815K->17504K(19736K), 0.0046984 secs]
[GC 18848K->17531K(19736K), 0.0044972 secs]
[GC 18875K->17559K(19736K), 0.0046020 secs]
[GC 18903K->17588K(19736K), 0.0047554 secs]
[GC 18932K->17619K(19736K), 0.0048149 secs]
[GC 18963K->17649K(19736K), 0.0048350 secs]
[GC 18993K->17680K(19736K), 0.0046280 secs]
[GC 19024K->17711K(19736K), 0.0046003 secs]
[GC 19055K->17741K(19736K), 0.0047336 secs]
[GC 19085K->17774K(19736K), 0.0046523 secs]
[GC 19118K->17803K(19736K), 0.0048216 secs]
[GC 19147K->17835K(19736K), 0.0048467 secs]
[GC 19179K->17867K(19736K), 0.0047118 secs]
[GC 19211K->17893K(19736K), 0.0047344 secs]
[GC 19237K->17923K(19736K), 0.0048291 secs]
[GC 19267K->17953K(19736K), 0.0047654 secs]
[GC 19297K->17983K(19736K), 0.0047319 secs]
[GC 19327K->18013K(19736K), 0.0047889 secs]
[GC 19357K->18044K(19736K), 0.0048258 secs]
[GC 19388K->18075K(19736K), 0.0048140 secs]
[GC 19419K->18107K(19736K), 0.0048115 secs]
[GC 19451K->18137K(19736K), 0.0047587 secs]
[GC 19481K->18168K(19736K), 0.0047931 secs]
[GC 19512K->18199K(19736K), 0.0048199 secs]
[GC 19543K->18231K(19736K), 0.0049146 secs]
[GC 19575K->18262K(19736K), 0.0046397 secs]
[GC 19606K->18291K(19736K), 0.0046179 secs]
[GC 19635K->18318K(19736K), 0.0047537 secs]
[GC 19662K->18347K(19736K), 0.0045894 secs]
[GC 19691K->18376K(19736K), 0.0048065 secs]
[GC 19720K->18405K(19864K), 0.0049490 secs]
[Full GC 18405K->10935K(19864K), 0.1363231 secs]
[GC 12279K->11095K(19736K), 0.0058633 secs]
[GC 12439K->11127K(19736K), 0.0046330 secs]
[GC 12471K->11158K(19736K), 0.0046917 secs]
[GC 12502K->11190K(19736K), 0.0047755 secs]
[GC 12534K->11223K(19736K), 0.0045877 secs]
[GC 12567K->11253K(19736K), 0.0044587 secs]
[GC 12597K->11284K(19736K), 0.0046062 secs]
[GC 12628K->11311K(19736K), 0.0045852 secs]
[GC 12655K->11339K(19736K), 0.0045014 secs]
[GC 12683K->11369K(19736K), 0.0046573 secs]
[GC 12713K->11400K(19736K), 0.0047386 secs]
[GC 12744K->11430K(19736K), 0.0045626 secs]
[GC 12774K->11457K(19736K), 0.0044461 secs]
[GC 12801K->11486K(19736K), 0.0045693 secs]
[GC 12830K->11514K(19736K), 0.0047612 secs]
[GC 12858K->11544K(19736K), 0.0046405 secs]
[GC 12888K->11574K(19736K), 0.0046045 secs]
[GC 12918K->11605K(19736K), 0.0047227 secs]
[GC 12949K->11636K(19736K), 0.0046439 secs]
[GC 12980K->11663K(19736K), 0.0046104 secs]
[GC 13007K->11692K(19736K), 0.0044629 secs]
[GC 13036K->11721K(19736K), 0.0046439 secs]
[GC 13065K->11751K(19736K), 0.0046657 secs]
[GC 13095K->11782K(19736K), 0.0047009 secs]
[GC 13126K->11813K(19736K), 0.0047042 secs]
[GC 13157K->11844K(19736K), 0.0046690 secs]
[GC 13188K->11875K(19736K), 0.0047135 secs]
[GC 13219K->11907K(19736K), 0.0046841 secs]
[GC 13251K->11938K(19736K), 0.0047051 secs]
[GC 13282K->11970K(19736K), 0.0047453 secs]
[GC 13314K->11999K(19736K), 0.0044704 secs]
[GC 13343K->12031K(19736K), 0.0048040 secs]
[GC 13375K->12058K(19736K), 0.0044293 secs]
[GC 13402K->12086K(19736K), 0.0046573 secs]
[GC 13430K->12117K(19736K), 0.0046405 secs]
[GC 13461K->12147K(19736K), 0.0046674 secs]
[GC 13491K->12178K(19736K), 0.0046824 secs]
[GC 13522K->12208K(19736K), 0.0046523 secs]
[GC 13552K->12239K(19736K), 0.0046833 secs]
[GC 13582K->12269K(19736K), 0.0047118 secs]
[GC 13613K->12298K(19736K), 0.0046397 secs]
[GC 13642K->12329K(19736K), 0.0045626 secs]
[GC 13673K->12356K(19736K), 0.0046146 secs]
[GC 13700K->12385K(19736K), 0.0047436 secs]
[GC 13729K->12415K(19736K), 0.0045877 secs]
[GC 13759K->12445K(19736K), 0.0045852 secs]
[GC 13789K->12475K(19736K), 0.0047302 secs]
[GC 13819K->12504K(19736K), 0.0046079 secs]
[GC 13848K->12534K(19736K), 0.0046648 secs]
[GC 13878K->12564K(19736K), 0.0047068 secs]
[GC 13908K->12594K(19736K), 0.0045894 secs]
[GC 13938K->12624K(19736K), 0.0048149 secs]
[GC 13968K->12655K(19736K), 0.0047269 secs]
[GC 13999K->12686K(19736K), 0.0047193 secs]
[GC 14030K->12712K(19736K), 0.0044612 secs]
[GC 14056K->12741K(19736K), 0.0046456 secs]
[GC 14085K->12770K(19736K), 0.0044402 secs]
[GC 14114K->12799K(19736K), 0.0047554 secs]
[GC 14143K->12829K(19736K), 0.0046204 secs]
[GC 14173K->12858K(19736K), 0.0046632 secs]
[GC 14202K->12890K(19736K), 0.0045919 secs]
[GC 14234K->12915K(19736K), 0.0044897 secs]
[GC 14259K->12948K(19736K), 0.0046933 secs]
[GC 14292K->12974K(19736K), 0.0045785 secs]
[GC 14318K->13006K(19736K), 0.0045383 secs]
[GC 14350K->13033K(19736K), 0.0046690 secs]
[GC 14377K->13063K(19736K), 0.0047244 secs]
[GC 14407K->13093K(19736K), 0.0047336 secs]
[GC 14437K->13123K(19736K), 0.0046355 secs]
[GC 14467K->13152K(19736K), 0.0045274 secs]
[GC 14496K->13182K(19736K), 0.0047352 secs]
[GC 14526K->13213K(19736K), 0.0047612 secs]
[GC 14557K->13245K(19736K), 0.0048048 secs]
[GC 14589K->13278K(19736K), 0.0047235 secs]
[GC 14621K->13335K(19736K), 0.0053747 secs]
[GC 14679K->13399K(19736K), 0.0054074 secs]
[GC 14743K->13463K(19736K), 0.0056680 secs]
[GC 14807K->13527K(19736K), 0.0052984 secs]
[GC 14871K->13592K(19736K), 0.0054795 secs]
[GC 14936K->13653K(19736K), 0.0054711 secs]
[GC 14997K->13720K(19736K), 0.0055951 secs]
[GC 15064K->13788K(19736K), 0.0054920 secs]
[GC 15132K->13853K(19736K), 0.0055038 secs]
[GC 15197K->13918K(19736K), 0.0054879 secs]
[GC 15262K->13983K(19736K), 0.0053512 secs]
[GC 15327K->14048K(19736K), 0.0055717 secs]
[GC 15392K->14112K(19736K), 0.0055013 secs]
[GC 15456K->14177K(19736K), 0.0054828 secs]
[GC 15521K->14242K(19736K), 0.0054275 secs]
[GC 15586K->14306K(19736K), 0.0055767 secs]
[GC 15650K->14371K(19736K), 0.0054937 secs]
[GC 15715K->14435K(19736K), 0.0055884 secs]
[GC 15779K->14500K(19736K), 0.0052741 secs]
